Component: ARM Compiler 5.06 update 1 (build 61) Tool: armlink [4d35a8]

==============================================================================

Section Cross References

    startup_stm32f405xx.o(RESET) refers to startup_stm32f405xx.o(STACK) for __initial_sp
    startup_stm32f405xx.o(RESET) refers to startup_stm32f405xx.o(.text) for Reset_Handler
    startup_stm32f405xx.o(RESET) refers to stm32f4xx_it.o(i.NMI_Handler) for NMI_Handler
    startup_stm32f405xx.o(RESET) refers to stm32f4xx_it.o(i.HardFault_Handler) for HardFault_Handler
    startup_stm32f405xx.o(RESET) refers to stm32f4xx_it.o(i.MemManage_Handler) for MemManage_Handler
    startup_stm32f405xx.o(RESET) refers to stm32f4xx_it.o(i.BusFault_Handler) for BusFault_Handler
    startup_stm32f405xx.o(RESET) refers to stm32f4xx_it.o(i.UsageFault_Handler) for UsageFault_Handler
    startup_stm32f405xx.o(RESET) refers to port.o(.emb_text) for SVC_Handler
    startup_stm32f405xx.o(RESET) refers to stm32f4xx_it.o(i.DebugMon_Handler) for DebugMon_Handler
    startup_stm32f405xx.o(RESET) refers to cmsis_os2.o(i.SysTick_Handler) for SysTick_Handler
    startup_stm32f405xx.o(RESET) refers to stm32f4xx_it.o(i.DMA1_Stream1_IRQHandler) for DMA1_Stream1_IRQHandler
    startup_stm32f405xx.o(RESET) refers to stm32f4xx_it.o(i.DMA1_Stream2_IRQHandler) for DMA1_Stream2_IRQHandler
    startup_stm32f405xx.o(RESET) refers to stm32f4xx_it.o(i.DMA1_Stream3_IRQHandler) for DMA1_Stream3_IRQHandler
    startup_stm32f405xx.o(RESET) refers to stm32f4xx_it.o(i.DMA1_Stream4_IRQHandler) for DMA1_Stream4_IRQHandler
    startup_stm32f405xx.o(RESET) refers to stm32f4xx_it.o(i.DMA1_Stream5_IRQHandler) for DMA1_Stream5_IRQHandler
    startup_stm32f405xx.o(RESET) refers to stm32f4xx_it.o(i.DMA1_Stream6_IRQHandler) for DMA1_Stream6_IRQHandler
    startup_stm32f405xx.o(RESET) refers to stm32f4xx_it.o(i.I2C1_EV_IRQHandler) for I2C1_EV_IRQHandler
    startup_stm32f405xx.o(RESET) refers to stm32f4xx_it.o(i.I2C1_ER_IRQHandler) for I2C1_ER_IRQHandler
    startup_stm32f405xx.o(RESET) refers to stm32f4xx_it.o(i.SPI1_IRQHandler) for SPI1_IRQHandler
    startup_stm32f405xx.o(RESET) refers to stm32f4xx_it.o(i.SPI2_IRQHandler) for SPI2_IRQHandler
    startup_stm32f405xx.o(RESET) refers to stm32f4xx_it.o(i.USART1_IRQHandler) for USART1_IRQHandler
    startup_stm32f405xx.o(RESET) refers to stm32f4xx_it.o(i.USART2_IRQHandler) for USART2_IRQHandler
    startup_stm32f405xx.o(RESET) refers to stm32f4xx_it.o(i.USART3_IRQHandler) for USART3_IRQHandler
    startup_stm32f405xx.o(RESET) refers to stm32f4xx_it.o(i.SDIO_IRQHandler) for SDIO_IRQHandler
    startup_stm32f405xx.o(RESET) refers to stm32f4xx_it.o(i.UART4_IRQHandler) for UART4_IRQHandler
    startup_stm32f405xx.o(RESET) refers to stm32f4xx_it.o(i.TIM6_DAC_IRQHandler) for TIM6_DAC_IRQHandler
    startup_stm32f405xx.o(RESET) refers to stm32f4xx_it.o(i.DMA2_Stream1_IRQHandler) for DMA2_Stream1_IRQHandler
    startup_stm32f405xx.o(RESET) refers to stm32f4xx_it.o(i.DMA2_Stream2_IRQHandler) for DMA2_Stream2_IRQHandler
    startup_stm32f405xx.o(RESET) refers to stm32f4xx_it.o(i.DMA2_Stream6_IRQHandler) for DMA2_Stream6_IRQHandler
    startup_stm32f405xx.o(RESET) refers to stm32f4xx_it.o(i.DMA2_Stream7_IRQHandler) for DMA2_Stream7_IRQHandler
    startup_stm32f405xx.o(RESET) refers to stm32f4xx_it.o(i.USART6_IRQHandler) for USART6_IRQHandler
    startup_stm32f405xx.o(.text) refers to system_stm32f4xx.o(i.SystemInit) for SystemInit
    startup_stm32f405xx.o(.text) refers to entry.o(.ARM.Collect$$$$00000000) for __main
    app_control.o(i.drain_valve_off) refers to stm32f4xx_hal_gpio.o(i.HAL_GPIO_WritePin) for HAL_GPIO_WritePin
    app_control.o(i.drain_valve_on) refers to stm32f4xx_hal_gpio.o(i.HAL_GPIO_WritePin) for HAL_GPIO_WritePin
    app_control.o(i.feed_valve_off) refers to stm32f4xx_hal_gpio.o(i.HAL_GPIO_WritePin) for HAL_GPIO_WritePin
    app_control.o(i.feed_valve_on) refers to stm32f4xx_hal_gpio.o(i.HAL_GPIO_WritePin) for HAL_GPIO_WritePin
    app_control.o(i.light_off) refers to stm32f4xx_hal_gpio.o(i.HAL_GPIO_WritePin) for HAL_GPIO_WritePin
    app_control.o(i.light_on) refers to stm32f4xx_hal_gpio.o(i.HAL_GPIO_WritePin) for HAL_GPIO_WritePin
    app_control.o(i.run_led2_off) refers to stm32f4xx_hal_gpio.o(i.HAL_GPIO_WritePin) for HAL_GPIO_WritePin
    app_control.o(i.run_led2_on) refers to stm32f4xx_hal_gpio.o(i.HAL_GPIO_WritePin) for HAL_GPIO_WritePin
    app_control.o(i.run_led_off) refers to stm32f4xx_hal_gpio.o(i.HAL_GPIO_WritePin) for HAL_GPIO_WritePin
    app_control.o(i.run_led_on) refers to stm32f4xx_hal_gpio.o(i.HAL_GPIO_WritePin) for HAL_GPIO_WritePin
    app_control.o(i.step_motor_control) refers to stm32f4xx_hal_gpio.o(i.HAL_GPIO_WritePin) for HAL_GPIO_WritePin
    app_control.o(i.step_motor_control) refers to stm32f4xx_hal_tim.o(i.HAL_TIM_PWM_Start) for HAL_TIM_PWM_Start
    app_control.o(i.step_motor_control) refers to stm32f4xx_hal_tim.o(i.HAL_TIM_PWM_Stop) for HAL_TIM_PWM_Stop
[...]
    .bss                                     0x200001c4   Section      132  sdio.o(.bss)
    .bss                                     0x20000248   Section      176  spi.o(.bss)
    .bss                                     0x200002f8   Section      288  tim.o(.bss)
    .bss                                     0x20000418   Section     2472  usart.o(.bss)
    .bss                                     0x20000dc0   Section     1024  usart.o(.bss)
    .bss                                     0x200011c0   Section       72  stm32f4xx_hal_timebase_tim.o(.bss)
    .bss                                     0x20001208   Section       64  queue.o(.bss)
    .bss                                     0x20001248   Section     1220  tasks.o(.bss)
    pxReadyTasksLists                        0x20001248   Data        1120  tasks.o(.bss)
    xDelayedTaskList1                        0x200016a8   Data          20  tasks.o(.bss)
    xDelayedTaskList2                        0x200016bc   Data          20  tasks.o(.bss)
    xPendingReadyList                        0x200016d0   Data          20  tasks.o(.bss)
    xTasksWaitingTermination                 0x200016e4   Data          20  tasks.o(.bss)
    xSuspendedTaskList                       0x200016f8   Data          20  tasks.o(.bss)
    .bss                                     0x2000170c   Section      280  timers.o(.bss)
    xStaticTimerQueue                        0x2000170c   Data          80  timers.o(.bss)
    ucStaticTimerQueueStorage                0x2000175c   Data         160  timers.o(.bss)
    xActiveTimerList1                        0x200017fc   Data          20  timers.o(.bss)
    xActiveTimerList2                        0x20001810   Data          20  timers.o(.bss)
    .bss                                     0x20001824   Section     1720  cmsis_os2.o(.bss)
    Idle_TCB                                 0x20001824   Data          92  cmsis_os2.o(.bss)
    Idle_Stack                               0x20001880   Data         512  cmsis_os2.o(.bss)
    Timer_TCB                                0x20001a80   Data          92  cmsis_os2.o(.bss)
    Timer_Stack                              0x20001adc   Data        1024  cmsis_os2.o(.bss)
    .bss                                     0x20001edc   Section    15360  heap_4.o(.bss)
    ucHeap                                   0x20001edc   Data       15360  heap_4.o(.bss)
    STACK                                    0x20005ae0   Section     1024  startup_stm32f405xx.o(STACK)

    Global Symbols

    Symbol Name                              Value     Ov Type        Size  Object(Section)

    BuildAttributes$$THM_ISAv4$E$P$D$K$B$S$7EM$VFPi3$EXTD16$VFPS$VFMA$PE$A:L22UL41UL21$X:L11$S22US41US21$IEEE1$IW$USESV6$~STKCKD$USESV7$~SHL$OSPACE$ROPI$EBA8$MICROLIB$REQ8$PRES8$EABIv2 0x00000000   Number         0  anon$$obj.o ABSOLUTE
    __ARM_use_no_argv                        0x00000000   Number         0  main.o ABSOLUTE
    _printf_a                                0x00000000   Number         0  stubs.o ABSOLUTE
    _printf_c                                0x00000000   Number         0  stubs.o ABSOLUTE
    _printf_charcount                        0x00000000   Number         0  stubs.o ABSOLUTE
    _printf_d                                0x00000000   Number         0  stubs.o ABSOLUTE
    _printf_e                                0x00000000   Number         0  stubs.o ABSOLUTE
    _printf_f                                0x00000000   Number         0  stubs.o ABSOLUTE
    _printf_flags                            0x00000000   Number         0  stubs.o ABSOLUTE
    _printf_fp_dec                           0x00000000   Number         0  stubs.o ABSOLUTE
    _printf_fp_hex                           0x00000000   Number         0  stubs.o ABSOLUTE
    _printf_g                                0x00000000   Number         0  stubs.o ABSOLUTE
    _printf_i                                0x00000000   Number         0  stubs.o ABSOLUTE
    _printf_int_dec                          0x00000000   Number         0  stubs.o ABSOLUTE
    _printf_l                                0x00000000   Number         0  stubs.o ABSOLUTE
    _printf_lc                               0x00000000   Number         0  stubs.o ABSOLUTE
    _printf_ll                               0x00000000   Number         0  stubs.o ABSOLUTE
    _printf_lld                              0x00000000   Number         0  stubs.o ABSOLUTE
    _printf_lli                              0x00000000   Number         0  stubs.o ABSOLUTE
    _printf_llo                              0x00000000   Number         0  stubs.o ABSOLUTE
    _printf_llu                              0x00000000   Number         0  stubs.o ABSOLUTE
    _printf_llx                              0x00000000   Number         0  stubs.o ABSOLUTE
    _printf_longlong_dec                     0x00000000   Number         0  stubs.o ABSOLUTE
    _printf_longlong_hex                     0x00000000   Number         0  stubs.o ABSOLUTE
    _printf_longlong_oct                     0x00000000   Number         0  stubs.o ABSOLUTE
    _printf_ls                               0x00000000   Number         0  stubs.o ABSOLUTE
    _printf_mbtowc                           0x00000000   Number         0  stubs.o ABSOLUTE
    _printf_n                                0x00000000   Number         0  stubs.o ABSOLUTE
    _printf_o                                0x00000000   Number         0  stubs.o ABSOLUTE
    _printf_p                                0x00000000   Number         0  stubs.o ABSOLUTE
    _printf_percent                          0x00000000   Number         0  stubs.o ABSOLUTE
    _printf_pre_padding                      0x00000000   Number         0  stubs.o ABSOLUTE
    _printf_return_value                     0x00000000   Number         0  stubs.o ABSOLUTE
    _printf_s                                0x00000000   Number         0  stubs.o ABSOLUTE
    _printf_sizespec                         0x00000000   Number         0  stubs.o ABSOLUTE
    _printf_str                              0x00000000   Number         0  stubs.o ABSOLUTE
    _printf_truncate_signed                  0x00000000   Number         0  stubs.o ABSOLUTE
    _printf_truncate_unsigned                0x00000000   Number         0  stubs.o ABSOLUTE
    _printf_u                                0x00000000   Number         0  stubs.o ABSOLUTE
    _printf_wc                               0x00000000   Number         0  stubs.o ABSOLUTE
    _printf_wctomb                           0x00000000   Number         0  stubs.o ABSOLUTE
    _printf_widthprec                        0x00000000   Number         0  stubs.o ABSOLUTE
    _printf_x                                0x00000000   Number         0  stubs.o ABSOLUTE
    __cpp_initialize__aeabi_                  - Undefined Weak Reference
    __cxa_finalize                            - Undefined Weak Reference
    __decompress                              - Undefined Weak Reference
    _clock_init                               - Undefined Weak Reference
    _microlib_exit                            - Undefined Weak Reference
    __Vectors_Size                           0x00000188   Number         0  startup_stm32f405xx.o ABSOLUTE
    __Vectors                                0x08000000   Data           4  startup_stm32f405xx.o(RESET)
    __Vectors_End                            0x08000188   Data           0  startup_stm32f405xx.o(RESET)
    __main                                   0x08000189   Thumb Code     0  entry.o(.ARM.Collect$$$$00000000)
    _main_stk                                0x08000189   Thumb Code     0  entry2.o(.ARM.Collect$$$$00000001)
    _main_scatterload                        0x0800018d   Thumb Code     0  entry5.o(.ARM.Collect$$$$00000004)
    __main_after_scatterload                 0x08000191   Thumb Code     0  entry5.o(.ARM.Collect$$$$00000004)
    _main_clock                              0x08000191   Thumb Code     0  entry7b.o(.ARM.Collect$$$$00000008)
    _main_cpp_init                           0x08000191   Thumb Code     0  entry8b.o(.ARM.Collect$$$$0000000A)
    _main_init                               0x08000191   Thumb Code     0  entry9a.o(.ARM.Collect$$$$0000000B)
    __rt_final_cpp                           0x08000199   Thumb Code     0  entry10a.o(.ARM.Collect$$$$0000000D)
    __rt_final_exit                          0x08000199   Thumb Code     0  entry11a.o(.ARM.Collect$$$$0000000F)
    SVC_Handler                              0x0800019d   Thumb Code    28  port.o(.emb_text)
    __asm___6_port_c_39a90d8d__prvStartFirstTask 0x080001bd   Thumb Code    36  port.o(.emb_text)
    __asm___6_port_c_39a90d8d__prvEnableVFP  0x080001e5   Thumb Code    16  port.o(.emb_text)
    PendSV_Handler                           0x080001f9   Thumb Code    88  port.o(.emb_text)
    vPortGetIPSR                             0x08000255   Thumb Code     6  port.o(.emb_text)
    Reset_Handler                            0x0800025d   Thumb Code     8  startup_stm32f405xx.o(.text)
    ADC_IRQHandler                           0x08000277   Thumb Code     0  startup_stm32f405xx.o(.text)
    CAN1_RX0_IRQHandler                      0x08000277   Thumb Code     0  startup_stm32f405xx.o(.text)
    CAN1_RX1_IRQHandler                      0x08000277   Thumb Code     0  startup_stm32f405xx.o(.text)
    CAN1_SCE_IRQHandler                      0x08000277   Thumb Code     0  startup_stm32f405xx.o(.text)
    CAN1_TX_IRQHandler                       0x08000277   Thumb Code     0  startup_stm32f405xx.o(.text)
    CAN2_RX0_IRQHandler                      0x08000277   Thumb Code     0  startup_stm32f405xx.o(.text)
    CAN2_RX1_IRQHandler                      0x08000277   Thumb Code     0  startup_stm32f405xx.o(.text)
    CAN2_SCE_IRQHandler                      0x08000277   Thumb Code     0  startup_stm32f405xx.o(.text)
    CAN2_TX_IRQHandler                       0x08000277   Thumb Code     0  startup_stm32f405xx.o(.text)
    DMA1_Stream0_IRQHandler                  0x08000277   Thumb Code     0  startup_stm32f405xx.o(.text)
    DMA1_Stream7_IRQHandler                  0x08000277   Thumb Code     0  startup_stm32f405xx.o(.text)
    DMA2_Stream0_IRQHandler                  0x08000277   Thumb Code     0  startup_stm32f405xx.o(.text)
    DMA2_Stream3_IRQHandler                  0x08000277   Thumb Code     0  startup_stm32f405xx.o(.text)
    DMA2_Stream4_IRQHandler                  0x08000277   Thumb Code     0  startup_stm32f405xx.o(.text)
    DMA2_Stream5_IRQHandler                  0x08000277   Thumb Code     0  startup_stm32f405xx.o(.text)
    EXTI0_IRQHandler                         0x08000277   Thumb Code     0  startup_stm32f405xx.o(.text)
    EXTI15_10_IRQHandler                     0x08000277   Thumb Code     0  startup_stm32f405xx.o(.text)
    EXTI1_IRQHandler                         0x08000277   Thumb Code     0  startup_stm32f405xx.o(.text)
    EXTI2_IRQHandler                         0x08000277   Thumb Code     0  startup_stm32f405xx.o(.text)
    EXTI3_IRQHandler                         0x08000277   Thumb Code     0  startup_stm32f405xx.o(.text)
    EXTI4_IRQHandler                         0x08000277   Thumb Code     0  startup_stm32f405xx.o(.text)
    EXTI9_5_IRQHandler                       0x08000277   Thumb Code     0  startup_stm32f405xx.o(.text)
    FLASH_IRQHandler                         0x08000277   Thumb Code     0  startup_stm32f405xx.o(.text)
    FMC_IRQHandler                           0x08000277   Thumb Code     0  startup_stm32f405xx.o(.text)
    FPU_IRQHandler                           0x08000277   Thumb Code     0  startup_stm32f405xx.o(.text)
    HASH_RNG_IRQHandler                      0x08000277   Thumb Code     0  startup_stm32f405xx.o(.text)
    I2C2_ER_IRQHandler                       0x08000277   Thumb Code     0  startup_stm32f405xx.o(.text)
    I2C2_EV_IRQHandler                       0x08000277   Thumb Code     0  startup_stm32f405xx.o(.text)
    I2C3_ER_IRQHandler                       0x08000277   Thumb Code     0  startup_stm32f405xx.o(.text)
    I2C3_EV_IRQHandler                       0x08000277   Thumb Code     0  startup_stm32f405xx.o(.text)
    OTG_FS_IRQHandler                        0x08000277   Thumb Code     0  startup_stm32f405xx.o(.text)
    OTG_FS_WKUP_IRQHandler                   0x08000277   Thumb Code     0  startup_stm32f405xx.o(.text)
    OTG_HS_EP1_IN_IRQHandler                 0x08000277   Thumb Code     0  startup_stm32f405xx.o(.text)
    OTG_HS_EP1_OUT_IRQHandler                0x08000277   Thumb Code     0  startup_stm32f405xx.o(.text)
    OTG_HS_IRQHandler                        0x08000277   Thumb Code     0  startup_stm32f405xx.o(.text)
    OTG_HS_WKUP_IRQHandler                   0x08000277   Thumb Code     0  startup_stm32f405xx.o(.text)
    PVD_IRQHandler                           0x08000277   Thumb Code     0  startup_stm32f405xx.o(.text)
    RCC_IRQHandler                           0x08000277   Thumb Code     0  startup_stm32f405xx.o(.text)
    RTC_Alarm_IRQHandler                     0x08000277   Thumb Code     0  startup_stm32f405xx.o(.text)
    RTC_WKUP_IRQHandler                      0x08000277   Thumb Code     0  startup_stm32f405xx.o(.text)
    SPI3_IRQHandler                          0x08000277   Thumb Code     0  startup_stm32f405xx.o(.text)
    TAMP_STAMP_IRQHandler                    0x08000277   Thumb Code     0  startup_stm32f405xx.o(.text)
    TIM1_BRK_TIM9_IRQHandler                 0x08000277   Thumb Code     0  startup_stm32f405xx.o(.text)
    TIM1_CC_IRQHandler                       0x08000277   Thumb Code     0  startup_stm32f405xx.o(.text)
    TIM1_TRG_COM_TIM11_IRQHandler            0x08000277   Thumb Code     0  startup_stm32f405xx.o(.text)
    TIM1_UP_TIM10_IRQHandler                 0x08000277   Thumb Code     0  startup_stm32f405xx.o(.text)
    TIM2_IRQHandler                          0x08000277   Thumb Code     0  startup_stm32f405xx.o(.text)
    TIM3_IRQHandler                          0x08000277   Thumb Code     0  startup_stm32f405xx.o(.text)
    TIM4_IRQHandler                          0x08000277   Thumb Code     0  startup_stm32f405xx.o(.text)
    TIM5_IRQHandler                          0x08000277   Thumb Code     0  startup_stm32f405xx.o(.text)
    TIM7_IRQHandler                          0x08000277   Thumb Code     0  startup_stm32f405xx.o(.text)
    TIM8_BRK_TIM12_IRQHandler                0x08000277   Thumb Code     0  startup_stm32f405xx.o(.text)
    TIM8_CC_IRQHandler                       0x08000277   Thumb Code     0  startup_stm32f405xx.o(.text)
    TIM8_TRG_COM_TIM14_IRQHandler            0x08000277   Thumb Code     0  startup_stm32f405xx.o(.text)
    TIM8_UP_TIM13_IRQHandler                 0x08000277   Thumb Code     0  startup_stm32f405xx.o(.text)
    UART5_IRQHandler                         0x08000277   Thumb Code     0  startup_stm32f405xx.o(.text)
    WWDG_IRQHandler                          0x08000277   Thumb Code     0  startup_stm32f405xx.o(.text)
    __aeabi_uldivmod                         0x08000281   Thumb Code    98  uldiv.o(.text)
    __aeabi_memcpy                           0x080002e3   Thumb Code    36  memcpya.o(.text)
    __aeabi_memcpy4                          0x080002e3   Thumb Code     0  memcpya.o(.text)
    __aeabi_memcpy8                          0x080002e3   Thumb Code     0  memcpya.o(.text)
    __aeabi_memset                           0x08000307   Thumb Code    14  memseta.o(.text)
    __aeabi_memset4                          0x08000307   Thumb Code     0  memseta.o(.text)
    __aeabi_memset8                          0x08000307   Thumb Code     0  memseta.o(.text)
    __aeabi_memclr                           0x08000315   Thumb Code     4  memseta.o(.text)
    __aeabi_memclr4                          0x08000315   Thumb Code     0  memseta.o(.text)
    __aeabi_memclr8                          0x08000315   Thumb Code     0  memseta.o(.text)
    memset                                   0x08000319   Thumb Code    18  memseta.o(.text)
    __aeabi_ddiv                             0x0800032b   Thumb Code   222  ddiv.o(.text)
    __aeabi_ui2d                             0x08000409   Thumb Code    26  dfltui.o(.text)
    __aeabi_f2d                              0x08000423   Thumb Code    38  f2d.o(.text)
    __aeabi_uidiv                            0x08000449   Thumb Code     0  uidiv.o(.text)
    __aeabi_uidivmod                         0x08000449   Thumb Code    44  uidiv.o(.text)
    __aeabi_llsl                             0x08000475   Thumb Code    30  llshl.o(.text)
    _ll_shift_l                              0x08000475   Thumb Code     0  llshl.o(.text)
    __aeabi_llsr                             0x08000493   Thumb Code    32  llushr.o(.text)
    _ll_ushift_r                             0x08000493   Thumb Code     0  llushr.o(.text)
    __I$use$fp                               0x080004b3   Thumb Code     0  iusefp.o(.text)
    _double_round                            0x080004b3   Thumb Code    30  depilogue.o(.text)
    _double_epilogue                         0x080004d1   Thumb Code   156  depilogue.o(.text)
    __aeabi_dadd                             0x0800056d   Thumb Code   322  dadd.o(.text)
    __aeabi_dsub                             0x080006af   Thumb Code     6  dadd.o(.text)
    __aeabi_drsub                            0x080006b5   Thumb Code     6  dadd.o(.text)
    __aeabi_dmul                             0x080006bb   Thumb Code   228  dmul.o(.text)
    __aeabi_d2ulz                            0x0800079f   Thumb Code    48  dfixul.o(.text)
    __aeabi_cdrcmple                         0x080007d1   Thumb Code    48  cdrcmple.o(.text)
    __scatterload                            0x08000801   Thumb Code    28  init.o(.text)
    __scatterload_rt2                        0x08000801   Thumb Code     0  init.o(.text)
    __aeabi_lasr                             0x08000825   Thumb Code    36  llsshr.o(.text)
    _ll_sshift_r                             0x08000825   Thumb Code     0  llsshr.o(.text)
    BusFault_Handler                         0x08000849   Thumb Code     2  stm32f4xx_it.o(i.BusFault_Handler)
    DMA1_Stream1_IRQHandler                  0x0800084d   Thumb Code     6  stm32f4xx_it.o(i.DMA1_Stream1_IRQHandler)
    DMA1_Stream2_IRQHandler                  0x08000859   Thumb Code     6  stm32f4xx_it.o(i.DMA1_Stream2_IRQHandler)
    DMA1_Stream3_IRQHandler                  0x08000865   Thumb Code     6  stm32f4xx_it.o(i.DMA1_Stream3_IRQHandler)
    DMA1_Stream4_IRQHandler                  0x08000871   Thumb Code     6  stm32f4xx_it.o(i.DMA1_Stream4_IRQHandler)
    DMA1_Stream5_IRQHandler                  0x0800087d   Thumb Code     6  stm32f4xx_it.o(i.DMA1_Stream5_IRQHandler)
    DMA1_Stream6_IRQHandler                  0x08000889   Thumb Code     6  stm32f4xx_it.o(i.DMA1_Stream6_IRQHandler)
    DMA2_Stream1_IRQHandler                  0x08000895   Thumb Code     6  stm32f4xx_it.o(i.DMA2_Stream1_IRQHandler)
    DMA2_Stream2_IRQHandler                  0x080008a1   Thumb Code     6  stm32f4xx_it.o(i.DMA2_Stream2_IRQHandler)
    DMA2_Stream6_IRQHandler                  0x080008ad   Thumb Code     6  stm32f4xx_it.o(i.DMA2_Stream6_IRQHandler)
    DMA2_Stream7_IRQHandler                  0x080008b9   Thumb Code     6  stm32f4xx_it.o(i.DMA2_Stream7_IRQHandler)
    DebugMon_Handler                         0x08000969   Thumb Code     2  stm32f4xx_it.o(i.DebugMon_Handler)
    Error_Handler                            0x0800096b   Thumb Code     4  main.o(i.Error_Handler)
    HAL_DMA_Abort                            0x0800096f   Thumb Code   146  stm32f4xx_hal_dma.o(i.HAL_DMA_Abort)
    HAL_DMA_Abort_IT                         0x08000a01   Thumb Code    36  stm32f4xx_hal_dma.o(i.HAL_DMA_Abort_IT)
    HAL_DMA_GetState                         0x08000a25   Thumb Code     6  stm32f4xx_hal_dma.o(i.HAL_DMA_GetState)
    HAL_DMA_IRQHandler                       0x08000a2d   Thumb Code   412  stm32f4xx_hal_dma.o(i.HAL_DMA_IRQHandler)
    HAL_DMA_Init                             0x08000bcd   Thumb Code   206  stm32f4xx_hal_dma.o(i.HAL_DMA_Init)
    HAL_DMA_Start_IT                         0x08000ca1   Thumb Code   110  stm32f4xx_hal_dma.o(i.HAL_DMA_Start_IT)
    HAL_Delay                                0x08000d11   Thumb Code    32  stm32f4xx_hal.o(i.HAL_Delay)
    HAL_GPIO_Init                            0x08000d35   Thumb Code   450  stm32f4xx_hal_gpio.o(i.HAL_GPIO_Init)
    HAL_GPIO_WritePin                        0x08000f25   Thumb Code    10  stm32f4xx_hal_gpio.o(i.HAL_GPIO_WritePin)
    HAL_GetTick                              0x08000f31   Thumb Code     6  stm32f4xx_hal.o(i.HAL_GetTick)
    HAL_I2C_AbortCpltCallback                0x08000f3d   Thumb Code     2  stm32f4xx_hal_i2c.o(i.HAL_I2C_AbortCpltCallback)
    HAL_I2C_AddrCallback                     0x08000f3f   Thumb Code     2  stm32f4xx_hal_i2c.o(i.HAL_I2C_AddrCallback)
    HAL_I2C_ER_IRQHandler                    0x08000f41   Thumb Code   186  stm32f4xx_hal_i2c.o(i.HAL_I2C_ER_IRQHandler)
    HAL_I2C_EV_IRQHandler                    0x08000ffb   Thumb Code   560  stm32f4xx_hal_i2c.o(i.HAL_I2C_EV_IRQHandler)
    HAL_I2C_ErrorCallback                    0x0800122b   Thumb Code     2  stm32f4xx_hal_i2c.o(i.HAL_I2C_ErrorCallback)
    HAL_I2C_Init                             0x0800122d   Thumb Code   376  stm32f4xx_hal_i2c.o(i.HAL_I2C_Init)
    HAL_I2C_ListenCpltCallback               0x080013b5   Thumb Code     2  stm32f4xx_hal_i2c.o(i.HAL_I2C_ListenCpltCallback)
    HAL_I2C_MasterRxCpltCallback             0x080013b7   Thumb Code     2  stm32f4xx_hal_i2c.o(i.HAL_I2C_MasterRxCpltCallback)
    HAL_I2C_MasterTxCpltCallback             0x080013b9   Thumb Code     2  stm32f4xx_hal_i2c.o(i.HAL_I2C_MasterTxCpltCallback)
    HAL_I2C_MemRxCpltCallback                0x080013bb   Thumb Code     2  stm32f4xx_hal_i2c.o(i.HAL_I2C_MemRxCpltCallback)
    HAL_I2C_MemTxCpltCallback                0x080013bd   Thumb Code     2  stm32f4xx_hal_i2c.o(i.HAL_I2C_MemTxCpltCallback)
    HAL_I2C_MspInit                          0x080013c1   Thumb Code   124  i2c.o(i.HAL_I2C_MspInit)
    HAL_I2C_SlaveRxCpltCallback              0x08001449   Thumb Code     2  stm32f4xx_hal_i2c.o(i.HAL_I2C_SlaveRxCpltCallback)
    HAL_I2C_SlaveTxCpltCallback              0x0800144b   Thumb Code     2  stm32f4xx_hal_i2c.o(i.HAL_I2C_SlaveTxCpltCallback)
    HAL_IWDG_Refresh                         0x0800144d   Thumb Code    12  stm32f4xx_hal_iwdg.o(i.HAL_IWDG_Refresh)
    HAL_IncTick                              0x08001459   Thumb Code    12  stm32f4xx_hal.o(i.HAL_IncTick)
    HAL_Init                                 0x08001469   Thumb Code    48  stm32f4xx_hal.o(i.HAL_Init)
    HAL_InitTick                             0x0800149d   Thumb Code   132  stm32f4xx_hal_timebase_tim.o(i.HAL_InitTick)
    HAL_MspInit                              0x08001535   Thumb Code    52  stm32f4xx_hal_msp.o(i.HAL_MspInit)
    HAL_NVIC_EnableIRQ                       0x0800156d   Thumb Code    26  stm32f4xx_hal_cortex.o(i.HAL_NVIC_EnableIRQ)
    HAL_NVIC_SetPriority                     0x08001589   Thumb Code    60  stm32f4xx_hal_cortex.o(i.HAL_NVIC_SetPriority)
    HAL_NVIC_SetPriorityGrouping             0x080015c9   Thumb Code    26  stm32f4xx_hal_cortex.o(i.HAL_NVIC_SetPriorityGrouping)
    HAL_RCC_ClockConfig                      0x080015ed   Thumb Code   288  stm32f4xx_hal_rcc.o(i.HAL_RCC_ClockConfig)
    HAL_RCC_GetClockConfig                   0x08001721   Thumb Code    54  stm32f4xx_hal_rcc.o(i.HAL_RCC_GetClockConfig)
    HAL_RCC_GetPCLK1Freq                     0x08001761   Thumb Code    20  stm32f4xx_hal_rcc.o(i.HAL_RCC_GetPCLK1Freq)
    HAL_RCC_GetPCLK2Freq                     0x08001781   Thumb Code    20  stm32f4xx_hal_rcc.o(i.HAL_RCC_GetPCLK2Freq)
    HAL_RCC_GetSysClockFreq                  0x080017a1   Thumb Code    88  stm32f4xx_hal_rcc.o(i.HAL_RCC_GetSysClockFreq)
    HAL_RCC_OscConfig                        0x08001801   Thumb Code   856  stm32f4xx_hal_rcc.o(i.HAL_RCC_OscConfig)
    HAL_SD_AbortCallback                     0x08001b6d   Thumb Code     2  stm32f4xx_hal_sd.o(i.HAL_SD_AbortCallback)
    HAL_SD_ErrorCallback                     0x08001b6f   Thumb Code     2  stm32f4xx_hal_sd.o(i.HAL_SD_ErrorCallback)
    HAL_SD_GetCardState                      0x08001b71   Thumb Code    44  stm32f4xx_hal_sd.o(i.HAL_SD_GetCardState)
    HAL_SD_IRQHandler                        0x08001b9d   Thumb Code   512  stm32f4xx_hal_sd.o(i.HAL_SD_IRQHandler)
    HAL_SD_RxCpltCallback                    0x08001da5   Thumb Code     2  stm32f4xx_hal_sd.o(i.HAL_SD_RxCpltCallback)
    HAL_SD_TxCpltCallback                    0x08001da7   Thumb Code     2  stm32f4xx_hal_sd.o(i.HAL_SD_TxCpltCallback)
    HAL_SPI_ErrorCallback                    0x08001da9   Thumb Code     2  stm32f4xx_hal_spi.o(i.HAL_SPI_ErrorCallback)
    HAL_SPI_IRQHandler                       0x08001dad   Thumb Code   246  stm32f4xx_hal_spi.o(i.HAL_SPI_IRQHandler)
    HAL_SPI_Init                             0x08001ea9   Thumb Code   188  stm32f4xx_hal_spi.o(i.HAL_SPI_Init)
    HAL_SPI_MspInit                          0x08001f65   Thumb Code   230  spi.o(i.HAL_SPI_MspInit)
    HAL_TIMEx_BreakCallback                  0x08002061   Thumb Code     2  stm32f4xx_hal_tim_ex.o(i.HAL_TIMEx_BreakCallback)
    HAL_TIMEx_CommutCallback                 0x08002063   Thumb Code     2  stm32f4xx_hal_tim_ex.o(i.HAL_TIMEx_CommutCallback)
    HAL_TIMEx_MasterConfigSynchronization    0x08002065   Thumb Code   116  stm32f4xx_hal_tim_ex.o(i.HAL_TIMEx_MasterConfigSynchronization)
    HAL_TIM_Base_Init                        0x080020f5   Thumb Code    90  stm32f4xx_hal_tim.o(i.HAL_TIM_Base_Init)
    HAL_TIM_Base_MspInit                     0x08002151   Thumb Code    86  tim.o(i.HAL_TIM_Base_MspInit)
    HAL_TIM_Base_Start_IT                    0x080021b9   Thumb Code   100  stm32f4xx_hal_tim.o(i.HAL_TIM_Base_Start_IT)
    HAL_TIM_ConfigClockSource                0x08002239   Thumb Code   220  stm32f4xx_hal_tim.o(i.HAL_TIM_ConfigClockSource)
    HAL_TIM_IC_CaptureCallback               0x08002315   Thumb Code     2  stm32f4xx_hal_tim.o(i.HAL_TIM_IC_CaptureCallback)
    HAL_TIM_IRQHandler                       0x08002317   Thumb Code   304  stm32f4xx_hal_tim.o(i.HAL_TIM_IRQHandler)
    HAL_TIM_MspPostInit                      0x08002449   Thumb Code   182  tim.o(i.HAL_TIM_MspPostInit)
    HAL_TIM_OC_DelayElapsedCallback          0x0800251d   Thumb Code     2  stm32f4xx_hal_tim.o(i.HAL_TIM_OC_DelayElapsedCallback)
    HAL_TIM_PWM_ConfigChannel                0x0800251f   Thumb Code   204  stm32f4xx_hal_tim.o(i.HAL_TIM_PWM_ConfigChannel)
    HAL_TIM_PWM_Init                         0x080025eb   Thumb Code    90  stm32f4xx_hal_tim.o(i.HAL_TIM_PWM_Init)
    HAL_TIM_PWM_MspInit                      0x08002645   Thumb Code     2  stm32f4xx_hal_tim.o(i.HAL_TIM_PWM_MspInit)
    HAL_TIM_PWM_PulseFinishedCallback        0x08002647   Thumb Code     2  stm32f4xx_hal_tim.o(i.HAL_TIM_PWM_PulseFinishedCallback)
    HAL_TIM_PWM_Start                        0x08002649   Thumb Code   172  stm32f4xx_hal_tim.o(i.HAL_TIM_PWM_Start)
    HAL_TIM_PWM_Stop                         0x08002711   Thumb Code   114  stm32f4xx_hal_tim.o(i.HAL_TIM_PWM_Stop)
    HAL_TIM_PeriodElapsedCallback            0x0800278d   Thumb Code    14  main.o(i.HAL_TIM_PeriodElapsedCallback)
    HAL_TIM_TriggerCallback                  0x080027a1   Thumb Code     2  stm32f4xx_hal_tim.o(i.HAL_TIM_TriggerCallback)
    HAL_UARTEx_RxEventCallback               0x080027a3   Thumb Code     2  stm32f4xx_hal_uart.o(i.HAL_UARTEx_RxEventCallback)
    HAL_UART_DMAStop                         0x080027a5   Thumb Code   112  stm32f4xx_hal_uart.o(i.HAL_UART_DMAStop)
    HAL_UART_ErrorCallback                   0x08002815   Thumb Code     2  stm32f4xx_hal_uart.o(i.HAL_UART_ErrorCallback)
    HAL_UART_IRQHandler                      0x08002819   Thumb Code   636  stm32f4xx_hal_uart.o(i.HAL_UART_IRQHandler)
    HAL_UART_Init                            0x08002a99   Thumb Code   100  stm32f4xx_hal_uart.o(i.HAL_UART_Init)
    HAL_UART_MspInit                         0x08002afd   Thumb Code   944  usart.o(i.HAL_UART_MspInit)
    HAL_UART_Receive_DMA                     0x08002ee9   Thumb Code    28  stm32f4xx_hal_uart.o(i.HAL_UART_Receive_DMA)
    HAL_UART_RxCpltCallback                  0x08002f05   Thumb Code     2  stm32f4xx_hal_uart.o(i.HAL_UART_RxCpltCallback)
    HAL_UART_RxHalfCpltCallback              0x08002f07   Thumb Code     2  stm32f4xx_hal_uart.o(i.HAL_UART_RxHalfCpltCallback)
    HAL_UART_Transmit                        0x08002f09   Thumb Code   160  stm32f4xx_hal_uart.o(i.HAL_UART_Transmit)
    HAL_UART_Transmit_DMA                    0x08002fa9   Thumb Code   120  stm32f4xx_hal_uart.o(i.HAL_UART_Transmit_DMA)
    HAL_UART_TxCpltCallback                  0x0800302d   Thumb Code     2  stm32f4xx_hal_uart.o(i.HAL_UART_TxCpltCallback)
    HAL_UART_TxHalfCpltCallback              0x0800302f   Thumb Code     2  stm32f4xx_hal_uart.o(i.HAL_UART_TxHalfCpltCallback)
    HardFault_Handler                        0x08003031   Thumb Code     2  stm32f4xx_it.o(i.HardFault_Handler)
    I2C1_ER_IRQHandler                       0x08003035   Thumb Code     6  stm32f4xx_it.o(i.I2C1_ER_IRQHandler)
    I2C1_EV_IRQHandler                       0x08003041   Thumb Code     6  stm32f4xx_it.o(i.I2C1_EV_IRQHandler)
    MX_DMA_Init                              0x080039fd   Thumb Code   200  dma.o(i.MX_DMA_Init)
    MX_FREERTOS_Init                         0x08003ac9   Thumb Code    26  freertos.o(i.MX_FREERTOS_Init)
    MX_GPIO_Init                             0x08003af1   Thumb Code   322  gpio.o(i.MX_GPIO_Init)
    MX_I2C1_Init                             0x08003c49   Thumb Code    50  i2c.o(i.MX_I2C1_Init)
    MX_SPI1_Init                             0x08003c89   Thumb Code    60  spi.o(i.MX_SPI1_Init)
    MX_SPI2_Init                             0x08003ccd   Thumb Code    60  spi.o(i.MX_SPI2_Init)
    MX_UART4_Init                            0x08003d11   Thumb Code    48  usart.o(i.MX_UART4_Init)
    MX_USART1_UART_Init                      0x08003d49   Thumb Code    48  usart.o(i.MX_USART1_UART_Init)
    MX_USART2_UART_Init                      0x08003d81   Thumb Code    48  usart.o(i.MX_USART2_UART_Init)
    MX_USART3_UART_Init                      0x08003db9   Thumb Code    48  usart.o(i.MX_USART3_UART_Init)
    MX_USART6_UART_Init                      0x08003df1   Thumb Code    48  usart.o(i.MX_USART6_UART_Init)
    MemManage_Handler                        0x08003e29   Thumb Code     2  stm32f4xx_it.o(i.MemManage_Handler)
    NMI_Handler                              0x08003e2b   Thumb Code     2  stm32f4xx_it.o(i.NMI_Handler)
    SDIO_GetResponse                         0x08003e2d   Thumb Code     6  stm32f4xx_ll_sdmmc.o(i.SDIO_GetResponse)
    SDIO_IRQHandler                          0x08003e35   Thumb Code     6  stm32f4xx_it.o(i.SDIO_IRQHandler)
    SDIO_ReadFIFO                            0x08003e41   Thumb Code     6  stm32f4xx_ll_sdmmc.o(i.SDIO_ReadFIFO)
    SDIO_SendCommand                         0x08003e47   Thumb Code    32  stm32f4xx_ll_sdmmc.o(i.SDIO_SendCommand)
    SDIO_WriteFIFO                           0x08003e67   Thumb Code    10  stm32f4xx_ll_sdmmc.o(i.SDIO_WriteFIFO)
    SDMMC_CmdSendStatus                      0x08003e71   Thumb Code    50  stm32f4xx_ll_sdmmc.o(i.SDMMC_CmdSendStatus)
    SDMMC_CmdStopTransfer                    0x08003ea5   Thumb Code    46  stm32f4xx_ll_sdmmc.o(i.SDMMC_CmdStopTransfer)
    SDMMC_GetCmdResp1                        0x08003ed9   Thumb Code   278  stm32f4xx_ll_sdmmc.o(i.SDMMC_GetCmdResp1)
    SPI1_IRQHandler                          0x08004081   Thumb Code     6  stm32f4xx_it.o(i.SPI1_IRQHandler)
    SPI2_IRQHandler                          0x0800408d   Thumb Code     6  stm32f4xx_it.o(i.SPI2_IRQHandler)
    StartDefaultTask                         0x080040a9   Thumb Code   210  freertos.o(i.StartDefaultTask)
    SysTick_Handler                          0x080041b5   Thumb Code    26  cmsis_os2.o(i.SysTick_Handler)
    SystemClock_Config                       0x080041d1   Thumb Code   146  main.o(i.SystemClock_Config)
    SystemInit                               0x0800426d   Thumb Code    12  system_stm32f4xx.o(i.SystemInit)
    TIM1_Init                                0x0800427d   Thumb Code   146  tim.o(i.TIM1_Init)
    TIM2_Init                                0x08004319   Thumb Code   148  tim.o(i.TIM2_Init)
    TIM3_Init                                0x080043b1   Thumb Code   146  tim.o(i.TIM3_Init)
    TIM4_Init                                0x0800444d   Thumb Code   146  tim.o(i.TIM4_Init)
    TIM6_DAC_IRQHandler                      0x080044e9   Thumb Code     6  stm32f4xx_it.o(i.TIM6_DAC_IRQHandler)
    TIM_Base_SetConfig                       0x080044f5   Thumb Code   164  stm32f4xx_hal_tim.o(i.TIM_Base_SetConfig)
    TIM_CCxChannelCmd                        0x080045c5   Thumb Code    26  stm32f4xx_hal_tim.o(i.TIM_CCxChannelCmd)
    TIM_ETR_SetConfig                        0x080045df   Thumb Code    20  stm32f4xx_hal_tim.o(i.TIM_ETR_SetConfig)
    TIM_OC2_SetConfig                        0x08004665   Thumb Code    98  stm32f4xx_hal_tim.o(i.TIM_OC2_SetConfig)
    TMC2209_init                             0x080047d1   Thumb Code   254  tmc2209.o(i.TMC2209_init)
    TMC2209_writeInt                         0x080048e9   Thumb Code    60  tmc2209.o(i.TMC2209_writeInt)
    UART4_IRQHandler                         0x0800492d   Thumb Code     6  stm32f4xx_it.o(i.UART4_IRQHandler)
    UART_Start_Receive_DMA                   0x08004cb9   Thumb Code   146  stm32f4xx_hal_uart.o(i.UART_Start_Receive_DMA)
    USART1_IRQHandler                        0x08004dcd   Thumb Code    94  stm32f4xx_it.o(i.USART1_IRQHandler)
    USART2_IRQHandler                        0x08004e49   Thumb Code     6  stm32f4xx_it.o(i.USART2_IRQHandler)
    USART3_IRQHandler                        0x08004e55   Thumb Code    72  stm32f4xx_it.o(i.USART3_IRQHandler)
    USART6_IRQHandler                        0x08004eb1   Thumb Code     6  stm32f4xx_it.o(i.USART6_IRQHandler)
    UsageFault_Handler                       0x08004ebd   Thumb Code     2  stm32f4xx_it.o(i.UsageFault_Handler)
    __0printf                                0x08004ec1   Thumb Code    22  printfa.o(i.__0printf)
    __1printf                                0x08004ec1   Thumb Code     0  printfa.o(i.__0printf)
    __2printf                                0x08004ec1   Thumb Code     0  printfa.o(i.__0printf)
    __c89printf                              0x08004ec1   Thumb Code     0  printfa.o(i.__0printf)
    printf                                   0x08004ec1   Thumb Code     0  printfa.o(i.__0printf)
    __scatterload_copy                       0x08004f01   Thumb Code    14  handlers.o(i.__scatterload_copy)
    __scatterload_null                       0x08004f0f   Thumb Code     2  handlers.o(i.__scatterload_null)
    __scatterload_zeroinit                   0x08004f11   Thumb Code    14  handlers.o(i.__scatterload_zeroinit)
    bldc_ctrl_enable                         0x080057b3   Thumb Code    10  dev_bldc_ctrl.o(i.bldc_ctrl_enable)
    bldc_ctrl_set_dir                        0x080057bd   Thumb Code    10  dev_bldc_ctrl.o(i.bldc_ctrl_set_dir)
    bldc_ctrl_set_protocol_trans             0x080057c7   Thumb Code    10  dev_bldc_ctrl.o(i.bldc_ctrl_set_protocol_trans)
    bldc_ctrl_set_slow_down_time             0x080057d1   Thumb Code    10  dev_bldc_ctrl.o(i.bldc_ctrl_set_slow_down_time)
    bldc_ctrl_set_speed                      0x080057db   Thumb Code    10  dev_bldc_ctrl.o(i.bldc_ctrl_set_speed)
    bldc_ctrl_set_speed_up_time              0x080057e5   Thumb Code    10  dev_bldc_ctrl.o(i.bldc_ctrl_set_speed_up_time)
    bldc_ctrl_switch                         0x080057ef   Thumb Code    10  dev_bldc_ctrl.o(i.bldc_ctrl_switch)
    crc_cal                                  0x080057f9   Thumb Code    26  crc.o(i.crc_cal)
    fputc                                    0x08005819   Thumb Code    20  usart.o(i.fputc)
    main                                     0x08005831   Thumb Code   156  main.o(i.main)
    modbus_crc16                             0x080058dd   Thumb Code    38  modbus_rtu.o(i.modbus_crc16)
    modbus_create_mutex                      0x08005909   Thumb Code    24  modbus_rtu.o(i.modbus_create_mutex)
    modbus_create_rx_semaphore               0x08005929   Thumb Code    18  modbus_rtu.o(i.modbus_create_rx_semaphore)
    modbus_read_holding_registers            0x08005941   Thumb Code   122  modbus_rtu.o(i.modbus_read_holding_registers)
    modbus_read_input_registers              0x080059c1   Thumb Code   122  modbus_rtu.o(i.modbus_read_input_registers)
    modbus_write_single_register             0x08005c39   Thumb Code   108  modbus_rtu.o(i.modbus_write_single_register)
    od_ctrl_read_value                       0x08005ca9   Thumb Code    12  dev_od_ctrl.o(i.od_ctrl_read_value)
    osDelay                                  0x08005cb5   Thumb Code    26  cmsis_os2.o(i.osDelay)
    osKernelInitialize                       0x08005cd1   Thumb Code    32  cmsis_os2.o(i.osKernelInitialize)
    osKernelStart                            0x08005cf5   Thumb Code    48  cmsis_os2.o(i.osKernelStart)
    osMutexAcquire                           0x08005d2d   Thumb Code    82  cmsis_os2.o(i.osMutexAcquire)
    osMutexNew                               0x08005d7f   Thumb Code   104  cmsis_os2.o(i.osMutexNew)
    osMutexRelease                           0x08005de7   Thumb Code    66  cmsis_os2.o(i.osMutexRelease)
    osSemaphoreAcquire                       0x08005e29   Thumb Code    86  cmsis_os2.o(i.osSemaphoreAcquire)
    osSemaphoreNew                           0x08005e85   Thumb Code   152  cmsis_os2.o(i.osSemaphoreNew)
    osSemaphoreRelease                       0x08005f1d   Thumb Code    80  cmsis_os2.o(i.osSemaphoreRelease)
    osThreadNew                              0x08005f71   Thumb Code   136  cmsis_os2.o(i.osThreadNew)
    ph_ctrl_read_value                       0x08005ff9   Thumb Code   110  dev_ph_ctrl.o(i.ph_ctrl_read_value)
    pvPortMalloc                             0x08006871   Thumb Code   216  heap_4.o(i.pvPortMalloc)
    pvTaskIncrementMutexHeldCount            0x0800694d   Thumb Code    18  tasks.o(i.pvTaskIncrementMutexHeldCount)
    pxPortInitialiseStack                    0x08006965   Thumb Code    40  port.o(i.pxPortInitialiseStack)
    reverse                                  0x08006991   Thumb Code    38  crc.o(i.reverse)
    rs485_transmit                           0x080069b9   Thumb Code    24  usart.o(i.rs485_transmit)
    step_motor_control                       0x080069d5   Thumb Code    44  app_control.o(i.step_motor_control)
    step_motor_init                          0x08006a05   Thumb Code    70  app_control.o(i.step_motor_init)
    temp_ctrl_read_alarm                     0x08006a4d   Thumb Code    82  dev_temp_ctrl.o(i.temp_ctrl_read_alarm)
    temp_ctrl_read_temperature               0x08006afd   Thumb Code    28  dev_temp_ctrl.o(i.temp_ctrl_read_temperature)
    temp_ctrl_set_temperature                0x08006b19   Thumb Code    10  dev_temp_ctrl.o(i.temp_ctrl_set_temperature)
    temp_ctrl_set_timeout                    0x08006b23   Thumb Code    10  dev_temp_ctrl.o(i.temp_ctrl_set_timeout)
    tmc_crc                                  0x08006b2d   Thumb Code    38  crc.o(i.tmc_crc)
    uart_dma_init                            0x08006b55   Thumb Code    60  usart.o(i.uart_dma_init)
    uxListRemove                             0x08006b99   Thumb Code    38  list.o(i.uxListRemove)
    vApplicationGetIdleTaskMemory            0x08006bc1   Thumb Code    16  cmsis_os2.o(i.vApplicationGetIdleTaskMemory)
    vApplicationGetTimerTaskMemory           0x08006bd5   Thumb Code    18  cmsis_os2.o(i.vApplicationGetTimerTaskMemory)
    vListInitialise                          0x08006bed   Thumb Code    22  list.o(i.vListInitialise)
    vListInitialiseItem                      0x08006c03   Thumb Code     6  list.o(i.vListInitialiseItem)
    vListInsert                              0x08006c09   Thumb Code    48  list.o(i.vListInsert)
    vListInsertEnd                           0x08006c39   Thumb Code    24  list.o(i.vListInsertEnd)
    vPortEnterCritical                       0x08006c51   Thumb Code    54  port.o(i.vPortEnterCritical)
    vPortExitCritical                        0x08006c91   Thumb Code    34  port.o(i.vPortExitCritical)
    vPortFree                                0x08006cb9   Thumb Code    94  heap_4.o(i.vPortFree)
    vPortSetupTimerInterrupt                 0x08006d1d   Thumb Code    32  port.o(i.vPortSetupTimerInterrupt)
    vPortValidateInterruptPriority           0x08006d41   Thumb Code    74  port.o(i.vPortValidateInterruptPriority)
    vQueueAddToRegistry                      0x08006d95   Thumb Code    34  queue.o(i.vQueueAddToRegistry)
    vQueueDelete                             0x08006dbd   Thumb Code    46  queue.o(i.vQueueDelete)
    vQueueUnregisterQueue                    0x08006ded   Thumb Code    36  queue.o(i.vQueueUnregisterQueue)
    vQueueWaitForMessageRestricted           0x08006e15   Thumb Code    68  queue.o(i.vQueueWaitForMessageRestricted)
    vTaskDelay                               0x08006e59   Thumb Code    66  tasks.o(i.vTaskDelay)
    vTaskInternalSetTimeOutState             0x08006ea5   Thumb Code    12  tasks.o(i.vTaskInternalSetTimeOutState)
    vTaskMissedYield                         0x08006eb5   Thumb Code     8  tasks.o(i.vTaskMissedYield)
    vTaskPlaceOnEventList                    0x08006ec1   Thumb Code    44  tasks.o(i.vTaskPlaceOnEventList)
    vTaskPlaceOnEventListRestricted          0x08006ef1   Thumb Code    52  tasks.o(i.vTaskPlaceOnEventListRestricted)
    vTaskPriorityDisinheritAfterTimeout      0x08006f29   Thumb Code   134  tasks.o(i.vTaskPriorityDisinheritAfterTimeout)
    vTaskStartScheduler                      0x08006fb9   Thumb Code   118  tasks.o(i.vTaskStartScheduler)
    vTaskSuspendAll                          0x08007041   Thumb Code    10  tasks.o(i.vTaskSuspendAll)
    vTaskSwitchContext                       0x08007051   Thumb Code    90  tasks.o(i.vTaskSwitchContext)
    xPortStartScheduler                      0x080070b5   Thumb Code   222  port.o(i.xPortStartScheduler)
    xPortSysTickHandler                      0x080071a9   Thumb Code    38  port.o(i.xPortSysTickHandler)
    xQueueCreateCountingSemaphore            0x080071d5   Thumb Code    58  queue.o(i.xQueueCreateCountingSemaphore)
    xQueueCreateCountingSemaphoreStatic      0x0800720f   Thumb Code    64  queue.o(i.xQueueCreateCountingSemaphoreStatic)
    xQueueCreateMutex                        0x0800724f   Thumb Code    22  queue.o(i.xQueueCreateMutex)
    xQueueCreateMutexStatic                  0x08007265   Thumb Code    26  queue.o(i.xQueueCreateMutexStatic)
    xQueueGenericCreate                      0x0800727f   Thumb Code    66  queue.o(i.xQueueGenericCreate)
    xQueueGenericCreateStatic                0x080072c1   Thumb Code   102  queue.o(i.xQueueGenericCreateStatic)
    xQueueGenericReset                       0x08007329   Thumb Code   132  queue.o(i.xQueueGenericReset)
    xQueueGenericSend                        0x080073b1   Thumb Code   346  queue.o(i.xQueueGenericSend)
    xQueueGenericSendFromISR                 0x08007511   Thumb Code   190  queue.o(i.xQueueGenericSendFromISR)
    xQueueGiveFromISR                        0x080075cf   Thumb Code   156  queue.o(i.xQueueGiveFromISR)
    xQueueGiveMutexRecursive                 0x0800766b   Thumb Code    62  queue.o(i.xQueueGiveMutexRecursive)
    xQueueReceive                            0x080076a9   Thumb Code   308  queue.o(i.xQueueReceive)
    xQueueReceiveFromISR                     0x080077e1   Thumb Code   154  queue.o(i.xQueueReceiveFromISR)
    xQueueSemaphoreTake                      0x0800787d   Thumb Code   372  queue.o(i.xQueueSemaphoreTake)
    xQueueTakeMutexRecursive                 0x080079f5   Thumb Code    64  queue.o(i.xQueueTakeMutexRecursive)
    xTaskCheckForTimeOut                     0x08007a35   Thumb Code   112  tasks.o(i.xTaskCheckForTimeOut)
    xTaskCreate                              0x08007aa9   Thumb Code    90  tasks.o(i.xTaskCreate)
    xTaskCreateStatic                        0x08007b03   Thumb Code    86  tasks.o(i.xTaskCreateStatic)
    xTaskGetCurrentTaskHandle                0x08007b59   Thumb Code     6  tasks.o(i.xTaskGetCurrentTaskHandle)
    xTaskGetSchedulerState                   0x08007b65   Thumb Code    22  tasks.o(i.xTaskGetSchedulerState)
    xTaskGetTickCount                        0x08007b81   Thumb Code     6  tasks.o(i.xTaskGetTickCount)
    xTaskIncrementTick                       0x08007b8d   Thumb Code   192  tasks.o(i.xTaskIncrementTick)
    xTaskPriorityDisinherit                  0x08007c55   Thumb Code   118  tasks.o(i.xTaskPriorityDisinherit)
    xTaskPriorityInherit                     0x08007cd5   Thumb Code   112  tasks.o(i.xTaskPriorityInherit)
    xTaskRemoveFromEventList                 0x08007d4d   Thumb Code    98  tasks.o(i.xTaskRemoveFromEventList)
    xTaskResumeAll                           0x08007dbd   Thumb Code   182  tasks.o(i.xTaskResumeAll)
    xTimerCreateTimerTask                    0x08007e81   Thumb Code    78  timers.o(i.xTimerCreateTimerTask)
    xTimerGenericCommand                     0x08007ee1   Thumb Code    98  timers.o(i.xTimerGenericCommand)
    motor_hw_config                          0x08007f48   Data          64  app_control.o(.constdata)
    defaultTask_attributes                   0x08008088   Data          36  freertos.o(.constdata)
    AHBPrescTable                            0x080082c4   Data          16  system_stm32f4xx.o(.constdata)
    APBPrescTable                            0x080082d4   Data           8  system_stm32f4xx.o(.constdata)
    Region$$Table$$Base                      0x080082f4   Number         0  anon$$obj.o(Region$$Table)
    Region$$Table$$Limit                     0x08008314   Number         0  anon$$obj.o(Region$$Table)
    defaultTaskHandle                        0x20000004   Data           4  freertos.o(.data)
    rxBuffer                                 0x20000008   Data           8  tmc2209.o(.data)
    txBuffer                                 0x20000010   Data           8  tmc2209.o(.data)
    TMC2209                                  0x20000018   Data           8  tmc2209.o(.data)
    modbus_rx_sem                            0x20000028   Data           4  modbus_rtu.o(.data)
    modbus_rx_len                            0x20000034   Data           2  usart.o(.data)
    uwTickFreq                               0x20000038   Data           1  stm32f4xx_hal.o(.data)
    uwTickPrio                               0x2000003c   Data           4  stm32f4xx_hal.o(.data)
    uwTick                                   0x20000040   Data           4  stm32f4xx_hal.o(.data)
    SystemCoreClock                          0x20000044   Data           4  system_stm32f4xx.o(.data)
    pxCurrentTCB                             0x20000048   Data           4  tasks.o(.data)
    __stdout                                 0x200000c8   Data           4  stdout.o(.data)
    hi2c1                                    0x20000164   Data          84  i2c.o(.bss)
    hiwdg                                    0x200001b8   Data          12  iwdg.o(.bss)
    hsd                                      0x200001c4   Data         132  sdio.o(.bss)
    hspi1                                    0x20000248   Data          88  spi.o(.bss)
    hspi2                                    0x200002a0   Data          88  spi.o(.bss)
    htim1                                    0x200002f8   Data          72  tim.o(.bss)
    htim2                                    0x20000340   Data          72  tim.o(.bss)
    htim3                                    0x20000388   Data          72  tim.o(.bss)
    htim4                                    0x200003d0   Data          72  tim.o(.bss)
    pc_rx_buffer                             0x20000418   Data        1024  usart.o(.bss)
    modbus_rtu_rx_buf                        0x20000818   Data         128  usart.o(.bss)
    huart4                                   0x20000898   Data          72  usart.o(.bss)
    huart1                                   0x200008e0   Data          72  usart.o(.bss)
    huart2                                   0x20000928   Data          72  usart.o(.bss)
    huart3                                   0x20000970   Data          72  usart.o(.bss)
    huart6                                   0x200009b8   Data          72  usart.o(.bss)
    hdma_uart4_tx                            0x20000a00   Data          96  usart.o(.bss)
    hdma_uart4_rx                            0x20000a60   Data          96  usart.o(.bss)
    hdma_usart1_rx                           0x20000ac0   Data          96  usart.o(.bss)
    hdma_usart1_tx                           0x20000b20   Data          96  usart.o(.bss)
    hdma_usart2_tx                           0x20000b80   Data          96  usart.o(.bss)
    hdma_usart2_rx                           0x20000be0   Data          96  usart.o(.bss)
    hdma_usart3_tx                           0x20000c40   Data          96  usart.o(.bss)
    hdma_usart3_rx                           0x20000ca0   Data          96  usart.o(.bss)
    hdma_usart6_tx                           0x20000d00   Data          96  usart.o(.bss)
    hdma_usart6_rx                           0x20000d60   Data          96  usart.o(.bss)
    pc_rx_backup                             0x20000dc0   Data        1024  usart.o(.bss)
    htim6                                    0x200011c0   Data          72  stm32f4xx_hal_timebase_tim.o(.bss)
    xQueueRegistry                           0x20001208   Data          64  queue.o(.bss)
    __initial_sp                             0x20005ee0   Data           0  startup_stm32f405xx.o(STACK)



==============================================================================

Memory Map of the image

  Image Entry point : 0x08000189

  Load Region LR_IROM1 (Base: 0x08000000, Size: 0x000083e0, Max: 0x00100000, ABSOLUTE)

    Execution Region ER_IROM1 (Base: 0x08000000, Size: 0x00008314, Max: 0x00100000, ABSOLUTE)

    Base Addr    Size         Type   Attr      Idx    E Section Name        Object

    0x08000000   0x00000188   Data   RO            3    RESET               startup_stm32f405xx.o
    0x08000188   0x00000000   Code   RO         7013  * .ARM.Collect$$$$00000000  mc_w.l(entry.o)
    0x08000188   0x00000004   Code   RO         7293    .ARM.Collect$$$$00000001  mc_w.l(entry2.o)
    0x0800018c   0x00000004   Code   RO         7296    .ARM.Collect$$$$00000004  mc_w.l(entry5.o)
    0x08000190   0x00000000   Code   RO         7298    .ARM.Collect$$$$00000008  mc_w.l(entry7b.o)
    0x08000190   0x00000000   Code   RO         7300    .ARM.Collect$$$$0000000A  mc_w.l(entry8b.o)
    0x08000190   0x00000008   Code   RO         7301    .ARM.Collect$$$$0000000B  mc_w.l(entry9a.o)
    0x08000198   0x00000000   Code   RO         7303    .ARM.Collect$$$$0000000D  mc_w.l(entry10a.o)
    0x08000198   0x00000000   Code   RO         7305    .ARM.Collect$$$$0000000F  mc_w.l(entry11a.o)
    0x08000198   0x00000004   Code   RO         7294    .ARM.Collect$$$$00002712  mc_w.l(entry2.o)
    0x0800019c   0x000000be   Code   RO         6936    .emb_text           port.o
    0x0800025a   0x00000002   PAD
    0x0800025c   0x00000024   Code   RO            4    .text               startup_stm32f405xx.o
    0x08000280   0x00000062   Code   RO         7016    .text               mc_w.l(uldiv.o)
    0x080002e2   0x00000024   Code   RO         7018    .text               mc_w.l(memcpya.o)
    0x08000306   0x00000024   Code   RO         7022    .text               mc_w.l(memseta.o)
    0x0800032a   0x000000de   Code   RO         7287    .text               mf_w.l(ddiv.o)
    0x08000408   0x0000001a   Code   RO         7289    .text               mf_w.l(dfltui.o)
    0x08000422   0x00000026   Code   RO         7291    .text               mf_w.l(f2d.o)
    0x08000448   0x0000002c   Code   RO         7308    .text               mc_w.l(uidiv.o)
    0x08000474   0x0000001e   Code   RO         7310    .text               mc_w.l(llshl.o)
    0x08000492   0x00000020   Code   RO         7312    .text               mc_w.l(llushr.o)
    0x080004b2   0x00000000   Code   RO         7314    .text               mc_w.l(iusefp.o)
    0x080004b2   0x000000ba   Code   RO         7315    .text               mf_w.l(depilogue.o)
    0x0800056c   0x0000014e   Code   RO         7317    .text               mf_w.l(dadd.o)
    0x080006ba   0x000000e4   Code   RO         7319    .text               mf_w.l(dmul.o)
    0x0800079e   0x00000030   Code   RO         7321    .text               mf_w.l(dfixul.o)
    0x080007ce   0x00000002   PAD
    0x080007d0   0x00000030   Code   RO         7323    .text               mf_w.l(cdrcmple.o)
    0x08000800   0x00000024   Code   RO         7325    .text               mc_w.l(init.o)
    0x08000824   0x00000024   Code   RO         7327    .text               mc_w.l(llsshr.o)
    0x08000848   0x00000002   Code   RO         1217    i.BusFault_Handler  stm32f4xx_it.o
    0x0800084a   0x00000002   PAD
    0x0800084c   0x0000000c   Code   RO         1218    i.DMA1_Stream1_IRQHandler  stm32f4xx_it.o
    0x08000858   0x0000000c   Code   RO         1219    i.DMA1_Stream2_IRQHandler  stm32f4xx_it.o
    0x08000864   0x0000000c   Code   RO         1220    i.DMA1_Stream3_IRQHandler  stm32f4xx_it.o
    0x08000870   0x0000000c   Code   RO         1221    i.DMA1_Stream4_IRQHandler  stm32f4xx_it.o
    0x0800087c   0x0000000c   Code   RO         1222    i.DMA1_Stream5_IRQHandler  stm32f4xx_it.o
    0x08000888   0x0000000c   Code   RO         1223    i.DMA1_Stream6_IRQHandler  stm32f4xx_it.o
    0x08000894   0x0000000c   Code   RO         1224    i.DMA2_Stream1_IRQHandler  stm32f4xx_it.o
    0x080008a0   0x0000000c   Code   RO         1225    i.DMA2_Stream2_IRQHandler  stm32f4xx_it.o
    0x080008ac   0x0000000c   Code   RO         1226    i.DMA2_Stream6_IRQHandler  stm32f4xx_it.o
    0x080008b8   0x0000000c   Code   RO         1227    i.DMA2_Stream7_IRQHandler  stm32f4xx_it.o
    0x080008c4   0x00000028   Code   RO         2833    i.DMA_CalcBaseAndBitshift  stm32f4xx_hal_dma.o
    0x080008ec   0x00000054   Code   RO         2834    i.DMA_CheckFifoParam  stm32f4xx_hal_dma.o
    0x08000940   0x00000028   Code   RO         2835    i.DMA_SetConfig     stm32f4xx_hal_dma.o
    0x08000968   0x00000002   Code   RO         1228    i.DebugMon_Handler  stm32f4xx_it.o
    0x0800096a   0x00000004   Code   RO          363    i.Error_Handler     main.o
    0x0800096e   0x00000092   Code   RO         2836    i.HAL_DMA_Abort     stm32f4xx_hal_dma.o
    0x08000a00   0x00000024   Code   RO         2837    i.HAL_DMA_Abort_IT  stm32f4xx_hal_dma.o
    0x08000a24   0x00000006   Code   RO         2840    i.HAL_DMA_GetState  stm32f4xx_hal_dma.o
    0x08000a2a   0x00000002   PAD
    0x08000a2c   0x000001a0   Code   RO         2841    i.HAL_DMA_IRQHandler  stm32f4xx_hal_dma.o
    0x08000bcc   0x000000d4   Code   RO         2842    i.HAL_DMA_Init      stm32f4xx_hal_dma.o
    0x08000ca0   0x0000006e   Code   RO         2846    i.HAL_DMA_Start_IT  stm32f4xx_hal_dma.o
    0x08000d0e   0x00000002   PAD
    0x08000d10   0x00000024   Code   RO         3273    i.HAL_Delay         stm32f4xx_hal.o
    0x08000d34   0x000001f0   Code   RO         2729    i.HAL_GPIO_Init     stm32f4xx_hal_gpio.o
    0x08000f24   0x0000000a   Code   RO         2733    i.HAL_GPIO_WritePin  stm32f4xx_hal_gpio.o
    0x08000f2e   0x00000002   PAD
    0x08000f30   0x0000000c   Code   RO         3279    i.HAL_GetTick       stm32f4xx_hal.o
    0x08000f3c   0x00000002   Code   RO         3524    i.HAL_I2C_AbortCpltCallback  stm32f4xx_hal_i2c.o
    0x08000f3e   0x00000002   Code   RO         3525    i.HAL_I2C_AddrCallback  stm32f4xx_hal_i2c.o
    0x08000f40   0x000000ba   Code   RO         3528    i.HAL_I2C_ER_IRQHandler  stm32f4xx_hal_i2c.o
    0x08000ffa   0x00000230   Code   RO         3529    i.HAL_I2C_EV_IRQHandler  stm32f4xx_hal_i2c.o
    0x0800122a   0x00000002   Code   RO         3531    i.HAL_I2C_ErrorCallback  stm32f4xx_hal_i2c.o
    0x0800122c   0x00000188   Code   RO         3535    i.HAL_I2C_Init      stm32f4xx_hal_i2c.o
    0x080013b4   0x00000002   Code   RO         3537    i.HAL_I2C_ListenCpltCallback  stm32f4xx_hal_i2c.o
    0x080013b6   0x00000002   Code   RO         3538    i.HAL_I2C_MasterRxCpltCallback  stm32f4xx_hal_i2c.o
    0x080013b8   0x00000002   Code   RO         3539    i.HAL_I2C_MasterTxCpltCallback  stm32f4xx_hal_i2c.o
    0x080013ba   0x00000002   Code   RO         3551    i.HAL_I2C_MemRxCpltCallback  stm32f4xx_hal_i2c.o
    0x080013bc   0x00000002   Code   RO         3552    i.HAL_I2C_MemTxCpltCallback  stm32f4xx_hal_i2c.o
    0x080013be   0x00000002   PAD
    0x080013c0   0x00000088   Code   RO          807    i.HAL_I2C_MspInit   i2c.o
    0x08001448   0x00000002   Code   RO         3561    i.HAL_I2C_SlaveRxCpltCallback  stm32f4xx_hal_i2c.o
    0x0800144a   0x00000002   Code   RO         3562    i.HAL_I2C_SlaveTxCpltCallback  stm32f4xx_hal_i2c.o
    0x0800144c   0x0000000c   Code   RO         3980    i.HAL_IWDG_Refresh  stm32f4xx_hal_iwdg.o
    0x08001458   0x00000010   Code   RO         3285    i.HAL_IncTick       stm32f4xx_hal.o
    0x08001468   0x00000034   Code   RO         3286    i.HAL_Init          stm32f4xx_hal.o
    0x0800149c   0x00000098   Code   RO         1178    i.HAL_InitTick      stm32f4xx_hal_timebase_tim.o
    0x08001534   0x00000038   Code   RO         1154    i.HAL_MspInit       stm32f4xx_hal_msp.o
    0x0800156c   0x0000001a   Code   RO         3121    i.HAL_NVIC_EnableIRQ  stm32f4xx_hal_cortex.o
    0x08001586   0x00000002   PAD
    0x08001588   0x00000040   Code   RO         3127    i.HAL_NVIC_SetPriority  stm32f4xx_hal_cortex.o
    0x080015c8   0x00000024   Code   RO         3128    i.HAL_NVIC_SetPriorityGrouping  stm32f4xx_hal_cortex.o
    0x080015ec   0x00000134   Code   RO         2375    i.HAL_RCC_ClockConfig  stm32f4xx_hal_rcc.o
    0x08001720   0x00000040   Code   RO         2379    i.HAL_RCC_GetClockConfig  stm32f4xx_hal_rcc.o
    0x08001760   0x00000020   Code   RO         2382    i.HAL_RCC_GetPCLK1Freq  stm32f4xx_hal_rcc.o
    0x08001780   0x00000020   Code   RO         2383    i.HAL_RCC_GetPCLK2Freq  stm32f4xx_hal_rcc.o
    0x080017a0   0x00000060   Code   RO         2384    i.HAL_RCC_GetSysClockFreq  stm32f4xx_hal_rcc.o
    0x08001800   0x0000036c   Code   RO         2387    i.HAL_RCC_OscConfig  stm32f4xx_hal_rcc.o
    0x08001b6c   0x00000002   Code   RO         4296    i.HAL_SD_AbortCallback  stm32f4xx_hal_sd.o
    0x08001b6e   0x00000002   Code   RO         4301    i.HAL_SD_ErrorCallback  stm32f4xx_hal_sd.o
    0x08001b70   0x0000002c   Code   RO         4305    i.HAL_SD_GetCardState  stm32f4xx_hal_sd.o
    0x08001b9c   0x00000208   Code   RO         4309    i.HAL_SD_IRQHandler  stm32f4xx_hal_sd.o
    0x08001da4   0x00000002   Code   RO         4317    i.HAL_SD_RxCpltCallback  stm32f4xx_hal_sd.o
    0x08001da6   0x00000002   Code   RO         4318    i.HAL_SD_TxCpltCallback  stm32f4xx_hal_sd.o
    0x08001da8   0x00000002   Code   RO         4545    i.HAL_SPI_ErrorCallback  stm32f4xx_hal_spi.o
    0x08001daa   0x00000002   PAD
    0x08001dac   0x000000fc   Code   RO         4548    i.HAL_SPI_IRQHandler  stm32f4xx_hal_spi.o
    0x08001ea8   0x000000bc   Code   RO         4549    i.HAL_SPI_Init      stm32f4xx_hal_spi.o
    0x08001f64   0x000000fc   Code   RO          921    i.HAL_SPI_MspInit   spi.o
    0x08002060   0x00000002   Code   RO         2107    i.HAL_TIMEx_BreakCallback  stm32f4xx_hal_tim_ex.o
    0x08002062   0x00000002   Code   RO         2108    i.HAL_TIMEx_CommutCallback  stm32f4xx_hal_tim_ex.o
    0x08002064   0x00000090   Code   RO         2126    i.HAL_TIMEx_MasterConfigSynchronization  stm32f4xx_hal_tim_ex.o
    0x080020f4   0x0000005a   Code   RO         1403    i.HAL_TIM_Base_Init  stm32f4xx_hal_tim.o
    0x0800214e   0x00000002   PAD
    0x08002150   0x00000068   Code   RO          969    i.HAL_TIM_Base_MspInit  tim.o
    0x080021b8   0x00000080   Code   RO         1408    i.HAL_TIM_Base_Start_IT  stm32f4xx_hal_tim.o
    0x08002238   0x000000dc   Code   RO         1412    i.HAL_TIM_ConfigClockSource  stm32f4xx_hal_tim.o
    0x08002314   0x00000002   Code   RO         1437    i.HAL_TIM_IC_CaptureCallback  stm32f4xx_hal_tim.o
    0x08002316   0x00000130   Code   RO         1451    i.HAL_TIM_IRQHandler  stm32f4xx_hal_tim.o
    0x08002446   0x00000002   PAD
    0x08002448   0x000000d4   Code   RO          970    i.HAL_TIM_MspPostInit  tim.o
    0x0800251c   0x00000002   Code   RO         1454    i.HAL_TIM_OC_DelayElapsedCallback  stm32f4xx_hal_tim.o
    0x0800251e   0x000000cc   Code   RO         1475    i.HAL_TIM_PWM_ConfigChannel  stm32f4xx_hal_tim.o
    0x080025ea   0x0000005a   Code   RO         1478    i.HAL_TIM_PWM_Init  stm32f4xx_hal_tim.o
    0x08002644   0x00000002   Code   RO         1480    i.HAL_TIM_PWM_MspInit  stm32f4xx_hal_tim.o
    0x08002646   0x00000002   Code   RO         1481    i.HAL_TIM_PWM_PulseFinishedCallback  stm32f4xx_hal_tim.o
    0x08002648   0x000000c8   Code   RO         1483    i.HAL_TIM_PWM_Start  stm32f4xx_hal_tim.o
    0x08002710   0x0000007c   Code   RO         1486    i.HAL_TIM_PWM_Stop  stm32f4xx_hal_tim.o
    0x0800278c   0x00000014   Code   RO          364    i.HAL_TIM_PeriodElapsedCallback  main.o
    0x080027a0   0x00000002   Code   RO         1494    i.HAL_TIM_TriggerCallback  stm32f4xx_hal_tim.o
    0x080027a2   0x00000002   Code   RO         4872    i.HAL_UARTEx_RxEventCallback  stm32f4xx_hal_uart.o
    0x080027a4   0x00000070   Code   RO         4884    i.HAL_UART_DMAStop  stm32f4xx_hal_uart.o
    0x08002814   0x00000002   Code   RO         4886    i.HAL_UART_ErrorCallback  stm32f4xx_hal_uart.o
    0x08002816   0x00000002   PAD
    0x08002818   0x00000280   Code   RO         4889    i.HAL_UART_IRQHandler  stm32f4xx_hal_uart.o
    0x08002a98   0x00000064   Code   RO         4890    i.HAL_UART_Init     stm32f4xx_hal_uart.o
    0x08002afc   0x000003ec   Code   RO         1059    i.HAL_UART_MspInit  usart.o
    0x08002ee8   0x0000001c   Code   RO         4894    i.HAL_UART_Receive_DMA  stm32f4xx_hal_uart.o
    0x08002f04   0x00000002   Code   RO         4896    i.HAL_UART_RxCpltCallback  stm32f4xx_hal_uart.o
    0x08002f06   0x00000002   Code   RO         4897    i.HAL_UART_RxHalfCpltCallback  stm32f4xx_hal_uart.o
    0x08002f08   0x000000a0   Code   RO         4898    i.HAL_UART_Transmit  stm32f4xx_hal_uart.o
    0x08002fa8   0x00000084   Code   RO         4899    i.HAL_UART_Transmit_DMA  stm32f4xx_hal_uart.o
    0x0800302c   0x00000002   Code   RO         4901    i.HAL_UART_TxCpltCallback  stm32f4xx_hal_uart.o
    0x0800302e   0x00000002   Code   RO         4902    i.HAL_UART_TxHalfCpltCallback  stm32f4xx_hal_uart.o
    0x08003030   0x00000002   Code   RO         1229    i.HardFault_Handler  stm32f4xx_it.o
    0x08003032   0x00000002   PAD
    0x08003034   0x0000000c   Code   RO         1230    i.I2C1_ER_IRQHandler  stm32f4xx_it.o
    0x08003040   0x0000000c   Code   RO         1231    i.I2C1_EV_IRQHandler  stm32f4xx_it.o
    0x0800304c   0x000000bc   Code   RO         3573    i.I2C_DMAAbort      stm32f4xx_hal_i2c.o
    0x08003108   0x00000010   Code   RO         3576    i.I2C_Flush_DR      stm32f4xx_hal_i2c.o
    0x08003118   0x00000158   Code   RO         3577    i.I2C_ITError       stm32f4xx_hal_i2c.o
    0x08003270   0x000000da   Code   RO         3579    i.I2C_MasterReceive_BTF  stm32f4xx_hal_i2c.o
    0x0800334a   0x00000002   PAD
    0x0800334c   0x000000f4   Code   RO         3580    i.I2C_MasterReceive_RXNE  stm32f4xx_hal_i2c.o
    0x08003440   0x00000082   Code   RO         3583    i.I2C_MasterTransmit_BTF  stm32f4xx_hal_i2c.o
    0x080034c2   0x00000002   PAD
    0x080034c4   0x000000b6   Code   RO         3584    i.I2C_MasterTransmit_TXE  stm32f4xx_hal_i2c.o
    0x0800357a   0x00000002   PAD
    0x0800357c   0x00000118   Code   RO         3585    i.I2C_Master_ADDR   stm32f4xx_hal_i2c.o
    0x08003694   0x0000008c   Code   RO         3586    i.I2C_Master_SB     stm32f4xx_hal_i2c.o
    0x08003720   0x000000a8   Code   RO         3587    i.I2C_MemoryTransmit_TXE_BTF  stm32f4xx_hal_i2c.o
    0x080037c8   0x00000046   Code   RO         3590    i.I2C_Slave_ADDR    stm32f4xx_hal_i2c.o
    0x0800380e   0x00000002   PAD
    0x08003810   0x00000090   Code   RO         3591    i.I2C_Slave_AF      stm32f4xx_hal_i2c.o
    0x080038a0   0x0000015c   Code   RO         3592    i.I2C_Slave_STOPF   stm32f4xx_hal_i2c.o
    0x080039fc   0x000000cc   Code   RO          758    i.MX_DMA_Init       dma.o
    0x08003ac8   0x00000028   Code   RO          286    i.MX_FREERTOS_Init  freertos.o
    0x08003af0   0x00000158   Code   RO          782    i.MX_GPIO_Init      gpio.o
    0x08003c48   0x00000040   Code   RO          808    i.MX_I2C1_Init      i2c.o
    0x08003c88   0x00000044   Code   RO          922    i.MX_SPI1_Init      spi.o
    0x08003ccc   0x00000044   Code   RO          923    i.MX_SPI2_Init      spi.o
    0x08003d10   0x00000038   Code   RO         1060    i.MX_UART4_Init     usart.o
    0x08003d48   0x00000038   Code   RO         1061    i.MX_USART1_UART_Init  usart.o
    0x08003d80   0x00000038   Code   RO         1062    i.MX_USART2_UART_Init  usart.o
    0x08003db8   0x00000038   Code   RO         1063    i.MX_USART3_UART_Init  usart.o
    0x08003df0   0x00000038   Code   RO         1064    i.MX_USART6_UART_Init  usart.o
    0x08003e28   0x00000002   Code   RO         1232    i.MemManage_Handler  stm32f4xx_it.o
    0x08003e2a   0x00000002   Code   RO         1233    i.NMI_Handler       stm32f4xx_it.o
    0x08003e2c   0x00000006   Code   RO         4014    i.SDIO_GetResponse  stm32f4xx_ll_sdmmc.o
    0x08003e32   0x00000002   PAD
    0x08003e34   0x0000000c   Code   RO         1234    i.SDIO_IRQHandler   stm32f4xx_it.o
    0x08003e40   0x00000006   Code   RO         4018    i.SDIO_ReadFIFO     stm32f4xx_ll_sdmmc.o
    0x08003e46   0x00000020   Code   RO         4019    i.SDIO_SendCommand  stm32f4xx_ll_sdmmc.o
    0x08003e66   0x0000000a   Code   RO         4021    i.SDIO_WriteFIFO    stm32f4xx_ll_sdmmc.o
    0x08003e70   0x00000032   Code   RO         4041    i.SDMMC_CmdSendStatus  stm32f4xx_ll_sdmmc.o
    0x08003ea2   0x00000002   PAD
    0x08003ea4   0x00000034   Code   RO         4045    i.SDMMC_CmdStopTransfer  stm32f4xx_ll_sdmmc.o
    0x08003ed8   0x00000120   Code   RO         4049    i.SDMMC_GetCmdResp1  stm32f4xx_ll_sdmmc.o
    0x08003ff8   0x00000044   Code   RO         4324    i.SD_DMARxAbort     stm32f4xx_hal_sd.o
    0x0800403c   0x00000044   Code   RO         4326    i.SD_DMATxAbort     stm32f4xx_hal_sd.o
    0x08004080   0x0000000c   Code   RO         1235    i.SPI1_IRQHandler   stm32f4xx_it.o
    0x0800408c   0x0000000c   Code   RO         1236    i.SPI2_IRQHandler   stm32f4xx_it.o
    0x08004098   0x00000010   Code   RO         4576    i.SPI_DMAAbortOnError  stm32f4xx_hal_spi.o
    0x080040a8   0x0000010c   Code   RO          287    i.StartDefaultTask  freertos.o
    0x080041b4   0x0000001a   Code   RO         6371    i.SysTick_Handler   cmsis_os2.o
    0x080041ce   0x00000002   PAD
    0x080041d0   0x0000009c   Code   RO          365    i.SystemClock_Config  main.o
    0x0800426c   0x00000010   Code   RO         5224    i.SystemInit        system_stm32f4xx.o
    0x0800427c   0x0000009c   Code   RO          975    i.TIM1_Init         tim.o
    0x08004318   0x00000098   Code   RO          976    i.TIM2_Init         tim.o
    0x080043b0   0x0000009c   Code   RO          977    i.TIM3_Init         tim.o
    0x0800444c   0x0000009c   Code   RO          978    i.TIM4_Init         tim.o
    0x080044e8   0x0000000c   Code   RO         1237    i.TIM6_DAC_IRQHandler  stm32f4xx_it.o
    0x080044f4   0x000000d0   Code   RO         1496    i.TIM_Base_SetConfig  stm32f4xx_hal_tim.o
    0x080045c4   0x0000001a   Code   RO         1497    i.TIM_CCxChannelCmd  stm32f4xx_hal_tim.o
    0x080045de   0x00000014   Code   RO         1507    i.TIM_ETR_SetConfig  stm32f4xx_hal_tim.o
    0x080045f2   0x00000010   Code   RO         1508    i.TIM_ITRx_SetConfig  stm32f4xx_hal_tim.o
    0x08004602   0x00000002   PAD
    0x08004604   0x00000060   Code   RO         1509    i.TIM_OC1_SetConfig  stm32f4xx_hal_tim.o
    0x08004664   0x0000006c   Code   RO         1510    i.TIM_OC2_SetConfig  stm32f4xx_hal_tim.o
    0x080046d0   0x00000068   Code   RO         1511    i.TIM_OC3_SetConfig  stm32f4xx_hal_tim.o
    0x08004738   0x00000050   Code   RO         1512    i.TIM_OC4_SetConfig  stm32f4xx_hal_tim.o
    0x08004788   0x00000022   Code   RO         1514    i.TIM_TI1_ConfigInputStage  stm32f4xx_hal_tim.o
    0x080047aa   0x00000024   Code   RO         1516    i.TIM_TI2_ConfigInputStage  stm32f4xx_hal_tim.o
    0x080047ce   0x00000002   PAD
    0x080047d0   0x00000118   Code   RO          435    i.TMC2209_init      tmc2209.o
    0x080048e8   0x00000044   Code   RO          437    i.TMC2209_writeInt  tmc2209.o
    0x0800492c   0x0000000c   Code   RO         1238    i.UART4_IRQHandler  stm32f4xx_it.o
    0x08004938   0x0000000e   Code   RO         4903    i.UART_DMAAbortOnError  stm32f4xx_hal_uart.o
    0x08004946   0x0000004a   Code   RO         4904    i.UART_DMAError     stm32f4xx_hal_uart.o
    0x08004990   0x00000086   Code   RO         4905    i.UART_DMAReceiveCplt  stm32f4xx_hal_uart.o
    0x08004a16   0x0000001e   Code   RO         4907    i.UART_DMARxHalfCplt  stm32f4xx_hal_uart.o
    0x08004a34   0x00000042   Code   RO         4909    i.UART_DMATransmitCplt  stm32f4xx_hal_uart.o
    0x08004a76   0x0000000a   Code   RO         4911    i.UART_DMATxHalfCplt  stm32f4xx_hal_uart.o
    0x08004a80   0x0000004e   Code   RO         4913    i.UART_EndRxTransfer  stm32f4xx_hal_uart.o
    0x08004ace   0x0000001c   Code   RO         4914    i.UART_EndTxTransfer  stm32f4xx_hal_uart.o
    0x08004aea   0x000000c2   Code   RO         4915    i.UART_Receive_IT   stm32f4xx_hal_uart.o
    0x08004bac   0x0000010c   Code   RO         4916    i.UART_SetConfig    stm32f4xx_hal_uart.o
    0x08004cb8   0x000000a0   Code   RO         4917    i.UART_Start_Receive_DMA  stm32f4xx_hal_uart.o
    0x08004d58   0x00000072   Code   RO         4919    i.UART_WaitOnFlagUntilTimeout  stm32f4xx_hal_uart.o
    0x08004dca   0x00000002   PAD
    0x08004dcc   0x0000007c   Code   RO         1239    i.USART1_IRQHandler  stm32f4xx_it.o
    0x08004e48   0x0000000c   Code   RO         1240    i.USART2_IRQHandler  stm32f4xx_it.o
    0x08004e54   0x0000005c   Code   RO         1241    i.USART3_IRQHandler  stm32f4xx_it.o
    0x08004eb0   0x0000000c   Code   RO         1242    i.USART6_IRQHandler  stm32f4xx_it.o
    0x08004ebc   0x00000002   Code   RO         1243    i.UsageFault_Handler  stm32f4xx_it.o
    0x08004ebe   0x00000002   PAD
    0x08004ec0   0x00000020   Code   RO         7259    i.__0printf         mc_w.l(printfa.o)
    0x08004ee0   0x00000020   Code   RO         3134    i.__NVIC_SetPriority  stm32f4xx_hal_cortex.o
    0x08004f00   0x0000000e   Code   RO         7331    i.__scatterload_copy  mc_w.l(handlers.o)
    0x08004f0e   0x00000002   Code   RO         7332    i.__scatterload_null  mc_w.l(handlers.o)
    0x08004f10   0x0000000e   Code   RO         7333    i.__scatterload_zeroinit  mc_w.l(handlers.o)
    0x08004f1e   0x00000002   PAD
    0x08004f20   0x00000164   Code   RO         7266    i._fp_digits        mc_w.l(printfa.o)
    0x08005084   0x000006dc   Code   RO         7267    i._printf_core      mc_w.l(printfa.o)
    0x08005760   0x00000024   Code   RO         7268    i._printf_post_padding  mc_w.l(printfa.o)
    0x08005784   0x0000002e   Code   RO         7269    i._printf_pre_padding  mc_w.l(printfa.o)
    0x080057b2   0x0000000a   Code   RO          617    i.bldc_ctrl_enable  dev_bldc_ctrl.o
    0x080057bc   0x0000000a   Code   RO          618    i.bldc_ctrl_set_dir  dev_bldc_ctrl.o
    0x080057c6   0x0000000a   Code   RO          619    i.bldc_ctrl_set_protocol_trans  dev_bldc_ctrl.o
    0x080057d0   0x0000000a   Code   RO          620    i.bldc_ctrl_set_slow_down_time  dev_bldc_ctrl.o
    0x080057da   0x0000000a   Code   RO          621    i.bldc_ctrl_set_speed  dev_bldc_ctrl.o
    0x080057e4   0x0000000a   Code   RO          622    i.bldc_ctrl_set_speed_up_time  dev_bldc_ctrl.o
    0x080057ee   0x0000000a   Code   RO          623    i.bldc_ctrl_switch  dev_bldc_ctrl.o
    0x080057f8   0x00000020   Code   RO          255    i.crc_cal           crc.o
    0x08005818   0x00000018   Code   RO         1065    i.fputc             usart.o
    0x08005830   0x000000ac   Code   RO          366    i.main              main.o
    0x080058dc   0x0000002c   Code   RO          482    i.modbus_crc16      modbus_rtu.o
    0x08005908   0x00000020   Code   RO          483    i.modbus_create_mutex  modbus_rtu.o
    0x08005928   0x00000018   Code   RO          484    i.modbus_create_rx_semaphore  modbus_rtu.o
    0x08005940   0x00000080   Code   RO          487    i.modbus_read_holding_registers  modbus_rtu.o
    0x080059c0   0x00000080   Code   RO          488    i.modbus_read_input_registers  modbus_rtu.o
    0x08005a40   0x000001f8   Code   RO          490    i.modbus_transaction  modbus_rtu.o
    0x08005c38   0x00000070   Code   RO          493    i.modbus_write_single_register  modbus_rtu.o
    0x08005ca8   0x0000000c   Code   RO          590    i.od_ctrl_read_value  dev_od_ctrl.o
    0x08005cb4   0x0000001a   Code   RO         6373    i.osDelay           cmsis_os2.o
    0x08005cce   0x00000002   PAD
    0x08005cd0   0x00000024   Code   RO         6387    i.osKernelInitialize  cmsis_os2.o
    0x08005cf4   0x00000038   Code   RO         6390    i.osKernelStart     cmsis_os2.o
    0x08005d2c   0x00000052   Code   RO         6410    i.osMutexAcquire    cmsis_os2.o
    0x08005d7e   0x00000068   Code   RO         6413    i.osMutexNew        cmsis_os2.o
    0x08005de6   0x00000042   Code   RO         6414    i.osMutexRelease    cmsis_os2.o
    0x08005e28   0x0000005c   Code   RO         6415    i.osSemaphoreAcquire  cmsis_os2.o
    0x08005e84   0x00000098   Code   RO         6418    i.osSemaphoreNew    cmsis_os2.o
    0x08005f1c   0x00000054   Code   RO         6419    i.osSemaphoreRelease  cmsis_os2.o
    0x08005f70   0x00000088   Code   RO         6432    i.osThreadNew       cmsis_os2.o
    0x08005ff8   0x000000cc   Code   RO          725    i.ph_ctrl_read_value  dev_ph_ctrl.o
    0x080060c4   0x0000005c   Code   RO         5832    i.prvAddCurrentTaskToDelayedList  tasks.o
    0x08006120   0x000000d0   Code   RO         5833    i.prvAddNewTaskToReadyList  tasks.o
    0x080061f0   0x00000058   Code   RO         6197    i.prvCheckForValidListAndQueue  timers.o
    0x08006248   0x00000026   Code   RO         5429    i.prvCopyDataFromQueue  queue.o
    0x0800626e   0x0000006c   Code   RO         5430    i.prvCopyDataToQueue  queue.o
    0x080062da   0x00000034   Code   RO         5834    i.prvDeleteTCB      tasks.o
    0x0800630e   0x00000002   PAD
    0x08006310   0x0000004c   Code   RO         6881    i.prvHeapInit       heap_4.o
    0x0800635c   0x00000060   Code   RO         5835    i.prvIdleTask       tasks.o
    0x080063bc   0x00000016   Code   RO         5431    i.prvInitialiseMutex  queue.o
    0x080063d2   0x00000002   PAD
    0x080063d4   0x00000022   Code   RO         5432    i.prvInitialiseNewQueue  queue.o
    0x080063f6   0x00000002   PAD
    0x080063f8   0x000000b0   Code   RO         5836    i.prvInitialiseNewTask  tasks.o
    0x080064a8   0x0000004c   Code   RO         6882    i.prvInsertBlockIntoFreeList  heap_4.o
    0x080064f4   0x00000038   Code   RO         6199    i.prvInsertTimerInActiveList  timers.o
    0x0800652c   0x0000001c   Code   RO         5433    i.prvIsQueueEmpty   queue.o
    0x08006548   0x000000fc   Code   RO         6200    i.prvProcessReceivedCommands  timers.o
    0x08006644   0x000000c0   Code   RO         6201    i.prvProcessTimerOrBlockTask  timers.o
    0x08006704   0x00000020   Code   RO         5838    i.prvResetNextTaskUnblockTime  tasks.o
    0x08006724   0x00000028   Code   RO         6202    i.prvSampleTimeNow  timers.o
    0x0800674c   0x0000006c   Code   RO         6203    i.prvSwitchTimerLists  timers.o
    0x080067b8   0x00000028   Code   RO         6937    i.prvTaskExitError  port.o
    0x080067e0   0x00000024   Code   RO         6204    i.prvTimerTask      timers.o
    0x08006804   0x0000006a   Code   RO         5434    i.prvUnlockQueue    queue.o
    0x0800686e   0x00000002   PAD
    0x08006870   0x000000dc   Code   RO         6883    i.pvPortMalloc      heap_4.o
    0x0800694c   0x00000018   Code   RO         5841    i.pvTaskIncrementMutexHeldCount  tasks.o
    0x08006964   0x0000002c   Code   RO         6938    i.pxPortInitialiseStack  port.o
    0x08006990   0x00000026   Code   RO          256    i.reverse           crc.o
    0x080069b6   0x00000002   PAD
    0x080069b8   0x0000001c   Code   RO         1067    i.rs485_transmit    usart.o
    0x080069d4   0x00000030   Code   RO           23    i.step_motor_control  app_control.o
    0x08006a04   0x00000046   Code   RO           24    i.step_motor_init   app_control.o
    0x08006a4a   0x00000002   PAD
    0x08006a4c   0x000000b0   Code   RO          680    i.temp_ctrl_read_alarm  dev_temp_ctrl.o
    0x08006afc   0x0000001c   Code   RO          681    i.temp_ctrl_read_temperature  dev_temp_ctrl.o
    0x08006b18   0x0000000a   Code   RO          682    i.temp_ctrl_set_temperature  dev_temp_ctrl.o
    0x08006b22   0x0000000a   Code   RO          683    i.temp_ctrl_set_timeout  dev_temp_ctrl.o
    0x08006b2c   0x00000026   Code   RO          257    i.tmc_crc           crc.o
    0x08006b52   0x00000002   PAD
    0x08006b54   0x00000044   Code   RO         1068    i.uart_dma_init     usart.o
    0x08006b98   0x00000026   Code   RO         5389    i.uxListRemove      list.o
    0x08006bbe   0x00000002   PAD
    0x08006bc0   0x00000014   Code   RO         6444    i.vApplicationGetIdleTaskMemory  cmsis_os2.o
    0x08006bd4   0x00000018   Code   RO         6445    i.vApplicationGetTimerTaskMemory  cmsis_os2.o
    0x08006bec   0x00000016   Code   RO         5390    i.vListInitialise   list.o
    0x08006c02   0x00000006   Code   RO         5391    i.vListInitialiseItem  list.o
    0x08006c08   0x00000030   Code   RO         5392    i.vListInsert       list.o
    0x08006c38   0x00000018   Code   RO         5393    i.vListInsertEnd    list.o
    0x08006c50   0x00000040   Code   RO         6940    i.vPortEnterCritical  port.o
    0x08006c90   0x00000028   Code   RO         6941    i.vPortExitCritical  port.o
    0x08006cb8   0x00000064   Code   RO         6884    i.vPortFree         heap_4.o
    0x08006d1c   0x00000024   Code   RO         6942    i.vPortSetupTimerInterrupt  port.o
    0x08006d40   0x00000054   Code   RO         6943    i.vPortValidateInterruptPriority  port.o
    0x08006d94   0x00000028   Code   RO         5440    i.vQueueAddToRegistry  queue.o
    0x08006dbc   0x0000002e   Code   RO         5441    i.vQueueDelete      queue.o
    0x08006dea   0x00000002   PAD
    0x08006dec   0x00000028   Code   RO         5443    i.vQueueUnregisterQueue  queue.o
    0x08006e14   0x00000044   Code   RO         5444    i.vQueueWaitForMessageRestricted  queue.o
    0x08006e58   0x0000004c   Code   RO         5851    i.vTaskDelay        tasks.o
    0x08006ea4   0x00000010   Code   RO         5856    i.vTaskInternalSetTimeOutState  tasks.o
    0x08006eb4   0x0000000c   Code   RO         5857    i.vTaskMissedYield  tasks.o
    0x08006ec0   0x00000030   Code   RO         5859    i.vTaskPlaceOnEventList  tasks.o
    0x08006ef0   0x00000038   Code   RO         5860    i.vTaskPlaceOnEventListRestricted  tasks.o
    0x08006f28   0x00000090   Code   RO         5862    i.vTaskPriorityDisinheritAfterTimeout  tasks.o
    0x08006fb8   0x00000088   Code   RO         5868    i.vTaskStartScheduler  tasks.o
    0x08007040   0x00000010   Code   RO         5870    i.vTaskSuspendAll   tasks.o
    0x08007050   0x00000064   Code   RO         5871    i.vTaskSwitchContext  tasks.o
    0x080070b4   0x000000f4   Code   RO         6944    i.xPortStartScheduler  port.o
    0x080071a8   0x0000002c   Code   RO         6945    i.xPortSysTickHandler  port.o
    0x080071d4   0x0000003a   Code   RO         5445    i.xQueueCreateCountingSemaphore  queue.o
    0x0800720e   0x00000040   Code   RO         5446    i.xQueueCreateCountingSemaphoreStatic  queue.o
    0x0800724e   0x00000016   Code   RO         5447    i.xQueueCreateMutex  queue.o
    0x08007264   0x0000001a   Code   RO         5448    i.xQueueCreateMutexStatic  queue.o
    0x0800727e   0x00000042   Code   RO         5449    i.xQueueGenericCreate  queue.o
    0x080072c0   0x00000066   Code   RO         5450    i.xQueueGenericCreateStatic  queue.o
    0x08007326   0x00000002   PAD
    0x08007328   0x00000088   Code   RO         5451    i.xQueueGenericReset  queue.o
    0x080073b0   0x00000160   Code   RO         5452    i.xQueueGenericSend  queue.o
    0x08007510   0x000000be   Code   RO         5453    i.xQueueGenericSendFromISR  queue.o
    0x080075ce   0x0000009c   Code   RO         5456    i.xQueueGiveFromISR  queue.o
    0x0800766a   0x0000003e   Code   RO         5457    i.xQueueGiveMutexRecursive  queue.o
    0x080076a8   0x00000138   Code   RO         5462    i.xQueueReceive     queue.o
    0x080077e0   0x0000009a   Code   RO         5463    i.xQueueReceiveFromISR  queue.o
    0x0800787a   0x00000002   PAD
    0x0800787c   0x00000178   Code   RO         5464    i.xQueueSemaphoreTake  queue.o
    0x080079f4   0x00000040   Code   RO         5465    i.xQueueTakeMutexRecursive  queue.o
    0x08007a34   0x00000074   Code   RO         5873    i.xTaskCheckForTimeOut  tasks.o
    0x08007aa8   0x0000005a   Code   RO         5874    i.xTaskCreate       tasks.o
    0x08007b02   0x00000056   Code   RO         5875    i.xTaskCreateStatic  tasks.o
    0x08007b58   0x0000000c   Code   RO         5878    i.xTaskGetCurrentTaskHandle  tasks.o
    0x08007b64   0x0000001c   Code   RO         5879    i.xTaskGetSchedulerState  tasks.o
    0x08007b80   0x0000000c   Code   RO         5880    i.xTaskGetTickCount  tasks.o
    0x08007b8c   0x000000c8   Code   RO         5882    i.xTaskIncrementTick  tasks.o
    0x08007c54   0x00000080   Code   RO         5885    i.xTaskPriorityDisinherit  tasks.o
    0x08007cd4   0x00000078   Code   RO         5886    i.xTaskPriorityInherit  tasks.o
    0x08007d4c   0x00000070   Code   RO         5887    i.xTaskRemoveFromEventList  tasks.o
    0x08007dbc   0x000000c4   Code   RO         5888    i.xTaskResumeAll    tasks.o
    0x08007e80   0x00000060   Code   RO         6213    i.xTimerCreateTimerTask  timers.o
    0x08007ee0   0x00000068   Code   RO         6214    i.xTimerGenericCommand  timers.o
    0x08007f48   0x00000040   Data   RO           27    .constdata          app_control.o
    0x08007f88   0x00000100   Data   RO          258    .constdata          crc.o
    0x08008088   0x00000024   Data   RO          288    .constdata          freertos.o
    0x080080ac   0x00000210   Data   RO          495    .constdata          modbus_rtu.o
    0x080082bc   0x00000008   Data   RO         2848    .constdata          stm32f4xx_hal_dma.o
    0x080082c4   0x00000010   Data   RO         5225    .constdata          system_stm32f4xx.o
    0x080082d4   0x00000008   Data   RO         5226    .constdata          system_stm32f4xx.o
    0x080082dc   0x0000000c   Data   RO          289    .conststring        freertos.o
    0x080082e8   0x0000000c   Data   RO          496    .conststring        modbus_rtu.o
    0x080082f4   0x00000020   Data   RO         7329    Region$$Table       anon$$obj.o


    Execution Region RW_IRAM1 (Base: 0x20000000, Size: 0x00005ee0, Max: 0x0001c000, ABSOLUTE)

    Base Addr    Size         Type   Attr      Idx    E Section Name        Object

    0x20000000   0x00000008   Data   RW          290    .data               freertos.o
    0x20000008   0x00000018   Data   RW          438    .data               tmc2209.o
    0x20000020   0x00000014   Data   RW          497    .data               modbus_rtu.o
    0x20000034   0x00000002   Data   RW         1071    .data               usart.o
    0x20000036   0x00000002   PAD
    0x20000038   0x0000000c   Data   RW         3293    .data               stm32f4xx_hal.o
    0x20000044   0x00000004   Data   RW         5227    .data               system_stm32f4xx.o
    0x20000048   0x0000003c   Data   RW         5891    .data               tasks.o
    0x20000084   0x00000014   Data   RW         6222    .data               timers.o
    0x20000098   0x00000004   Data   RW         6447    .data               cmsis_os2.o
    0x2000009c   0x00000020   Data   RW         6890    .data               heap_4.o
    0x200000bc   0x0000000c   Data   RW         6946    .data               port.o
    0x200000c8   0x00000004   Data   RW         7307    .data               mc_w.l(stdout.o)
    0x200000cc   0x00000098   Zero   RW          494    .bss                modbus_rtu.o
    0x20000164   0x00000054   Zero   RW          809    .bss                i2c.o
    0x200001b8   0x0000000c   Zero   RW          849    .bss                iwdg.o
    0x200001c4   0x00000084   Zero   RW          881    .bss                sdio.o
    0x20000248   0x000000b0   Zero   RW          924    .bss                spi.o
    0x200002f8   0x00000120   Zero   RW          979    .bss                tim.o
    0x20000418   0x000009a8   Zero   RW         1069    .bss                usart.o
    0x20000dc0   0x00000400   Zero   RW         1070    .bss                usart.o
    0x200011c0   0x00000048   Zero   RW         1181    .bss                stm32f4xx_hal_timebase_tim.o
    0x20001208   0x00000040   Zero   RW         5466    .bss                queue.o
    0x20001248   0x000004c4   Zero   RW         5890    .bss                tasks.o
    0x2000170c   0x00000118   Zero   RW         6221    .bss                timers.o
    0x20001824   0x000006b8   Zero   RW         6446    .bss                cmsis_os2.o
    0x20001edc   0x00003c00   Zero   RW         6889    .bss                heap_4.o
    0x20005adc   0x00000004   PAD
    0x20005ae0   0x00000400   Zero   RW            1    STACK               startup_stm32f405xx.o


    Execution Region RW_IRAM2 (Base: 0x2001c000, Size: 0x00000000, Max: 0x00004000, ABSOLUTE)

    **** No section assigned to this execution region ****


==============================================================================

Image component sizes


      Code (inc. data)   RO Data    RW Data    ZI Data      Debug   Object Name

       118          4         64          0          0     683733   app_control.o
       904         32          0          4       1720      67349   cmsis_os2.o
       108          6        256          0          0       2236   crc.o
        70          0          0          0          0       3860   dev_bldc_ctrl.o
        12          0          0          0          0        881   dev_od_ctrl.o
       204         94          0          0          0       1396   dev_ph_ctrl.o
       224         94          0          0          0       2924   dev_temp_ctrl.o
       204          4          0          0          0        942   dma.o
         0          0          0          0          0      19460   event_groups.o
       308         72         48          8          0      14549   freertos.o
       344         22          0          0          0       1163   gpio.o
       472         24          0         32      15360       4867   heap_4.o
       200         26          0          0         84       1785   i2c.o
         0          0          0          0         12        212   iwdg.o
       138          0          0          0          0       3546   list.o
       352         32          0          0          0       4184   main.o
       972         52        540         20        152      11447   modbus_rtu.o
       786         82          0         12          0      11509   port.o
      2670         28          0          0         64      30232   queue.o
         0          0          0          0        132        206   sdio.o
       388         38          0          0        176       2558   spi.o
        36          8        392          0       1024        836   startup_stm32f405xx.o
       116         18          0         12          0       8722   stm32f4xx_hal.o
       158         14          0          0          0      33034   stm32f4xx_hal_cortex.o
      1090         16          8          0          0       7937   stm32f4xx_hal_dma.o
       506         46          0          0          0       2192   stm32f4xx_hal_gpio.o
      3630         56          0          0          0      23573   stm32f4xx_hal_i2c.o
        12          0          0          0          0       1123   stm32f4xx_hal_iwdg.o
        56          4          0          0          0        902   stm32f4xx_hal_msp.o
      1408         82          0          0          0       5921   stm32f4xx_hal_rcc.o
       708          8          0          0          0       6748   stm32f4xx_hal_sd.o
       458          6          0          0          0       3452   stm32f4xx_hal_spi.o
      2098        146          0          0          0      17785   stm32f4xx_hal_tim.o
       148         28          0          0          0       2485   stm32f4xx_hal_tim_ex.o
       152         20          0          0         72       1511   stm32f4xx_hal_timebase_tim.o
      2354         40          0          0          0      18823   stm32f4xx_hal_uart.o
       456        164          0          0          0      14468   stm32f4xx_it.o
       444         16          0          0          0       6175   stm32f4xx_ll_sdmmc.o
         0          0          0          0          0        392   stream_buffer.o
        16          4         24          4          0       1167   system_stm32f4xx.o
      2384        198          0         60       1220      30045   tasks.o
       936         82          0          0        288       5283   tim.o
       972         80          0         20        280      32127   timers.o
       348         34          0         24          0       4305   tmc2209.o
      1404        116          0          2       3496       7659   usart.o

    ----------------------------------------------------------------------
     28434       1796       1364        200      24084    1105704   Object Totals
         0          0         32          0          0          0   (incl. Generated)
        70          0          0          2          4          0   (incl. Padding)

    ----------------------------------------------------------------------

      Code (inc. data)   RO Data    RW Data    ZI Data      Debug   Library Member Name

         0          0          0          0          0          0   entry.o
         0          0          0          0          0          0   entry10a.o
         0          0          0          0          0          0   entry11a.o
         8          4          0          0          0          0   entry2.o
         4          0          0          0          0          0   entry5.o
         0          0          0          0          0          0   entry7b.o
         0          0          0          0          0          0   entry8b.o
         8          4          0          0          0          0   entry9a.o
        30          0          0          0          0          0   handlers.o
        36          8          0          0          0         68   init.o
         0          0          0          0          0          0   iusefp.o
        30          0          0          0          0         68   llshl.o
        36          0          0          0          0         68   llsshr.o
        32          0          0          0          0         68   llushr.o
        36          0          0          0          0         68   memcpya.o
        36          0          0          0          0        108   memseta.o
      2226         90          0          0          0        444   printfa.o
         0          0          0          4          0          0   stdout.o
        44          0          0          0          0         80   uidiv.o
        98          0          0          0          0         92   uldiv.o
        48          0          0          0          0         68   cdrcmple.o
       334          0          0          0          0        148   dadd.o
       222          0          0          0          0        100   ddiv.o
       186          0          0          0          0        176   depilogue.o
        48          0          0          0          0         68   dfixul.o
        26          0          0          0          0         76   dfltui.o
       228          0          0          0          0         96   dmul.o
        38          0          0          0          0         68   f2d.o

    ----------------------------------------------------------------------
      3758        106          0          4          0       1864   Library Totals
         4          0          0          0          0          0   (incl. Padding)

    ----------------------------------------------------------------------

      Code (inc. data)   RO Data    RW Data    ZI Data      Debug   Library Name

      2624        106          0          4          0       1064   mc_w.l
      1130          0          0          0          0        800   mf_w.l

    ----------------------------------------------------------------------
      3758        106          0          4          0       1864   Library Totals

    ----------------------------------------------------------------------

==============================================================================


      Code (inc. data)   RO Data    RW Data    ZI Data      Debug   

     32192       1902       1364        204      24084    1077736   Grand Totals
     32192       1902       1364        204      24084    1077736   ELF Image Totals
     32192       1902       1364        204          0          0   ROM Totals

==============================================================================

    Total RO  Size (Code + RO Data)                33556 (  32.77kB)
    Total RW  Size (RW Data + ZI Data)             24288 (  23.72kB)
    Total ROM Size (Code + RO Data + RW Data)      33760 (  32.97kB)

==============================================================================

