Component: ARM Compiler 5.06 update 1 (build 61) Tool: armlink [4d35a8]

==============================================================================

Section Cross References

    startup_stm32f405xx.o(RESET) refers to startup_stm32f405xx.o(STACK) for __initial_sp
    startup_stm32f405xx.o(RESET) refers to startup_stm32f405xx.o(.text) for Reset_Handler
    startup_stm32f405xx.o(RESET) refers to stm32f4xx_it.o(i.NMI_Handler) for NMI_Handler
    startup_stm32f405xx.o(RESET) refers to stm32f4xx_it.o(i.HardFault_Handler) for HardFault_Handler
    startup_stm32f405xx.o(RESET) refers to stm32f4xx_it.o(i.MemManage_Handler) for MemManage_Handler
    startup_stm32f405xx.o(RESET) refers to stm32f4xx_it.o(i.BusFault_Handler) for BusFault_Handler
    startup_stm32f405xx.o(RESET) refers to stm32f4xx_it.o(i.UsageFault_Handler) for UsageFault_Handler
    startup_stm32f405xx.o(RESET) refers to port.o(.emb_text) for SVC_Handler
    startup_stm32f405xx.o(RESET) refers to stm32f4xx_it.o(i.DebugMon_Handler) for DebugMon_Handler
    startup_stm32f405xx.o(RESET) refers to cmsis_os2.o(i.SysTick_Handler) for SysTick_Handler
    startup_stm32f405xx.o(RESET) refers to stm32f4xx_it.o(i.DMA1_Stream1_IRQHandler) for DMA1_Stream1_IRQHandler
    startup_stm32f405xx.o(RESET) refers to stm32f4xx_it.o(i.DMA1_Stream2_IRQHandler) for DMA1_Stream2_IRQHandler
    startup_stm32f405xx.o(RESET) refers to stm32f4xx_it.o(i.DMA1_Stream3_IRQHandler) for DMA1_Stream3_IRQHandler
    startup_stm32f405xx.o(RESET) refers to stm32f4xx_it.o(i.DMA1_Stream4_IRQHandler) for DMA1_Stream4_IRQHandler
    startup_stm32f405xx.o(RESET) refers to stm32f4xx_it.o(i.DMA1_Stream5_IRQHandler) for DMA1_Stream5_IRQHandler
    startup_stm32f405xx.o(RESET) refers to stm32f4xx_it.o(i.DMA1_Stream6_IRQHandler) for DMA1_Stream6_IRQHandler
    startup_stm32f405xx.o(RESET) refers to stm32f4xx_it.o(i.I2C1_EV_IRQHandler) for I2C1_EV_IRQHandler
    startup_stm32f405xx.o(RESET) refers to stm32f4xx_it.o(i.I2C1_ER_IRQHandler) for I2C1_ER_IRQHandler
    startup_stm32f405xx.o(RESET) refers to stm32f4xx_it.o(i.SPI1_IRQHandler) for SPI1_IRQHandler
    startup_stm32f405xx.o(RESET) refers to stm32f4xx_it.o(i.SPI2_IRQHandler) for SPI2_IRQHandler
    startup_stm32f405xx.o(RESET) refers to stm32f4xx_it.o(i.USART1_IRQHandler) for USART1_IRQHandler
    startup_stm32f405xx.o(RESET) refers to stm32f4xx_it.o(i.USART2_IRQHandler) for USART2_IRQHandler
    startup_stm32f405xx.o(RESET) refers to stm32f4xx_it.o(i.USART3_IRQHandler) for USART3_IRQHandler
    startup_stm32f405xx.o(RESET) refers to stm32f4xx_it.o(i.SDIO_IRQHandler) for SDIO_IRQHandler
    startup_stm32f405xx.o(RESET) refers to stm32f4xx_it.o(i.UART4_IRQHandler) for UART4_IRQHandler
    startup_stm32f405xx.o(RESET) refers to stm32f4xx_it.o(i.TIM6_DAC_IRQHandler) for TIM6_DAC_IRQHandler
    startup_stm32f405xx.o(RESET) refers to stm32f4xx_it.o(i.DMA2_Stream1_IRQHandler) for DMA2_Stream1_IRQHandler
    startup_stm32f405xx.o(RESET) refers to stm32f4xx_it.o(i.DMA2_Stream2_IRQHandler) for DMA2_Stream2_IRQHandler
    startup_stm32f405xx.o(RESET) refers to stm32f4xx_it.o(i.DMA2_Stream6_IRQHandler) for DMA2_Stream6_IRQHandler
    startup_stm32f405xx.o(RESET) refers to stm32f4xx_it.o(i.DMA2_Stream7_IRQHandler) for DMA2_Stream7_IRQHandler
    startup_stm32f405xx.o(RESET) refers to stm32f4xx_it.o(i.USART6_IRQHandler) for USART6_IRQHandler
    startup_stm32f405xx.o(.text) refers to system_stm32f4xx.o(i.SystemInit) for SystemInit
    startup_stm32f405xx.o(.text) refers to entry.o(.ARM.Collect$$$$00000000) for __main
    main.o(i.HAL_TIM_PeriodElapsedCallback) refers to stm32f4xx_hal.o(i.HAL_IncTick) for HAL_IncTick
    main.o(i.SystemClock_Config) refers to memseta.o(.text) for __aeabi_memclr4
    main.o(i.SystemClock_Config) refers to stm32f4xx_hal_rcc.o(i.HAL_RCC_OscConfig) for HAL_RCC_OscConfig
    main.o(i.SystemClock_Config) refers to stm32f4xx_hal_rcc.o(i.HAL_RCC_ClockConfig) for HAL_RCC_ClockConfig
    main.o(i.main) refers to stm32f4xx_hal.o(i.HAL_Init) for HAL_Init
    main.o(i.main) refers to main.o(i.SystemClock_Config) for SystemClock_Config
    main.o(i.main) refers to gpio.o(i.MX_GPIO_Init) for MX_GPIO_Init
    main.o(i.main) refers to dma.o(i.MX_DMA_Init) for MX_DMA_Init
    main.o(i.main) refers to i2c.o(i.MX_I2C1_Init) for MX_I2C1_Init
    main.o(i.main) refers to spi.o(i.MX_SPI1_Init) for MX_SPI1_Init
    main.o(i.main) refers to spi.o(i.MX_SPI2_Init) for MX_SPI2_Init
    main.o(i.main) refers to tim.o(i.MX_TIM1_Init) for MX_TIM1_Init
    main.o(i.main) refers to tim.o(i.MX_TIM2_Init) for MX_TIM2_Init
    main.o(i.main) refers to tim.o(i.MX_TIM3_Init) for MX_TIM3_Init
    main.o(i.main) refers to tim.o(i.MX_TIM4_Init) for MX_TIM4_Init
    main.o(i.main) refers to usart.o(i.MX_UART4_Init) for MX_UART4_Init
    main.o(i.main) refers to usart.o(i.MX_USART1_UART_Init) for MX_USART1_UART_Init
    main.o(i.main) refers to usart.o(i.MX_USART2_UART_Init) for MX_USART2_UART_Init
[...]
    i.__scatterload_null                     0x080047b2   Section        2  handlers.o(i.__scatterload_null)
    i.__scatterload_zeroinit                 0x080047b4   Section       14  handlers.o(i.__scatterload_zeroinit)
    i._printf_core                           0x080047c4   Section        0  printf6.o(i._printf_core)
    _printf_core                             0x080047c5   Thumb Code   748  printf6.o(i._printf_core)
    i._printf_post_padding                   0x08004ab4   Section        0  printf6.o(i._printf_post_padding)
    _printf_post_padding                     0x08004ab5   Thumb Code    36  printf6.o(i._printf_post_padding)
    i._printf_pre_padding                    0x08004ad8   Section        0  printf6.o(i._printf_pre_padding)
    _printf_pre_padding                      0x08004ad9   Thumb Code    46  printf6.o(i._printf_pre_padding)
    i._snputc                                0x08004b06   Section        0  printf6.o(i._snputc)
    _snputc                                  0x08004b07   Thumb Code    22  printf6.o(i._snputc)
    i.fputc                                  0x08004b1c   Section        0  usart.o(i.fputc)
    i.main                                   0x08004b34   Section        0  main.o(i.main)
    i.osDelay                                0x08004b9c   Section        0  cmsis_os2.o(i.osDelay)
    i.osKernelInitialize                     0x08004bb8   Section        0  cmsis_os2.o(i.osKernelInitialize)
    i.osKernelStart                          0x08004bdc   Section        0  cmsis_os2.o(i.osKernelStart)
    i.osThreadNew                            0x08004c14   Section        0  cmsis_os2.o(i.osThreadNew)
    i.prvAddCurrentTaskToDelayedList         0x08004c9c   Section        0  tasks.o(i.prvAddCurrentTaskToDelayedList)
    prvAddCurrentTaskToDelayedList           0x08004c9d   Thumb Code    84  tasks.o(i.prvAddCurrentTaskToDelayedList)
    i.prvAddNewTaskToReadyList               0x08004cf8   Section        0  tasks.o(i.prvAddNewTaskToReadyList)
    prvAddNewTaskToReadyList                 0x08004cf9   Thumb Code   190  tasks.o(i.prvAddNewTaskToReadyList)
    i.prvCheckForValidListAndQueue           0x08004dc8   Section        0  timers.o(i.prvCheckForValidListAndQueue)
    prvCheckForValidListAndQueue             0x08004dc9   Thumb Code    72  timers.o(i.prvCheckForValidListAndQueue)
    i.prvCopyDataFromQueue                   0x08004e20   Section        0  queue.o(i.prvCopyDataFromQueue)
    prvCopyDataFromQueue                     0x08004e21   Thumb Code    38  queue.o(i.prvCopyDataFromQueue)
    i.prvCopyDataToQueue                     0x08004e46   Section        0  queue.o(i.prvCopyDataToQueue)
    prvCopyDataToQueue                       0x08004e47   Thumb Code   108  queue.o(i.prvCopyDataToQueue)
    i.prvDeleteTCB                           0x08004eb2   Section        0  tasks.o(i.prvDeleteTCB)
    prvDeleteTCB                             0x08004eb3   Thumb Code    52  tasks.o(i.prvDeleteTCB)
    i.prvHeapInit                            0x08004ee8   Section        0  heap_4.o(i.prvHeapInit)
    prvHeapInit                              0x08004ee9   Thumb Code    66  heap_4.o(i.prvHeapInit)
    i.prvIdleTask                            0x08004f34   Section        0  tasks.o(i.prvIdleTask)
    prvIdleTask                              0x08004f35   Thumb Code    82  tasks.o(i.prvIdleTask)
    i.prvInitialiseNewQueue                  0x08004f94   Section        0  queue.o(i.prvInitialiseNewQueue)
    prvInitialiseNewQueue                    0x08004f95   Thumb Code    34  queue.o(i.prvInitialiseNewQueue)
    i.prvInitialiseNewTask                   0x08004fb8   Section        0  tasks.o(i.prvInitialiseNewTask)
    prvInitialiseNewTask                     0x08004fb9   Thumb Code   176  tasks.o(i.prvInitialiseNewTask)
    i.prvInsertBlockIntoFreeList             0x08005068   Section        0  heap_4.o(i.prvInsertBlockIntoFreeList)
    prvInsertBlockIntoFreeList               0x08005069   Thumb Code    72  heap_4.o(i.prvInsertBlockIntoFreeList)
    i.prvInsertTimerInActiveList             0x080050b4   Section        0  timers.o(i.prvInsertTimerInActiveList)
    prvInsertTimerInActiveList               0x080050b5   Thumb Code    52  timers.o(i.prvInsertTimerInActiveList)
    i.prvIsQueueEmpty                        0x080050ec   Section        0  queue.o(i.prvIsQueueEmpty)
    prvIsQueueEmpty                          0x080050ed   Thumb Code    28  queue.o(i.prvIsQueueEmpty)
    i.prvProcessReceivedCommands             0x08005108   Section        0  timers.o(i.prvProcessReceivedCommands)
    prvProcessReceivedCommands               0x08005109   Thumb Code   248  timers.o(i.prvProcessReceivedCommands)
    i.prvProcessTimerOrBlockTask             0x08005204   Section        0  timers.o(i.prvProcessTimerOrBlockTask)
    prvProcessTimerOrBlockTask               0x08005205   Thumb Code   182  timers.o(i.prvProcessTimerOrBlockTask)
    i.prvResetNextTaskUnblockTime            0x080052c4   Section        0  tasks.o(i.prvResetNextTaskUnblockTime)
    prvResetNextTaskUnblockTime              0x080052c5   Thumb Code    26  tasks.o(i.prvResetNextTaskUnblockTime)
    i.prvSampleTimeNow                       0x080052e4   Section        0  timers.o(i.prvSampleTimeNow)
    prvSampleTimeNow                         0x080052e5   Thumb Code    36  timers.o(i.prvSampleTimeNow)
    i.prvSwitchTimerLists                    0x0800530c   Section        0  timers.o(i.prvSwitchTimerLists)
    prvSwitchTimerLists                      0x0800530d   Thumb Code   104  timers.o(i.prvSwitchTimerLists)
    i.prvTaskExitError                       0x08005378   Section        0  port.o(i.prvTaskExitError)
    prvTaskExitError                         0x08005379   Thumb Code    36  port.o(i.prvTaskExitError)
    i.prvTimerTask                           0x080053a0   Section        0  timers.o(i.prvTimerTask)
    prvTimerTask                             0x080053a1   Thumb Code    32  timers.o(i.prvTimerTask)
    i.prvUnlockQueue                         0x080053c4   Section        0  queue.o(i.prvUnlockQueue)
    prvUnlockQueue                           0x080053c5   Thumb Code   106  queue.o(i.prvUnlockQueue)
    i.pvPortMalloc                           0x08005430   Section        0  heap_4.o(i.pvPortMalloc)
    i.pxPortInitialiseStack                  0x0800550c   Section        0  port.o(i.pxPortInitialiseStack)
    i.uxListRemove                           0x08005538   Section        0  list.o(i.uxListRemove)
    i.vApplicationGetIdleTaskMemory          0x08005560   Section        0  cmsis_os2.o(i.vApplicationGetIdleTaskMemory)
    i.vApplicationGetTimerTaskMemory         0x08005574   Section        0  cmsis_os2.o(i.vApplicationGetTimerTaskMemory)
    i.vListInitialise                        0x0800558c   Section        0  list.o(i.vListInitialise)
    i.vListInitialiseItem                    0x080055a2   Section        0  list.o(i.vListInitialiseItem)
    i.vListInsert                            0x080055a8   Section        0  list.o(i.vListInsert)
    i.vListInsertEnd                         0x080055d8   Section        0  list.o(i.vListInsertEnd)
    i.vPortEnterCritical                     0x080055f0   Section        0  port.o(i.vPortEnterCritical)
    i.vPortExitCritical                      0x08005630   Section        0  port.o(i.vPortExitCritical)
    i.vPortFree                              0x08005658   Section        0  heap_4.o(i.vPortFree)
    i.vPortSetupTimerInterrupt               0x080056bc   Section        0  port.o(i.vPortSetupTimerInterrupt)
    i.vPortValidateInterruptPriority         0x080056e0   Section        0  port.o(i.vPortValidateInterruptPriority)
    i.vQueueAddToRegistry                    0x08005734   Section        0  queue.o(i.vQueueAddToRegistry)
    i.vQueueWaitForMessageRestricted         0x0800575c   Section        0  queue.o(i.vQueueWaitForMessageRestricted)
    i.vTaskDelay                             0x080057a0   Section        0  tasks.o(i.vTaskDelay)
    i.vTaskInternalSetTimeOutState           0x080057ec   Section        0  tasks.o(i.vTaskInternalSetTimeOutState)
    i.vTaskMissedYield                       0x080057fc   Section        0  tasks.o(i.vTaskMissedYield)
    i.vTaskPlaceOnEventList                  0x08005808   Section        0  tasks.o(i.vTaskPlaceOnEventList)
    i.vTaskPlaceOnEventListRestricted        0x08005838   Section        0  tasks.o(i.vTaskPlaceOnEventListRestricted)
    i.vTaskStartScheduler                    0x08005870   Section        0  tasks.o(i.vTaskStartScheduler)
    i.vTaskSuspendAll                        0x080058f8   Section        0  tasks.o(i.vTaskSuspendAll)
    i.vTaskSwitchContext                     0x08005908   Section        0  tasks.o(i.vTaskSwitchContext)
    i.xPortStartScheduler                    0x0800596c   Section        0  port.o(i.xPortStartScheduler)
    i.xPortSysTickHandler                    0x08005a60   Section        0  port.o(i.xPortSysTickHandler)
    i.xQueueGenericCreateStatic              0x08005a8c   Section        0  queue.o(i.xQueueGenericCreateStatic)
    i.xQueueGenericReset                     0x08005af4   Section        0  queue.o(i.xQueueGenericReset)
    i.xQueueGenericSend                      0x08005b7c   Section        0  queue.o(i.xQueueGenericSend)
    i.xQueueGenericSendFromISR               0x08005cdc   Section        0  queue.o(i.xQueueGenericSendFromISR)
    i.xQueueReceive                          0x08005d9c   Section        0  queue.o(i.xQueueReceive)
    i.xTaskCheckForTimeOut                   0x08005ed4   Section        0  tasks.o(i.xTaskCheckForTimeOut)
    i.xTaskCreate                            0x08005f48   Section        0  tasks.o(i.xTaskCreate)
    i.xTaskCreateStatic                      0x08005fa2   Section        0  tasks.o(i.xTaskCreateStatic)
    i.xTaskGetSchedulerState                 0x08005ff8   Section        0  tasks.o(i.xTaskGetSchedulerState)
    i.xTaskGetTickCount                      0x08006014   Section        0  tasks.o(i.xTaskGetTickCount)
    i.xTaskIncrementTick                     0x08006020   Section        0  tasks.o(i.xTaskIncrementTick)
    i.xTaskPriorityDisinherit                0x080060e8   Section        0  tasks.o(i.xTaskPriorityDisinherit)
    i.xTaskRemoveFromEventList               0x08006168   Section        0  tasks.o(i.xTaskRemoveFromEventList)
    i.xTaskResumeAll                         0x080061d8   Section        0  tasks.o(i.xTaskResumeAll)
    i.xTimerCreateTimerTask                  0x0800629c   Section        0  timers.o(i.xTimerCreateTimerTask)
    i.xTimerGenericCommand                   0x080062fc   Section        0  timers.o(i.xTimerGenericCommand)
    .constdata                               0x08006364   Section       36  freertos.o(.constdata)
    .constdata                               0x08006388   Section        8  stm32f4xx_hal_dma.o(.constdata)
    flagBitshiftOffset                       0x08006388   Data           8  stm32f4xx_hal_dma.o(.constdata)
    .constdata                               0x08006390   Section       16  system_stm32f4xx.o(.constdata)
    .constdata                               0x080063a0   Section        8  system_stm32f4xx.o(.constdata)
    .conststring                             0x080063a8   Section       12  freertos.o(.conststring)
    .data                                    0x20000000   Section        1  pwm_output.o(.data)
    pwm_active                               0x20000000   Data           1  pwm_output.o(.data)
    .data                                    0x20000004   Section       12  pwm_uart.o(.data)
    pwm_rx_byte                              0x20000004   Data           1  pwm_uart.o(.data)
    pwm_command_length                       0x20000005   Data           1  pwm_uart.o(.data)
    pwm_command_ready                        0x20000006   Data           1  pwm_uart.o(.data)
    pwm_command_overflow                     0x20000007   Data           1  pwm_uart.o(.data)
    pwm_timing_marker                        0x20000008   Data           8  pwm_uart.o(.data)
    .data                                    0x20000010   Section        4  freertos.o(.data)
    .data                                    0x20000014   Section       12  stm32f4xx_hal.o(.data)
    .data                                    0x20000020   Section        4  system_stm32f4xx.o(.data)
    .data                                    0x20000024   Section       60  tasks.o(.data)
    uxDeletedTasksWaitingCleanUp             0x20000028   Data           4  tasks.o(.data)
    uxCurrentNumberOfTasks                   0x2000002c   Data           4  tasks.o(.data)
    xTickCount                               0x20000030   Data           4  tasks.o(.data)
    uxTopReadyPriority                       0x20000034   Data           4  tasks.o(.data)
    xSchedulerRunning                        0x20000038   Data           4  tasks.o(.data)
    xPendedTicks                             0x2000003c   Data           4  tasks.o(.data)
    xYieldPending                            0x20000040   Data           4  tasks.o(.data)
    xNumOfOverflows                          0x20000044   Data           4  tasks.o(.data)
    uxTaskNumber                             0x20000048   Data           4  tasks.o(.data)
    xNextTaskUnblockTime                     0x2000004c   Data           4  tasks.o(.data)
    xIdleTaskHandle                          0x20000050   Data           4  tasks.o(.data)
    uxSchedulerSuspended                     0x20000054   Data           4  tasks.o(.data)
    pxDelayedTaskList                        0x20000058   Data           4  tasks.o(.data)
    pxOverflowDelayedTaskList                0x2000005c   Data           4  tasks.o(.data)
    .data                                    0x20000060   Section       20  timers.o(.data)
    xTimerQueue                              0x20000060   Data           4  timers.o(.data)
    xTimerTaskHandle                         0x20000064   Data           4  timers.o(.data)
    xLastTime                                0x20000068   Data           4  timers.o(.data)
    pxCurrentTimerList                       0x2000006c   Data           4  timers.o(.data)
    pxOverflowTimerList                      0x20000070   Data           4  timers.o(.data)
    .data                                    0x20000074   Section        4  cmsis_os2.o(.data)
    KernelState                              0x20000074   Data           4  cmsis_os2.o(.data)
    .data                                    0x20000078   Section       32  heap_4.o(.data)
    pxEnd                                    0x20000078   Data           4  heap_4.o(.data)
    xFreeBytesRemaining                      0x2000007c   Data           4  heap_4.o(.data)
    xMinimumEverFreeBytesRemaining           0x20000080   Data           4  heap_4.o(.data)
    xNumberOfSuccessfulAllocations           0x20000084   Data           4  heap_4.o(.data)
    xNumberOfSuccessfulFrees                 0x20000088   Data           4  heap_4.o(.data)
    xBlockAllocatedBit                       0x2000008c   Data           4  heap_4.o(.data)
    xStart                                   0x20000090   Data           8  heap_4.o(.data)
    .data                                    0x20000098   Section       12  port.o(.data)
    ucMaxSysCallPriority                     0x20000098   Data           1  port.o(.data)
    uxCriticalNesting                        0x2000009c   Data           4  port.o(.data)
    ulMaxPRIGROUPValue                       0x200000a0   Data           4  port.o(.data)
    .data                                    0x200000a4   Section        4  stdout.o(.data)
    .bss                                     0x200000a8   Section       32  pwm_uart.o(.bss)
    pwm_command_buffer                       0x200000a8   Data          32  pwm_uart.o(.bss)
    .bss                                     0x200000c8   Section       84  i2c.o(.bss)
    .bss                                     0x2000011c   Section      132  sdio.o(.bss)
    .bss                                     0x200001a0   Section      176  spi.o(.bss)
    .bss                                     0x20000250   Section      288  tim.o(.bss)
    .bss                                     0x20000370   Section     1320  usart.o(.bss)
    .bss                                     0x20000898   Section       72  stm32f4xx_hal_timebase_tim.o(.bss)
    .bss                                     0x200008e0   Section       64  queue.o(.bss)
    .bss                                     0x20000920   Section     1220  tasks.o(.bss)
    pxReadyTasksLists                        0x20000920   Data        1120  tasks.o(.bss)
    xDelayedTaskList1                        0x20000d80   Data          20  tasks.o(.bss)
    xDelayedTaskList2                        0x20000d94   Data          20  tasks.o(.bss)
    xPendingReadyList                        0x20000da8   Data          20  tasks.o(.bss)
    xTasksWaitingTermination                 0x20000dbc   Data          20  tasks.o(.bss)
    xSuspendedTaskList                       0x20000dd0   Data          20  tasks.o(.bss)
    .bss                                     0x20000de4   Section      280  timers.o(.bss)
    xStaticTimerQueue                        0x20000de4   Data          80  timers.o(.bss)
    ucStaticTimerQueueStorage                0x20000e34   Data         160  timers.o(.bss)
    xActiveTimerList1                        0x20000ed4   Data          20  timers.o(.bss)
    xActiveTimerList2                        0x20000ee8   Data          20  timers.o(.bss)
    .bss                                     0x20000efc   Section     1720  cmsis_os2.o(.bss)
    Idle_TCB                                 0x20000efc   Data          92  cmsis_os2.o(.bss)
    Idle_Stack                               0x20000f58   Data         512  cmsis_os2.o(.bss)
    Timer_TCB                                0x20001158   Data          92  cmsis_os2.o(.bss)
    Timer_Stack                              0x200011b4   Data        1024  cmsis_os2.o(.bss)
    .bss                                     0x200015b4   Section    15360  heap_4.o(.bss)
    ucHeap                                   0x200015b4   Data       15360  heap_4.o(.bss)
    STACK                                    0x200051b8   Section     1024  startup_stm32f405xx.o(STACK)

    Global Symbols

    Symbol Name                              Value     Ov Type        Size  Object(Section)

    BuildAttributes$$THM_ISAv4$E$P$D$K$B$S$7EM$VFPi3$EXTD16$VFPS$VFMA$PE$A:L22UL41UL21$X:L11$S22US41US21$IEEE1$IW$USESV6$~STKCKD$USESV7$~SHL$OSPACE$ROPI$EBA8$MICROLIB$REQ8$PRES8$EABIv2 0x00000000   Number         0  anon$$obj.o ABSOLUTE
    __ARM_use_no_argv                        0x00000000   Number         0  main.o ABSOLUTE
    _printf_a                                0x00000000   Number         0  stubs.o ABSOLUTE
    _printf_c                                0x00000000   Number         0  stubs.o ABSOLUTE
    _printf_charcount                        0x00000000   Number         0  stubs.o ABSOLUTE
    _printf_d                                0x00000000   Number         0  stubs.o ABSOLUTE
    _printf_e                                0x00000000   Number         0  stubs.o ABSOLUTE
    _printf_f                                0x00000000   Number         0  stubs.o ABSOLUTE
    _printf_flags                            0x00000000   Number         0  stubs.o ABSOLUTE
    _printf_fp_dec                           0x00000000   Number         0  stubs.o ABSOLUTE
    _printf_fp_hex                           0x00000000   Number         0  stubs.o ABSOLUTE
    _printf_g                                0x00000000   Number         0  stubs.o ABSOLUTE
    _printf_i                                0x00000000   Number         0  stubs.o ABSOLUTE
    _printf_int_dec                          0x00000000   Number         0  stubs.o ABSOLUTE
    _printf_l                                0x00000000   Number         0  stubs.o ABSOLUTE
    _printf_lc                               0x00000000   Number         0  stubs.o ABSOLUTE
    _printf_ll                               0x00000000   Number         0  stubs.o ABSOLUTE
    _printf_lld                              0x00000000   Number         0  stubs.o ABSOLUTE
    _printf_lli                              0x00000000   Number         0  stubs.o ABSOLUTE
    _printf_llo                              0x00000000   Number         0  stubs.o ABSOLUTE
    _printf_llu                              0x00000000   Number         0  stubs.o ABSOLUTE
    _printf_llx                              0x00000000   Number         0  stubs.o ABSOLUTE
    _printf_longlong_dec                     0x00000000   Number         0  stubs.o ABSOLUTE
    _printf_longlong_hex                     0x00000000   Number         0  stubs.o ABSOLUTE
    _printf_longlong_oct                     0x00000000   Number         0  stubs.o ABSOLUTE
    _printf_ls                               0x00000000   Number         0  stubs.o ABSOLUTE
    _printf_mbtowc                           0x00000000   Number         0  stubs.o ABSOLUTE
    _printf_n                                0x00000000   Number         0  stubs.o ABSOLUTE
    _printf_o                                0x00000000   Number         0  stubs.o ABSOLUTE
    _printf_p                                0x00000000   Number         0  stubs.o ABSOLUTE
    _printf_percent                          0x00000000   Number         0  stubs.o ABSOLUTE
    _printf_pre_padding                      0x00000000   Number         0  stubs.o ABSOLUTE
    _printf_return_value                     0x00000000   Number         0  stubs.o ABSOLUTE
    _printf_s                                0x00000000   Number         0  stubs.o ABSOLUTE
    _printf_sizespec                         0x00000000   Number         0  stubs.o ABSOLUTE
    _printf_str                              0x00000000   Number         0  stubs.o ABSOLUTE
    _printf_truncate_signed                  0x00000000   Number         0  stubs.o ABSOLUTE
    _printf_truncate_unsigned                0x00000000   Number         0  stubs.o ABSOLUTE
    _printf_u                                0x00000000   Number         0  stubs.o ABSOLUTE
    _printf_wc                               0x00000000   Number         0  stubs.o ABSOLUTE
    _printf_wctomb                           0x00000000   Number         0  stubs.o ABSOLUTE
    _printf_widthprec                        0x00000000   Number         0  stubs.o ABSOLUTE
    _printf_x                                0x00000000   Number         0  stubs.o ABSOLUTE
    __cpp_initialize__aeabi_                  - Undefined Weak Reference
    __cxa_finalize                            - Undefined Weak Reference
    __decompress                              - Undefined Weak Reference
    _clock_init                               - Undefined Weak Reference
    _microlib_exit                            - Undefined Weak Reference
    __Vectors_Size                           0x00000188   Number         0  startup_stm32f405xx.o ABSOLUTE
    __Vectors                                0x08000000   Data           4  startup_stm32f405xx.o(RESET)
    __Vectors_End                            0x08000188   Data           0  startup_stm32f405xx.o(RESET)
    __main                                   0x08000189   Thumb Code     0  entry.o(.ARM.Collect$$$$00000000)
    _main_stk                                0x08000189   Thumb Code     0  entry2.o(.ARM.Collect$$$$00000001)
    _main_scatterload                        0x0800018d   Thumb Code     0  entry5.o(.ARM.Collect$$$$00000004)
    __main_after_scatterload                 0x08000191   Thumb Code     0  entry5.o(.ARM.Collect$$$$00000004)
    _main_clock                              0x08000191   Thumb Code     0  entry7b.o(.ARM.Collect$$$$00000008)
    _main_cpp_init                           0x08000191   Thumb Code     0  entry8b.o(.ARM.Collect$$$$0000000A)
    _main_init                               0x08000191   Thumb Code     0  entry9a.o(.ARM.Collect$$$$0000000B)
    __rt_final_cpp                           0x08000199   Thumb Code     0  entry10a.o(.ARM.Collect$$$$0000000D)
    __rt_final_exit                          0x08000199   Thumb Code     0  entry11a.o(.ARM.Collect$$$$0000000F)
    SVC_Handler                              0x0800019d   Thumb Code    28  port.o(.emb_text)
    __asm___6_port_c_39a90d8d__prvStartFirstTask 0x080001bd   Thumb Code    36  port.o(.emb_text)
    __asm___6_port_c_39a90d8d__prvEnableVFP  0x080001e5   Thumb Code    16  port.o(.emb_text)
    PendSV_Handler                           0x080001f9   Thumb Code    88  port.o(.emb_text)
    vPortGetIPSR                             0x08000255   Thumb Code     6  port.o(.emb_text)
    Reset_Handler                            0x0800025d   Thumb Code     8  startup_stm32f405xx.o(.text)
    ADC_IRQHandler                           0x08000277   Thumb Code     0  startup_stm32f405xx.o(.text)
    CAN1_RX0_IRQHandler                      0x08000277   Thumb Code     0  startup_stm32f405xx.o(.text)
    CAN1_RX1_IRQHandler                      0x08000277   Thumb Code     0  startup_stm32f405xx.o(.text)
    CAN1_SCE_IRQHandler                      0x08000277   Thumb Code     0  startup_stm32f405xx.o(.text)
    CAN1_TX_IRQHandler                       0x08000277   Thumb Code     0  startup_stm32f405xx.o(.text)
    CAN2_RX0_IRQHandler                      0x08000277   Thumb Code     0  startup_stm32f405xx.o(.text)
    CAN2_RX1_IRQHandler                      0x08000277   Thumb Code     0  startup_stm32f405xx.o(.text)
    CAN2_SCE_IRQHandler                      0x08000277   Thumb Code     0  startup_stm32f405xx.o(.text)
    CAN2_TX_IRQHandler                       0x08000277   Thumb Code     0  startup_stm32f405xx.o(.text)
    DMA1_Stream0_IRQHandler                  0x08000277   Thumb Code     0  startup_stm32f405xx.o(.text)
    DMA1_Stream7_IRQHandler                  0x08000277   Thumb Code     0  startup_stm32f405xx.o(.text)
    DMA2_Stream0_IRQHandler                  0x08000277   Thumb Code     0  startup_stm32f405xx.o(.text)
    DMA2_Stream3_IRQHandler                  0x08000277   Thumb Code     0  startup_stm32f405xx.o(.text)
    DMA2_Stream4_IRQHandler                  0x08000277   Thumb Code     0  startup_stm32f405xx.o(.text)
    DMA2_Stream5_IRQHandler                  0x08000277   Thumb Code     0  startup_stm32f405xx.o(.text)
    EXTI0_IRQHandler                         0x08000277   Thumb Code     0  startup_stm32f405xx.o(.text)
    EXTI15_10_IRQHandler                     0x08000277   Thumb Code     0  startup_stm32f405xx.o(.text)
    EXTI1_IRQHandler                         0x08000277   Thumb Code     0  startup_stm32f405xx.o(.text)
    EXTI2_IRQHandler                         0x08000277   Thumb Code     0  startup_stm32f405xx.o(.text)
    EXTI3_IRQHandler                         0x08000277   Thumb Code     0  startup_stm32f405xx.o(.text)
    EXTI4_IRQHandler                         0x08000277   Thumb Code     0  startup_stm32f405xx.o(.text)
    EXTI9_5_IRQHandler                       0x08000277   Thumb Code     0  startup_stm32f405xx.o(.text)
    FLASH_IRQHandler                         0x08000277   Thumb Code     0  startup_stm32f405xx.o(.text)
    FMC_IRQHandler                           0x08000277   Thumb Code     0  startup_stm32f405xx.o(.text)
    FPU_IRQHandler                           0x08000277   Thumb Code     0  startup_stm32f405xx.o(.text)
    HASH_RNG_IRQHandler                      0x08000277   Thumb Code     0  startup_stm32f405xx.o(.text)
    I2C2_ER_IRQHandler                       0x08000277   Thumb Code     0  startup_stm32f405xx.o(.text)
    I2C2_EV_IRQHandler                       0x08000277   Thumb Code     0  startup_stm32f405xx.o(.text)
    I2C3_ER_IRQHandler                       0x08000277   Thumb Code     0  startup_stm32f405xx.o(.text)
    I2C3_EV_IRQHandler                       0x08000277   Thumb Code     0  startup_stm32f405xx.o(.text)
    OTG_FS_IRQHandler                        0x08000277   Thumb Code     0  startup_stm32f405xx.o(.text)
    OTG_FS_WKUP_IRQHandler                   0x08000277   Thumb Code     0  startup_stm32f405xx.o(.text)
    OTG_HS_EP1_IN_IRQHandler                 0x08000277   Thumb Code     0  startup_stm32f405xx.o(.text)
    OTG_HS_EP1_OUT_IRQHandler                0x08000277   Thumb Code     0  startup_stm32f405xx.o(.text)
    OTG_HS_IRQHandler                        0x08000277   Thumb Code     0  startup_stm32f405xx.o(.text)
    OTG_HS_WKUP_IRQHandler                   0x08000277   Thumb Code     0  startup_stm32f405xx.o(.text)
    PVD_IRQHandler                           0x08000277   Thumb Code     0  startup_stm32f405xx.o(.text)
    RCC_IRQHandler                           0x08000277   Thumb Code     0  startup_stm32f405xx.o(.text)
    RTC_Alarm_IRQHandler                     0x08000277   Thumb Code     0  startup_stm32f405xx.o(.text)
    RTC_WKUP_IRQHandler                      0x08000277   Thumb Code     0  startup_stm32f405xx.o(.text)
    SPI3_IRQHandler                          0x08000277   Thumb Code     0  startup_stm32f405xx.o(.text)
    TAMP_STAMP_IRQHandler                    0x08000277   Thumb Code     0  startup_stm32f405xx.o(.text)
    TIM1_BRK_TIM9_IRQHandler                 0x08000277   Thumb Code     0  startup_stm32f405xx.o(.text)
    TIM1_CC_IRQHandler                       0x08000277   Thumb Code     0  startup_stm32f405xx.o(.text)
    TIM1_TRG_COM_TIM11_IRQHandler            0x08000277   Thumb Code     0  startup_stm32f405xx.o(.text)
    TIM1_UP_TIM10_IRQHandler                 0x08000277   Thumb Code     0  startup_stm32f405xx.o(.text)
    TIM2_IRQHandler                          0x08000277   Thumb Code     0  startup_stm32f405xx.o(.text)
    TIM3_IRQHandler                          0x08000277   Thumb Code     0  startup_stm32f405xx.o(.text)
    TIM4_IRQHandler                          0x08000277   Thumb Code     0  startup_stm32f405xx.o(.text)
    TIM5_IRQHandler                          0x08000277   Thumb Code     0  startup_stm32f405xx.o(.text)
    TIM7_IRQHandler                          0x08000277   Thumb Code     0  startup_stm32f405xx.o(.text)
    TIM8_BRK_TIM12_IRQHandler                0x08000277   Thumb Code     0  startup_stm32f405xx.o(.text)
    TIM8_CC_IRQHandler                       0x08000277   Thumb Code     0  startup_stm32f405xx.o(.text)
    TIM8_TRG_COM_TIM14_IRQHandler            0x08000277   Thumb Code     0  startup_stm32f405xx.o(.text)
    TIM8_UP_TIM13_IRQHandler                 0x08000277   Thumb Code     0  startup_stm32f405xx.o(.text)
    UART5_IRQHandler                         0x08000277   Thumb Code     0  startup_stm32f405xx.o(.text)
    WWDG_IRQHandler                          0x08000277   Thumb Code     0  startup_stm32f405xx.o(.text)
    __aeabi_uldivmod                         0x08000281   Thumb Code    98  uldiv.o(.text)
    __aeabi_memcpy                           0x080002e3   Thumb Code    36  memcpya.o(.text)
    __aeabi_memcpy4                          0x080002e3   Thumb Code     0  memcpya.o(.text)
    __aeabi_memcpy8                          0x080002e3   Thumb Code     0  memcpya.o(.text)
    __aeabi_memset                           0x08000307   Thumb Code    14  memseta.o(.text)
    __aeabi_memset4                          0x08000307   Thumb Code     0  memseta.o(.text)
    __aeabi_memset8                          0x08000307   Thumb Code     0  memseta.o(.text)
    __aeabi_memclr                           0x08000315   Thumb Code     4  memseta.o(.text)
    __aeabi_memclr4                          0x08000315   Thumb Code     0  memseta.o(.text)
    __aeabi_memclr8                          0x08000315   Thumb Code     0  memseta.o(.text)
    memset                                   0x08000319   Thumb Code    18  memseta.o(.text)
    __aeabi_uidiv                            0x0800032b   Thumb Code     0  uidiv.o(.text)
    __aeabi_uidivmod                         0x0800032b   Thumb Code    44  uidiv.o(.text)
    __aeabi_llsl                             0x08000357   Thumb Code    30  llshl.o(.text)
    _ll_shift_l                              0x08000357   Thumb Code     0  llshl.o(.text)
    __aeabi_llsr                             0x08000375   Thumb Code    32  llushr.o(.text)
    _ll_ushift_r                             0x08000375   Thumb Code     0  llushr.o(.text)
    __scatterload                            0x08000395   Thumb Code    28  init.o(.text)
    __scatterload_rt2                        0x08000395   Thumb Code     0  init.o(.text)
    BusFault_Handler                         0x080003b9   Thumb Code     2  stm32f4xx_it.o(i.BusFault_Handler)
    DMA1_Stream1_IRQHandler                  0x080003bd   Thumb Code     6  stm32f4xx_it.o(i.DMA1_Stream1_IRQHandler)
    DMA1_Stream2_IRQHandler                  0x080003c9   Thumb Code     6  stm32f4xx_it.o(i.DMA1_Stream2_IRQHandler)
    DMA1_Stream3_IRQHandler                  0x080003d5   Thumb Code     6  stm32f4xx_it.o(i.DMA1_Stream3_IRQHandler)
    DMA1_Stream4_IRQHandler                  0x080003e1   Thumb Code     6  stm32f4xx_it.o(i.DMA1_Stream4_IRQHandler)
    DMA1_Stream5_IRQHandler                  0x080003ed   Thumb Code     6  stm32f4xx_it.o(i.DMA1_Stream5_IRQHandler)
    DMA1_Stream6_IRQHandler                  0x080003f9   Thumb Code     6  stm32f4xx_it.o(i.DMA1_Stream6_IRQHandler)
    DMA2_Stream1_IRQHandler                  0x08000405   Thumb Code     6  stm32f4xx_it.o(i.DMA2_Stream1_IRQHandler)
    DMA2_Stream2_IRQHandler                  0x08000411   Thumb Code     6  stm32f4xx_it.o(i.DMA2_Stream2_IRQHandler)
    DMA2_Stream6_IRQHandler                  0x0800041d   Thumb Code     6  stm32f4xx_it.o(i.DMA2_Stream6_IRQHandler)
    DMA2_Stream7_IRQHandler                  0x08000429   Thumb Code     6  stm32f4xx_it.o(i.DMA2_Stream7_IRQHandler)
    DebugMon_Handler                         0x080004b1   Thumb Code     2  stm32f4xx_it.o(i.DebugMon_Handler)
    Error_Handler                            0x080004b3   Thumb Code     4  main.o(i.Error_Handler)
    HAL_DMA_Abort                            0x080004b7   Thumb Code   146  stm32f4xx_hal_dma.o(i.HAL_DMA_Abort)
    HAL_DMA_Abort_IT                         0x08000549   Thumb Code    36  stm32f4xx_hal_dma.o(i.HAL_DMA_Abort_IT)
    HAL_DMA_GetState                         0x0800056d   Thumb Code     6  stm32f4xx_hal_dma.o(i.HAL_DMA_GetState)
    HAL_DMA_IRQHandler                       0x08000575   Thumb Code   412  stm32f4xx_hal_dma.o(i.HAL_DMA_IRQHandler)
    HAL_DMA_Init                             0x08000715   Thumb Code   206  stm32f4xx_hal_dma.o(i.HAL_DMA_Init)
    HAL_GPIO_Init                            0x080007e9   Thumb Code   450  stm32f4xx_hal_gpio.o(i.HAL_GPIO_Init)
    HAL_GPIO_WritePin                        0x080009d9   Thumb Code    10  stm32f4xx_hal_gpio.o(i.HAL_GPIO_WritePin)
    HAL_GetTick                              0x080009e5   Thumb Code     6  stm32f4xx_hal.o(i.HAL_GetTick)
    HAL_I2C_AbortCpltCallback                0x080009f1   Thumb Code     2  stm32f4xx_hal_i2c.o(i.HAL_I2C_AbortCpltCallback)
    HAL_I2C_AddrCallback                     0x080009f3   Thumb Code     2  stm32f4xx_hal_i2c.o(i.HAL_I2C_AddrCallback)
    HAL_I2C_ER_IRQHandler                    0x080009f5   Thumb Code   186  stm32f4xx_hal_i2c.o(i.HAL_I2C_ER_IRQHandler)
    HAL_I2C_EV_IRQHandler                    0x08000aaf   Thumb Code   560  stm32f4xx_hal_i2c.o(i.HAL_I2C_EV_IRQHandler)
    HAL_I2C_ErrorCallback                    0x08000cdf   Thumb Code     2  stm32f4xx_hal_i2c.o(i.HAL_I2C_ErrorCallback)
    HAL_I2C_Init                             0x08000ce1   Thumb Code   376  stm32f4xx_hal_i2c.o(i.HAL_I2C_Init)
    HAL_I2C_ListenCpltCallback               0x08000e69   Thumb Code     2  stm32f4xx_hal_i2c.o(i.HAL_I2C_ListenCpltCallback)
    HAL_I2C_MasterRxCpltCallback             0x08000e6b   Thumb Code     2  stm32f4xx_hal_i2c.o(i.HAL_I2C_MasterRxCpltCallback)
    HAL_I2C_MasterTxCpltCallback             0x08000e6d   Thumb Code     2  stm32f4xx_hal_i2c.o(i.HAL_I2C_MasterTxCpltCallback)
    HAL_I2C_MemRxCpltCallback                0x08000e6f   Thumb Code     2  stm32f4xx_hal_i2c.o(i.HAL_I2C_MemRxCpltCallback)
    HAL_I2C_MemTxCpltCallback                0x08000e71   Thumb Code     2  stm32f4xx_hal_i2c.o(i.HAL_I2C_MemTxCpltCallback)
    HAL_I2C_MspInit                          0x08000e75   Thumb Code   124  i2c.o(i.HAL_I2C_MspInit)
    HAL_I2C_SlaveRxCpltCallback              0x08000efd   Thumb Code     2  stm32f4xx_hal_i2c.o(i.HAL_I2C_SlaveRxCpltCallback)
    HAL_I2C_SlaveTxCpltCallback              0x08000eff   Thumb Code     2  stm32f4xx_hal_i2c.o(i.HAL_I2C_SlaveTxCpltCallback)
    HAL_IncTick                              0x08000f01   Thumb Code    12  stm32f4xx_hal.o(i.HAL_IncTick)
    HAL_Init                                 0x08000f11   Thumb Code    48  stm32f4xx_hal.o(i.HAL_Init)
    HAL_InitTick                             0x08000f45   Thumb Code   132  stm32f4xx_hal_timebase_tim.o(i.HAL_InitTick)
    HAL_MspInit                              0x08000fdd   Thumb Code    52  stm32f4xx_hal_msp.o(i.HAL_MspInit)
    HAL_NVIC_EnableIRQ                       0x08001015   Thumb Code    26  stm32f4xx_hal_cortex.o(i.HAL_NVIC_EnableIRQ)
    HAL_NVIC_SetPriority                     0x08001031   Thumb Code    60  stm32f4xx_hal_cortex.o(i.HAL_NVIC_SetPriority)
    HAL_NVIC_SetPriorityGrouping             0x08001071   Thumb Code    26  stm32f4xx_hal_cortex.o(i.HAL_NVIC_SetPriorityGrouping)
    HAL_RCC_ClockConfig                      0x08001095   Thumb Code   288  stm32f4xx_hal_rcc.o(i.HAL_RCC_ClockConfig)
    HAL_RCC_GetClockConfig                   0x080011c9   Thumb Code    54  stm32f4xx_hal_rcc.o(i.HAL_RCC_GetClockConfig)
    HAL_RCC_GetPCLK1Freq                     0x08001209   Thumb Code    20  stm32f4xx_hal_rcc.o(i.HAL_RCC_GetPCLK1Freq)
    HAL_RCC_GetPCLK2Freq                     0x08001229   Thumb Code    20  stm32f4xx_hal_rcc.o(i.HAL_RCC_GetPCLK2Freq)
    HAL_RCC_GetSysClockFreq                  0x08001249   Thumb Code    88  stm32f4xx_hal_rcc.o(i.HAL_RCC_GetSysClockFreq)
    HAL_RCC_OscConfig                        0x080012a9   Thumb Code   856  stm32f4xx_hal_rcc.o(i.HAL_RCC_OscConfig)
    HAL_SD_AbortCallback                     0x08001615   Thumb Code     2  stm32f4xx_hal_sd.o(i.HAL_SD_AbortCallback)
    HAL_SD_ErrorCallback                     0x08001617   Thumb Code     2  stm32f4xx_hal_sd.o(i.HAL_SD_ErrorCallback)
    HAL_SD_GetCardState                      0x08001619   Thumb Code    44  stm32f4xx_hal_sd.o(i.HAL_SD_GetCardState)
    HAL_SD_IRQHandler                        0x08001645   Thumb Code   512  stm32f4xx_hal_sd.o(i.HAL_SD_IRQHandler)
    HAL_SD_RxCpltCallback                    0x0800184d   Thumb Code     2  stm32f4xx_hal_sd.o(i.HAL_SD_RxCpltCallback)
    HAL_SD_TxCpltCallback                    0x0800184f   Thumb Code     2  stm32f4xx_hal_sd.o(i.HAL_SD_TxCpltCallback)
    HAL_SPI_ErrorCallback                    0x08001851   Thumb Code     2  stm32f4xx_hal_spi.o(i.HAL_SPI_ErrorCallback)
    HAL_SPI_IRQHandler                       0x08001855   Thumb Code   246  stm32f4xx_hal_spi.o(i.HAL_SPI_IRQHandler)
    HAL_SPI_Init                             0x08001951   Thumb Code   188  stm32f4xx_hal_spi.o(i.HAL_SPI_Init)
    HAL_SPI_MspInit                          0x08001a0d   Thumb Code   230  spi.o(i.HAL_SPI_MspInit)
    HAL_TIMEx_BreakCallback                  0x08001b09   Thumb Code     2  stm32f4xx_hal_tim_ex.o(i.HAL_TIMEx_BreakCallback)
    HAL_TIMEx_CommutCallback                 0x08001b0b   Thumb Code     2  stm32f4xx_hal_tim_ex.o(i.HAL_TIMEx_CommutCallback)
    HAL_TIMEx_ConfigBreakDeadTime            0x08001b0d   Thumb Code    84  stm32f4xx_hal_tim_ex.o(i.HAL_TIMEx_ConfigBreakDeadTime)
    HAL_TIMEx_MasterConfigSynchronization    0x08001b61   Thumb Code   116  stm32f4xx_hal_tim_ex.o(i.HAL_TIMEx_MasterConfigSynchronization)
    HAL_TIM_Base_Init                        0x08001bf1   Thumb Code    90  stm32f4xx_hal_tim.o(i.HAL_TIM_Base_Init)
    HAL_TIM_Base_MspInit                     0x08001c4d   Thumb Code    86  tim.o(i.HAL_TIM_Base_MspInit)
    HAL_TIM_Base_Start_IT                    0x08001cb5   Thumb Code   100  stm32f4xx_hal_tim.o(i.HAL_TIM_Base_Start_IT)
    HAL_TIM_ConfigClockSource                0x08001d35   Thumb Code   220  stm32f4xx_hal_tim.o(i.HAL_TIM_ConfigClockSource)
    HAL_TIM_IC_CaptureCallback               0x08001e11   Thumb Code     2  stm32f4xx_hal_tim.o(i.HAL_TIM_IC_CaptureCallback)
    HAL_TIM_IRQHandler                       0x08001e13   Thumb Code   304  stm32f4xx_hal_tim.o(i.HAL_TIM_IRQHandler)
    HAL_TIM_MspPostInit                      0x08001f45   Thumb Code   184  tim.o(i.HAL_TIM_MspPostInit)
    HAL_TIM_OC_DelayElapsedCallback          0x08002019   Thumb Code     2  stm32f4xx_hal_tim.o(i.HAL_TIM_OC_DelayElapsedCallback)
    HAL_TIM_PWM_ConfigChannel                0x0800201b   Thumb Code   204  stm32f4xx_hal_tim.o(i.HAL_TIM_PWM_ConfigChannel)
    HAL_TIM_PWM_Init                         0x080020e7   Thumb Code    90  stm32f4xx_hal_tim.o(i.HAL_TIM_PWM_Init)
    HAL_TIM_PWM_MspInit                      0x08002141   Thumb Code     2  stm32f4xx_hal_tim.o(i.HAL_TIM_PWM_MspInit)
    HAL_TIM_PWM_PulseFinishedCallback        0x08002143   Thumb Code     2  stm32f4xx_hal_tim.o(i.HAL_TIM_PWM_PulseFinishedCallback)
    HAL_TIM_PeriodElapsedCallback            0x08002145   Thumb Code    14  main.o(i.HAL_TIM_PeriodElapsedCallback)
    HAL_TIM_TriggerCallback                  0x08002159   Thumb Code     2  stm32f4xx_hal_tim.o(i.HAL_TIM_TriggerCallback)
    HAL_UARTEx_RxEventCallback               0x0800215b   Thumb Code     2  stm32f4xx_hal_uart.o(i.HAL_UARTEx_RxEventCallback)
    HAL_UART_ErrorCallback                   0x0800215d   Thumb Code     2  stm32f4xx_hal_uart.o(i.HAL_UART_ErrorCallback)
    HAL_UART_IRQHandler                      0x08002161   Thumb Code   636  stm32f4xx_hal_uart.o(i.HAL_UART_IRQHandler)
    HAL_UART_Init                            0x080023e1   Thumb Code   100  stm32f4xx_hal_uart.o(i.HAL_UART_Init)
    HAL_UART_MspInit                         0x08002445   Thumb Code  1068  usart.o(i.HAL_UART_MspInit)
    HAL_UART_Receive_IT                      0x08002871   Thumb Code    28  stm32f4xx_hal_uart.o(i.HAL_UART_Receive_IT)
    HAL_UART_RxCpltCallback                  0x0800288d   Thumb Code   108  pwm_uart.o(i.HAL_UART_RxCpltCallback)
    HAL_UART_Transmit                        0x08002909   Thumb Code   160  stm32f4xx_hal_uart.o(i.HAL_UART_Transmit)
    HAL_UART_TxCpltCallback                  0x080029a9   Thumb Code     2  stm32f4xx_hal_uart.o(i.HAL_UART_TxCpltCallback)
    HardFault_Handler                        0x080029ab   Thumb Code     2  stm32f4xx_it.o(i.HardFault_Handler)
    I2C1_ER_IRQHandler                       0x080029ad   Thumb Code     6  stm32f4xx_it.o(i.I2C1_ER_IRQHandler)
    I2C1_EV_IRQHandler                       0x080029b9   Thumb Code     6  stm32f4xx_it.o(i.I2C1_EV_IRQHandler)
    MX_DMA_Init                              0x08003375   Thumb Code   200  dma.o(i.MX_DMA_Init)
    MX_FREERTOS_Init                         0x08003441   Thumb Code    18  freertos.o(i.MX_FREERTOS_Init)
    MX_GPIO_Init                             0x08003461   Thumb Code   322  gpio.o(i.MX_GPIO_Init)
    MX_I2C1_Init                             0x080035b9   Thumb Code    50  i2c.o(i.MX_I2C1_Init)
    MX_SPI1_Init                             0x080035f9   Thumb Code    60  spi.o(i.MX_SPI1_Init)
    MX_SPI2_Init                             0x0800363d   Thumb Code    60  spi.o(i.MX_SPI2_Init)
    MX_TIM1_Init                             0x08003681   Thumb Code   190  tim.o(i.MX_TIM1_Init)
    MX_TIM2_Init                             0x08003749   Thumb Code   142  tim.o(i.MX_TIM2_Init)
    MX_TIM3_Init                             0x080037dd   Thumb Code   142  tim.o(i.MX_TIM3_Init)
    MX_TIM4_Init                             0x08003875   Thumb Code   190  tim.o(i.MX_TIM4_Init)
    MX_UART4_Init                            0x0800393d   Thumb Code    48  usart.o(i.MX_UART4_Init)
    MX_USART1_UART_Init                      0x08003975   Thumb Code    46  usart.o(i.MX_USART1_UART_Init)
    MX_USART2_UART_Init                      0x080039b1   Thumb Code    48  usart.o(i.MX_USART2_UART_Init)
    MX_USART3_UART_Init                      0x080039e9   Thumb Code    48  usart.o(i.MX_USART3_UART_Init)
    MX_USART6_UART_Init                      0x08003a21   Thumb Code    48  usart.o(i.MX_USART6_UART_Init)
    MemManage_Handler                        0x08003a59   Thumb Code     2  stm32f4xx_it.o(i.MemManage_Handler)
    NMI_Handler                              0x08003a5b   Thumb Code     2  stm32f4xx_it.o(i.NMI_Handler)
    PWM_CommandParse                         0x08003a5d   Thumb Code   188  pwm_command.o(i.PWM_CommandParse)
    PWM_OutputBusy                           0x08003b1d   Thumb Code    26  pwm_output.o(i.PWM_OutputBusy)
    PWM_OutputInit                           0x08003b3d   Thumb Code    54  pwm_output.o(i.PWM_OutputInit)
    PWM_OutputStart                          0x08003b7d   Thumb Code   194  pwm_output.o(i.PWM_OutputStart)
    PWM_TimerConfigGet                       0x08003c4d   Thumb Code    54  pwm_timer_config.o(i.PWM_TimerConfigGet)
    PWM_TimingMarkerBegin                    0x08003c8d   Thumb Code    10  pwm_timing_marker.o(i.PWM_TimingMarkerBegin)
    PWM_TimingMarkerEnd                      0x08003c97   Thumb Code    10  pwm_timing_marker.o(i.PWM_TimingMarkerEnd)
    PWM_TimingMarkerInit                     0x08003ca1   Thumb Code    12  pwm_timing_marker.o(i.PWM_TimingMarkerInit)
    PWM_Uart1Init                            0x08003cc5   Thumb Code    32  pwm_uart.o(i.PWM_Uart1Init)
    PWM_Uart1Process                         0x08003cf1   Thumb Code   144  pwm_uart.o(i.PWM_Uart1Process)
    SDIO_GetResponse                         0x08003e0d   Thumb Code     6  stm32f4xx_ll_sdmmc.o(i.SDIO_GetResponse)
    SDIO_IRQHandler                          0x08003e15   Thumb Code     6  stm32f4xx_it.o(i.SDIO_IRQHandler)
    SDIO_ReadFIFO                            0x08003e21   Thumb Code     6  stm32f4xx_ll_sdmmc.o(i.SDIO_ReadFIFO)
    SDIO_SendCommand                         0x08003e27   Thumb Code    32  stm32f4xx_ll_sdmmc.o(i.SDIO_SendCommand)
    SDIO_WriteFIFO                           0x08003e47   Thumb Code    10  stm32f4xx_ll_sdmmc.o(i.SDIO_WriteFIFO)
    SDMMC_CmdSendStatus                      0x08003e51   Thumb Code    50  stm32f4xx_ll_sdmmc.o(i.SDMMC_CmdSendStatus)
    SDMMC_CmdStopTransfer                    0x08003e85   Thumb Code    46  stm32f4xx_ll_sdmmc.o(i.SDMMC_CmdStopTransfer)
    SDMMC_GetCmdResp1                        0x08003eb9   Thumb Code   278  stm32f4xx_ll_sdmmc.o(i.SDMMC_GetCmdResp1)
    SPI1_IRQHandler                          0x08004061   Thumb Code     6  stm32f4xx_it.o(i.SPI1_IRQHandler)
    SPI2_IRQHandler                          0x0800406d   Thumb Code     6  stm32f4xx_it.o(i.SPI2_IRQHandler)
    StartDefaultTask                         0x08004089   Thumb Code    12  freertos.o(i.StartDefaultTask)
    SysTick_Handler                          0x08004095   Thumb Code    26  cmsis_os2.o(i.SysTick_Handler)
    SystemClock_Config                       0x080040b1   Thumb Code   146  main.o(i.SystemClock_Config)
    SystemInit                               0x0800414d   Thumb Code    12  system_stm32f4xx.o(i.SystemInit)
    TIM6_DAC_IRQHandler                      0x0800415d   Thumb Code     6  stm32f4xx_it.o(i.TIM6_DAC_IRQHandler)
    TIM_Base_SetConfig                       0x08004169   Thumb Code   164  stm32f4xx_hal_tim.o(i.TIM_Base_SetConfig)
    TIM_ETR_SetConfig                        0x08004239   Thumb Code    20  stm32f4xx_hal_tim.o(i.TIM_ETR_SetConfig)
    TIM_OC2_SetConfig                        0x080042bd   Thumb Code    98  stm32f4xx_hal_tim.o(i.TIM_OC2_SetConfig)
    UART4_IRQHandler                         0x08004429   Thumb Code     6  stm32f4xx_it.o(i.UART4_IRQHandler)
    UART_Start_Receive_IT                    0x08004661   Thumb Code    54  stm32f4xx_hal_uart.o(i.UART_Start_Receive_IT)
    USART1_IRQHandler                        0x08004709   Thumb Code     6  stm32f4xx_it.o(i.USART1_IRQHandler)
    USART2_IRQHandler                        0x08004715   Thumb Code     6  stm32f4xx_it.o(i.USART2_IRQHandler)
    USART3_IRQHandler                        0x08004721   Thumb Code     6  stm32f4xx_it.o(i.USART3_IRQHandler)
    USART6_IRQHandler                        0x0800472d   Thumb Code     6  stm32f4xx_it.o(i.USART6_IRQHandler)
    UsageFault_Handler                       0x08004739   Thumb Code     2  stm32f4xx_it.o(i.UsageFault_Handler)
    __0printf$6                              0x0800473d   Thumb Code    22  printf6.o(i.__0printf$6)
    __1printf$6                              0x0800473d   Thumb Code     0  printf6.o(i.__0printf$6)
    __2printf                                0x0800473d   Thumb Code     0  printf6.o(i.__0printf$6)
    __0snprintf$6                            0x0800475d   Thumb Code    36  printf6.o(i.__0snprintf$6)
    __1snprintf$6                            0x0800475d   Thumb Code     0  printf6.o(i.__0snprintf$6)
    __2snprintf                              0x0800475d   Thumb Code     0  printf6.o(i.__0snprintf$6)
    __scatterload_copy                       0x080047a5   Thumb Code    14  handlers.o(i.__scatterload_copy)
    __scatterload_null                       0x080047b3   Thumb Code     2  handlers.o(i.__scatterload_null)
    __scatterload_zeroinit                   0x080047b5   Thumb Code    14  handlers.o(i.__scatterload_zeroinit)
    fputc                                    0x08004b1d   Thumb Code    20  usart.o(i.fputc)
    main                                     0x08004b35   Thumb Code    88  main.o(i.main)
    osDelay                                  0x08004b9d   Thumb Code    26  cmsis_os2.o(i.osDelay)
    osKernelInitialize                       0x08004bb9   Thumb Code    32  cmsis_os2.o(i.osKernelInitialize)
    osKernelStart                            0x08004bdd   Thumb Code    48  cmsis_os2.o(i.osKernelStart)
    osThreadNew                              0x08004c15   Thumb Code   136  cmsis_os2.o(i.osThreadNew)
    pvPortMalloc                             0x08005431   Thumb Code   216  heap_4.o(i.pvPortMalloc)
    pxPortInitialiseStack                    0x0800550d   Thumb Code    40  port.o(i.pxPortInitialiseStack)
    uxListRemove                             0x08005539   Thumb Code    38  list.o(i.uxListRemove)
    vApplicationGetIdleTaskMemory            0x08005561   Thumb Code    16  cmsis_os2.o(i.vApplicationGetIdleTaskMemory)
    vApplicationGetTimerTaskMemory           0x08005575   Thumb Code    18  cmsis_os2.o(i.vApplicationGetTimerTaskMemory)
    vListInitialise                          0x0800558d   Thumb Code    22  list.o(i.vListInitialise)
    vListInitialiseItem                      0x080055a3   Thumb Code     6  list.o(i.vListInitialiseItem)
    vListInsert                              0x080055a9   Thumb Code    48  list.o(i.vListInsert)
    vListInsertEnd                           0x080055d9   Thumb Code    24  list.o(i.vListInsertEnd)
    vPortEnterCritical                       0x080055f1   Thumb Code    54  port.o(i.vPortEnterCritical)
    vPortExitCritical                        0x08005631   Thumb Code    34  port.o(i.vPortExitCritical)
    vPortFree                                0x08005659   Thumb Code    94  heap_4.o(i.vPortFree)
    vPortSetupTimerInterrupt                 0x080056bd   Thumb Code    32  port.o(i.vPortSetupTimerInterrupt)
    vPortValidateInterruptPriority           0x080056e1   Thumb Code    74  port.o(i.vPortValidateInterruptPriority)
    vQueueAddToRegistry                      0x08005735   Thumb Code    34  queue.o(i.vQueueAddToRegistry)
    vQueueWaitForMessageRestricted           0x0800575d   Thumb Code    68  queue.o(i.vQueueWaitForMessageRestricted)
    vTaskDelay                               0x080057a1   Thumb Code    66  tasks.o(i.vTaskDelay)
    vTaskInternalSetTimeOutState             0x080057ed   Thumb Code    12  tasks.o(i.vTaskInternalSetTimeOutState)
    vTaskMissedYield                         0x080057fd   Thumb Code     8  tasks.o(i.vTaskMissedYield)
    vTaskPlaceOnEventList                    0x08005809   Thumb Code    44  tasks.o(i.vTaskPlaceOnEventList)
    vTaskPlaceOnEventListRestricted          0x08005839   Thumb Code    52  tasks.o(i.vTaskPlaceOnEventListRestricted)
    vTaskStartScheduler                      0x08005871   Thumb Code   118  tasks.o(i.vTaskStartScheduler)
    vTaskSuspendAll                          0x080058f9   Thumb Code    10  tasks.o(i.vTaskSuspendAll)
    vTaskSwitchContext                       0x08005909   Thumb Code    90  tasks.o(i.vTaskSwitchContext)
    xPortStartScheduler                      0x0800596d   Thumb Code   222  port.o(i.xPortStartScheduler)
    xPortSysTickHandler                      0x08005a61   Thumb Code    38  port.o(i.xPortSysTickHandler)
    xQueueGenericCreateStatic                0x08005a8d   Thumb Code   102  queue.o(i.xQueueGenericCreateStatic)
    xQueueGenericReset                       0x08005af5   Thumb Code   132  queue.o(i.xQueueGenericReset)
    xQueueGenericSend                        0x08005b7d   Thumb Code   346  queue.o(i.xQueueGenericSend)
    xQueueGenericSendFromISR                 0x08005cdd   Thumb Code   190  queue.o(i.xQueueGenericSendFromISR)
    xQueueReceive                            0x08005d9d   Thumb Code   308  queue.o(i.xQueueReceive)
    xTaskCheckForTimeOut                     0x08005ed5   Thumb Code   112  tasks.o(i.xTaskCheckForTimeOut)
    xTaskCreate                              0x08005f49   Thumb Code    90  tasks.o(i.xTaskCreate)
    xTaskCreateStatic                        0x08005fa3   Thumb Code    86  tasks.o(i.xTaskCreateStatic)
    xTaskGetSchedulerState                   0x08005ff9   Thumb Code    22  tasks.o(i.xTaskGetSchedulerState)
    xTaskGetTickCount                        0x08006015   Thumb Code     6  tasks.o(i.xTaskGetTickCount)
    xTaskIncrementTick                       0x08006021   Thumb Code   192  tasks.o(i.xTaskIncrementTick)
    xTaskPriorityDisinherit                  0x080060e9   Thumb Code   118  tasks.o(i.xTaskPriorityDisinherit)
    xTaskRemoveFromEventList                 0x08006169   Thumb Code    98  tasks.o(i.xTaskRemoveFromEventList)
    xTaskResumeAll                           0x080061d9   Thumb Code   182  tasks.o(i.xTaskResumeAll)
    xTimerCreateTimerTask                    0x0800629d   Thumb Code    78  timers.o(i.xTimerCreateTimerTask)
    xTimerGenericCommand                     0x080062fd   Thumb Code    98  timers.o(i.xTimerGenericCommand)
    defaultTask_attributes                   0x08006364   Data          36  freertos.o(.constdata)
    AHBPrescTable                            0x08006390   Data          16  system_stm32f4xx.o(.constdata)
    APBPrescTable                            0x080063a0   Data           8  system_stm32f4xx.o(.constdata)
    Region$$Table$$Base                      0x080063b4   Number         0  anon$$obj.o(Region$$Table)
    Region$$Table$$Limit                     0x080063d4   Number         0  anon$$obj.o(Region$$Table)
    defaultTaskHandle                        0x20000010   Data           4  freertos.o(.data)
    uwTickFreq                               0x20000014   Data           1  stm32f4xx_hal.o(.data)
    uwTickPrio                               0x20000018   Data           4  stm32f4xx_hal.o(.data)
    uwTick                                   0x2000001c   Data           4  stm32f4xx_hal.o(.data)
    SystemCoreClock                          0x20000020   Data           4  system_stm32f4xx.o(.data)
    pxCurrentTCB                             0x20000024   Data           4  tasks.o(.data)
    __stdout                                 0x200000a4   Data           4  stdout.o(.data)
    hi2c1                                    0x200000c8   Data          84  i2c.o(.bss)
    hsd                                      0x2000011c   Data         132  sdio.o(.bss)
    hspi1                                    0x200001a0   Data          88  spi.o(.bss)
    hspi2                                    0x200001f8   Data          88  spi.o(.bss)
    htim1                                    0x20000250   Data          72  tim.o(.bss)
    htim2                                    0x20000298   Data          72  tim.o(.bss)
    htim3                                    0x200002e0   Data          72  tim.o(.bss)
    htim4                                    0x20000328   Data          72  tim.o(.bss)
    huart4                                   0x20000370   Data          72  usart.o(.bss)
    huart1                                   0x200003b8   Data          72  usart.o(.bss)
    huart2                                   0x20000400   Data          72  usart.o(.bss)
    huart3                                   0x20000448   Data          72  usart.o(.bss)
    huart6                                   0x20000490   Data          72  usart.o(.bss)
    hdma_uart4_tx                            0x200004d8   Data          96  usart.o(.bss)
    hdma_uart4_rx                            0x20000538   Data          96  usart.o(.bss)
    hdma_usart1_rx                           0x20000598   Data          96  usart.o(.bss)
    hdma_usart1_tx                           0x200005f8   Data          96  usart.o(.bss)
    hdma_usart2_tx                           0x20000658   Data          96  usart.o(.bss)
    hdma_usart2_rx                           0x200006b8   Data          96  usart.o(.bss)
    hdma_usart3_tx                           0x20000718   Data          96  usart.o(.bss)
    hdma_usart3_rx                           0x20000778   Data          96  usart.o(.bss)
    hdma_usart6_tx                           0x200007d8   Data          96  usart.o(.bss)
    hdma_usart6_rx                           0x20000838   Data          96  usart.o(.bss)
    htim6                                    0x20000898   Data          72  stm32f4xx_hal_timebase_tim.o(.bss)
    xQueueRegistry                           0x200008e0   Data          64  queue.o(.bss)
    __initial_sp                             0x200055b8   Data           0  startup_stm32f405xx.o(STACK)



==============================================================================

Memory Map of the image

  Image Entry point : 0x08000189

  Load Region LR_IROM1 (Base: 0x08000000, Size: 0x0000647c, Max: 0x00100000, ABSOLUTE)

    Execution Region ER_IROM1 (Base: 0x08000000, Size: 0x000063d4, Max: 0x00100000, ABSOLUTE)

    Base Addr    Size         Type   Attr      Idx    E Section Name        Object

    0x08000000   0x00000188   Data   RO            3    RESET               startup_stm32f405xx.o
    0x08000188   0x00000000   Code   RO         6648  * .ARM.Collect$$$$00000000  mc_w.l(entry.o)
    0x08000188   0x00000004   Code   RO         6922    .ARM.Collect$$$$00000001  mc_w.l(entry2.o)
    0x0800018c   0x00000004   Code   RO         6925    .ARM.Collect$$$$00000004  mc_w.l(entry5.o)
    0x08000190   0x00000000   Code   RO         6927    .ARM.Collect$$$$00000008  mc_w.l(entry7b.o)
    0x08000190   0x00000000   Code   RO         6929    .ARM.Collect$$$$0000000A  mc_w.l(entry8b.o)
    0x08000190   0x00000008   Code   RO         6930    .ARM.Collect$$$$0000000B  mc_w.l(entry9a.o)
    0x08000198   0x00000000   Code   RO         6932    .ARM.Collect$$$$0000000D  mc_w.l(entry10a.o)
    0x08000198   0x00000000   Code   RO         6934    .ARM.Collect$$$$0000000F  mc_w.l(entry11a.o)
    0x08000198   0x00000004   Code   RO         6923    .ARM.Collect$$$$00002712  mc_w.l(entry2.o)
    0x0800019c   0x000000be   Code   RO         6571    .emb_text           port.o
    0x0800025a   0x00000002   PAD
    0x0800025c   0x00000024   Code   RO            4    .text               startup_stm32f405xx.o
    0x08000280   0x00000062   Code   RO         6651    .text               mc_w.l(uldiv.o)
    0x080002e2   0x00000024   Code   RO         6653    .text               mc_w.l(memcpya.o)
    0x08000306   0x00000024   Code   RO         6657    .text               mc_w.l(memseta.o)
    0x0800032a   0x0000002c   Code   RO         6937    .text               mc_w.l(uidiv.o)
    0x08000356   0x0000001e   Code   RO         6939    .text               mc_w.l(llshl.o)
    0x08000374   0x00000020   Code   RO         6941    .text               mc_w.l(llushr.o)
    0x08000394   0x00000024   Code   RO         6954    .text               mc_w.l(init.o)
    0x080003b8   0x00000002   Code   RO          786    i.BusFault_Handler  stm32f4xx_it.o
    0x080003ba   0x00000002   PAD
    0x080003bc   0x0000000c   Code   RO          787    i.DMA1_Stream1_IRQHandler  stm32f4xx_it.o
    0x080003c8   0x0000000c   Code   RO          788    i.DMA1_Stream2_IRQHandler  stm32f4xx_it.o
    0x080003d4   0x0000000c   Code   RO          789    i.DMA1_Stream3_IRQHandler  stm32f4xx_it.o
    0x080003e0   0x0000000c   Code   RO          790    i.DMA1_Stream4_IRQHandler  stm32f4xx_it.o
    0x080003ec   0x0000000c   Code   RO          791    i.DMA1_Stream5_IRQHandler  stm32f4xx_it.o
    0x080003f8   0x0000000c   Code   RO          792    i.DMA1_Stream6_IRQHandler  stm32f4xx_it.o
    0x08000404   0x0000000c   Code   RO          793    i.DMA2_Stream1_IRQHandler  stm32f4xx_it.o
    0x08000410   0x0000000c   Code   RO          794    i.DMA2_Stream2_IRQHandler  stm32f4xx_it.o
    0x0800041c   0x0000000c   Code   RO          795    i.DMA2_Stream6_IRQHandler  stm32f4xx_it.o
    0x08000428   0x0000000c   Code   RO          796    i.DMA2_Stream7_IRQHandler  stm32f4xx_it.o
    0x08000434   0x00000028   Code   RO         2465    i.DMA_CalcBaseAndBitshift  stm32f4xx_hal_dma.o
    0x0800045c   0x00000054   Code   RO         2466    i.DMA_CheckFifoParam  stm32f4xx_hal_dma.o
    0x080004b0   0x00000002   Code   RO          797    i.DebugMon_Handler  stm32f4xx_it.o
    0x080004b2   0x00000004   Code   RO           13    i.Error_Handler     main.o
    0x080004b6   0x00000092   Code   RO         2468    i.HAL_DMA_Abort     stm32f4xx_hal_dma.o
    0x08000548   0x00000024   Code   RO         2469    i.HAL_DMA_Abort_IT  stm32f4xx_hal_dma.o
    0x0800056c   0x00000006   Code   RO         2472    i.HAL_DMA_GetState  stm32f4xx_hal_dma.o
    0x08000572   0x00000002   PAD
    0x08000574   0x000001a0   Code   RO         2473    i.HAL_DMA_IRQHandler  stm32f4xx_hal_dma.o
    0x08000714   0x000000d4   Code   RO         2474    i.HAL_DMA_Init      stm32f4xx_hal_dma.o
    0x080007e8   0x000001f0   Code   RO         2361    i.HAL_GPIO_Init     stm32f4xx_hal_gpio.o
    0x080009d8   0x0000000a   Code   RO         2365    i.HAL_GPIO_WritePin  stm32f4xx_hal_gpio.o
    0x080009e2   0x00000002   PAD
    0x080009e4   0x0000000c   Code   RO         2911    i.HAL_GetTick       stm32f4xx_hal.o
    0x080009f0   0x00000002   Code   RO         3156    i.HAL_I2C_AbortCpltCallback  stm32f4xx_hal_i2c.o
    0x080009f2   0x00000002   Code   RO         3157    i.HAL_I2C_AddrCallback  stm32f4xx_hal_i2c.o
    0x080009f4   0x000000ba   Code   RO         3160    i.HAL_I2C_ER_IRQHandler  stm32f4xx_hal_i2c.o
    0x08000aae   0x00000230   Code   RO         3161    i.HAL_I2C_EV_IRQHandler  stm32f4xx_hal_i2c.o
    0x08000cde   0x00000002   Code   RO         3163    i.HAL_I2C_ErrorCallback  stm32f4xx_hal_i2c.o
    0x08000ce0   0x00000188   Code   RO         3167    i.HAL_I2C_Init      stm32f4xx_hal_i2c.o
    0x08000e68   0x00000002   Code   RO         3169    i.HAL_I2C_ListenCpltCallback  stm32f4xx_hal_i2c.o
    0x08000e6a   0x00000002   Code   RO         3170    i.HAL_I2C_MasterRxCpltCallback  stm32f4xx_hal_i2c.o
    0x08000e6c   0x00000002   Code   RO         3171    i.HAL_I2C_MasterTxCpltCallback  stm32f4xx_hal_i2c.o
    0x08000e6e   0x00000002   Code   RO         3183    i.HAL_I2C_MemRxCpltCallback  stm32f4xx_hal_i2c.o
    0x08000e70   0x00000002   Code   RO         3184    i.HAL_I2C_MemTxCpltCallback  stm32f4xx_hal_i2c.o
    0x08000e72   0x00000002   PAD
    0x08000e74   0x00000088   Code   RO          487    i.HAL_I2C_MspInit   i2c.o
    0x08000efc   0x00000002   Code   RO         3193    i.HAL_I2C_SlaveRxCpltCallback  stm32f4xx_hal_i2c.o
    0x08000efe   0x00000002   Code   RO         3194    i.HAL_I2C_SlaveTxCpltCallback  stm32f4xx_hal_i2c.o
    0x08000f00   0x00000010   Code   RO         2917    i.HAL_IncTick       stm32f4xx_hal.o
    0x08000f10   0x00000034   Code   RO         2918    i.HAL_Init          stm32f4xx_hal.o
    0x08000f44   0x00000098   Code   RO          994    i.HAL_InitTick      stm32f4xx_hal_timebase_tim.o
    0x08000fdc   0x00000038   Code   RO          970    i.HAL_MspInit       stm32f4xx_hal_msp.o
    0x08001014   0x0000001a   Code   RO         2753    i.HAL_NVIC_EnableIRQ  stm32f4xx_hal_cortex.o
    0x0800102e   0x00000002   PAD
    0x08001030   0x00000040   Code   RO         2759    i.HAL_NVIC_SetPriority  stm32f4xx_hal_cortex.o
    0x08001070   0x00000024   Code   RO         2760    i.HAL_NVIC_SetPriorityGrouping  stm32f4xx_hal_cortex.o
    0x08001094   0x00000134   Code   RO         2007    i.HAL_RCC_ClockConfig  stm32f4xx_hal_rcc.o
    0x080011c8   0x00000040   Code   RO         2011    i.HAL_RCC_GetClockConfig  stm32f4xx_hal_rcc.o
    0x08001208   0x00000020   Code   RO         2014    i.HAL_RCC_GetPCLK1Freq  stm32f4xx_hal_rcc.o
    0x08001228   0x00000020   Code   RO         2015    i.HAL_RCC_GetPCLK2Freq  stm32f4xx_hal_rcc.o
    0x08001248   0x00000060   Code   RO         2016    i.HAL_RCC_GetSysClockFreq  stm32f4xx_hal_rcc.o
    0x080012a8   0x0000036c   Code   RO         2019    i.HAL_RCC_OscConfig  stm32f4xx_hal_rcc.o
    0x08001614   0x00000002   Code   RO         3928    i.HAL_SD_AbortCallback  stm32f4xx_hal_sd.o
    0x08001616   0x00000002   Code   RO         3933    i.HAL_SD_ErrorCallback  stm32f4xx_hal_sd.o
    0x08001618   0x0000002c   Code   RO         3937    i.HAL_SD_GetCardState  stm32f4xx_hal_sd.o
    0x08001644   0x00000208   Code   RO         3941    i.HAL_SD_IRQHandler  stm32f4xx_hal_sd.o
    0x0800184c   0x00000002   Code   RO         3949    i.HAL_SD_RxCpltCallback  stm32f4xx_hal_sd.o
    0x0800184e   0x00000002   Code   RO         3950    i.HAL_SD_TxCpltCallback  stm32f4xx_hal_sd.o
    0x08001850   0x00000002   Code   RO         4177    i.HAL_SPI_ErrorCallback  stm32f4xx_hal_spi.o
    0x08001852   0x00000002   PAD
    0x08001854   0x000000fc   Code   RO         4180    i.HAL_SPI_IRQHandler  stm32f4xx_hal_spi.o
    0x08001950   0x000000bc   Code   RO         4181    i.HAL_SPI_Init      stm32f4xx_hal_spi.o
    0x08001a0c   0x000000fc   Code   RO          601    i.HAL_SPI_MspInit   spi.o
    0x08001b08   0x00000002   Code   RO         1739    i.HAL_TIMEx_BreakCallback  stm32f4xx_hal_tim_ex.o
    0x08001b0a   0x00000002   Code   RO         1740    i.HAL_TIMEx_CommutCallback  stm32f4xx_hal_tim_ex.o
    0x08001b0c   0x00000054   Code   RO         1742    i.HAL_TIMEx_ConfigBreakDeadTime  stm32f4xx_hal_tim_ex.o
    0x08001b60   0x00000090   Code   RO         1758    i.HAL_TIMEx_MasterConfigSynchronization  stm32f4xx_hal_tim_ex.o
    0x08001bf0   0x0000005a   Code   RO         1035    i.HAL_TIM_Base_Init  stm32f4xx_hal_tim.o
    0x08001c4a   0x00000002   PAD
    0x08001c4c   0x00000068   Code   RO          649    i.HAL_TIM_Base_MspInit  tim.o
    0x08001cb4   0x00000080   Code   RO         1040    i.HAL_TIM_Base_Start_IT  stm32f4xx_hal_tim.o
    0x08001d34   0x000000dc   Code   RO         1044    i.HAL_TIM_ConfigClockSource  stm32f4xx_hal_tim.o
    0x08001e10   0x00000002   Code   RO         1069    i.HAL_TIM_IC_CaptureCallback  stm32f4xx_hal_tim.o
    0x08001e12   0x00000130   Code   RO         1083    i.HAL_TIM_IRQHandler  stm32f4xx_hal_tim.o
    0x08001f42   0x00000002   PAD
    0x08001f44   0x000000d4   Code   RO          650    i.HAL_TIM_MspPostInit  tim.o
    0x08002018   0x00000002   Code   RO         1086    i.HAL_TIM_OC_DelayElapsedCallback  stm32f4xx_hal_tim.o
    0x0800201a   0x000000cc   Code   RO         1107    i.HAL_TIM_PWM_ConfigChannel  stm32f4xx_hal_tim.o
    0x080020e6   0x0000005a   Code   RO         1110    i.HAL_TIM_PWM_Init  stm32f4xx_hal_tim.o
    0x08002140   0x00000002   Code   RO         1112    i.HAL_TIM_PWM_MspInit  stm32f4xx_hal_tim.o
    0x08002142   0x00000002   Code   RO         1113    i.HAL_TIM_PWM_PulseFinishedCallback  stm32f4xx_hal_tim.o
    0x08002144   0x00000014   Code   RO           14    i.HAL_TIM_PeriodElapsedCallback  main.o
    0x08002158   0x00000002   Code   RO         1126    i.HAL_TIM_TriggerCallback  stm32f4xx_hal_tim.o
    0x0800215a   0x00000002   Code   RO         4504    i.HAL_UARTEx_RxEventCallback  stm32f4xx_hal_uart.o
    0x0800215c   0x00000002   Code   RO         4518    i.HAL_UART_ErrorCallback  stm32f4xx_hal_uart.o
    0x0800215e   0x00000002   PAD
    0x08002160   0x00000280   Code   RO         4521    i.HAL_UART_IRQHandler  stm32f4xx_hal_uart.o
    0x080023e0   0x00000064   Code   RO         4522    i.HAL_UART_Init     stm32f4xx_hal_uart.o
    0x08002444   0x0000042c   Code   RO          715    i.HAL_UART_MspInit  usart.o
    0x08002870   0x0000001c   Code   RO         4527    i.HAL_UART_Receive_IT  stm32f4xx_hal_uart.o
    0x0800288c   0x0000007c   Code   RO          299    i.HAL_UART_RxCpltCallback  pwm_uart.o
    0x08002908   0x000000a0   Code   RO         4530    i.HAL_UART_Transmit  stm32f4xx_hal_uart.o
    0x080029a8   0x00000002   Code   RO         4533    i.HAL_UART_TxCpltCallback  stm32f4xx_hal_uart.o
    0x080029aa   0x00000002   Code   RO          798    i.HardFault_Handler  stm32f4xx_it.o
    0x080029ac   0x0000000c   Code   RO          799    i.I2C1_ER_IRQHandler  stm32f4xx_it.o
    0x080029b8   0x0000000c   Code   RO          800    i.I2C1_EV_IRQHandler  stm32f4xx_it.o
    0x080029c4   0x000000bc   Code   RO         3205    i.I2C_DMAAbort      stm32f4xx_hal_i2c.o
    0x08002a80   0x00000010   Code   RO         3208    i.I2C_Flush_DR      stm32f4xx_hal_i2c.o
    0x08002a90   0x00000158   Code   RO         3209    i.I2C_ITError       stm32f4xx_hal_i2c.o
    0x08002be8   0x000000da   Code   RO         3211    i.I2C_MasterReceive_BTF  stm32f4xx_hal_i2c.o
    0x08002cc2   0x00000002   PAD
    0x08002cc4   0x000000f4   Code   RO         3212    i.I2C_MasterReceive_RXNE  stm32f4xx_hal_i2c.o
    0x08002db8   0x00000082   Code   RO         3215    i.I2C_MasterTransmit_BTF  stm32f4xx_hal_i2c.o
    0x08002e3a   0x00000002   PAD
    0x08002e3c   0x000000b6   Code   RO         3216    i.I2C_MasterTransmit_TXE  stm32f4xx_hal_i2c.o
    0x08002ef2   0x00000002   PAD
    0x08002ef4   0x00000118   Code   RO         3217    i.I2C_Master_ADDR   stm32f4xx_hal_i2c.o
    0x0800300c   0x0000008c   Code   RO         3218    i.I2C_Master_SB     stm32f4xx_hal_i2c.o
    0x08003098   0x000000a8   Code   RO         3219    i.I2C_MemoryTransmit_TXE_BTF  stm32f4xx_hal_i2c.o
    0x08003140   0x00000046   Code   RO         3222    i.I2C_Slave_ADDR    stm32f4xx_hal_i2c.o
    0x08003186   0x00000002   PAD
    0x08003188   0x00000090   Code   RO         3223    i.I2C_Slave_AF      stm32f4xx_hal_i2c.o
    0x08003218   0x0000015c   Code   RO         3224    i.I2C_Slave_STOPF   stm32f4xx_hal_i2c.o
    0x08003374   0x000000cc   Code   RO          462    i.MX_DMA_Init       dma.o
    0x08003440   0x00000020   Code   RO          419    i.MX_FREERTOS_Init  freertos.o
    0x08003460   0x00000158   Code   RO          395    i.MX_GPIO_Init      gpio.o
    0x080035b8   0x00000040   Code   RO          488    i.MX_I2C1_Init      i2c.o
    0x080035f8   0x00000044   Code   RO          602    i.MX_SPI1_Init      spi.o
    0x0800363c   0x00000044   Code   RO          603    i.MX_SPI2_Init      spi.o
    0x08003680   0x000000c8   Code   RO          651    i.MX_TIM1_Init      tim.o
    0x08003748   0x00000094   Code   RO          652    i.MX_TIM2_Init      tim.o
    0x080037dc   0x00000098   Code   RO          653    i.MX_TIM3_Init      tim.o
    0x08003874   0x000000c8   Code   RO          654    i.MX_TIM4_Init      tim.o
    0x0800393c   0x00000038   Code   RO          716    i.MX_UART4_Init     usart.o
    0x08003974   0x0000003c   Code   RO          717    i.MX_USART1_UART_Init  usart.o
    0x080039b0   0x00000038   Code   RO          718    i.MX_USART2_UART_Init  usart.o
    0x080039e8   0x00000038   Code   RO          719    i.MX_USART3_UART_Init  usart.o
    0x08003a20   0x00000038   Code   RO          720    i.MX_USART6_UART_Init  usart.o
    0x08003a58   0x00000002   Code   RO          801    i.MemManage_Handler  stm32f4xx_it.o
    0x08003a5a   0x00000002   Code   RO          802    i.NMI_Handler       stm32f4xx_it.o
    0x08003a5c   0x000000c0   Code   RO          237    i.PWM_CommandParse  pwm_command.o
    0x08003b1c   0x00000020   Code   RO          255    i.PWM_OutputBusy    pwm_output.o
    0x08003b3c   0x00000040   Code   RO          256    i.PWM_OutputInit    pwm_output.o
    0x08003b7c   0x000000d0   Code   RO          257    i.PWM_OutputStart   pwm_output.o
    0x08003c4c   0x00000040   Code   RO          356    i.PWM_TimerConfigGet  pwm_timer_config.o
    0x08003c8c   0x0000000a   Code   RO          368    i.PWM_TimingMarkerBegin  pwm_timing_marker.o
    0x08003c96   0x0000000a   Code   RO          369    i.PWM_TimingMarkerEnd  pwm_timing_marker.o
    0x08003ca0   0x0000000c   Code   RO          370    i.PWM_TimingMarkerInit  pwm_timing_marker.o
    0x08003cac   0x00000018   Code   RO          300    i.PWM_TimingMarkerWriteGpio  pwm_uart.o
    0x08003cc4   0x0000002c   Code   RO          301    i.PWM_Uart1Init     pwm_uart.o
    0x08003cf0   0x0000011c   Code   RO          302    i.PWM_Uart1Process  pwm_uart.o
    0x08003e0c   0x00000006   Code   RO         3646    i.SDIO_GetResponse  stm32f4xx_ll_sdmmc.o
    0x08003e12   0x00000002   PAD
    0x08003e14   0x0000000c   Code   RO          803    i.SDIO_IRQHandler   stm32f4xx_it.o
    0x08003e20   0x00000006   Code   RO         3650    i.SDIO_ReadFIFO     stm32f4xx_ll_sdmmc.o
    0x08003e26   0x00000020   Code   RO         3651    i.SDIO_SendCommand  stm32f4xx_ll_sdmmc.o
    0x08003e46   0x0000000a   Code   RO         3653    i.SDIO_WriteFIFO    stm32f4xx_ll_sdmmc.o
    0x08003e50   0x00000032   Code   RO         3673    i.SDMMC_CmdSendStatus  stm32f4xx_ll_sdmmc.o
    0x08003e82   0x00000002   PAD
    0x08003e84   0x00000034   Code   RO         3677    i.SDMMC_CmdStopTransfer  stm32f4xx_ll_sdmmc.o
    0x08003eb8   0x00000120   Code   RO         3681    i.SDMMC_GetCmdResp1  stm32f4xx_ll_sdmmc.o
    0x08003fd8   0x00000044   Code   RO         3956    i.SD_DMARxAbort     stm32f4xx_hal_sd.o
    0x0800401c   0x00000044   Code   RO         3958    i.SD_DMATxAbort     stm32f4xx_hal_sd.o
    0x08004060   0x0000000c   Code   RO          804    i.SPI1_IRQHandler   stm32f4xx_it.o
    0x0800406c   0x0000000c   Code   RO          805    i.SPI2_IRQHandler   stm32f4xx_it.o
    0x08004078   0x00000010   Code   RO         4208    i.SPI_DMAAbortOnError  stm32f4xx_hal_spi.o
    0x08004088   0x0000000c   Code   RO          420    i.StartDefaultTask  freertos.o
    0x08004094   0x0000001a   Code   RO         6003    i.SysTick_Handler   cmsis_os2.o
    0x080040ae   0x00000002   PAD
    0x080040b0   0x0000009c   Code   RO           15    i.SystemClock_Config  main.o
    0x0800414c   0x00000010   Code   RO         4856    i.SystemInit        system_stm32f4xx.o
    0x0800415c   0x0000000c   Code   RO          806    i.TIM6_DAC_IRQHandler  stm32f4xx_it.o
    0x08004168   0x000000d0   Code   RO         1128    i.TIM_Base_SetConfig  stm32f4xx_hal_tim.o
    0x08004238   0x00000014   Code   RO         1139    i.TIM_ETR_SetConfig  stm32f4xx_hal_tim.o
    0x0800424c   0x00000010   Code   RO         1140    i.TIM_ITRx_SetConfig  stm32f4xx_hal_tim.o
    0x0800425c   0x00000060   Code   RO         1141    i.TIM_OC1_SetConfig  stm32f4xx_hal_tim.o
    0x080042bc   0x0000006c   Code   RO         1142    i.TIM_OC2_SetConfig  stm32f4xx_hal_tim.o
    0x08004328   0x00000068   Code   RO         1143    i.TIM_OC3_SetConfig  stm32f4xx_hal_tim.o
    0x08004390   0x00000050   Code   RO         1144    i.TIM_OC4_SetConfig  stm32f4xx_hal_tim.o
    0x080043e0   0x00000022   Code   RO         1146    i.TIM_TI1_ConfigInputStage  stm32f4xx_hal_tim.o
    0x08004402   0x00000024   Code   RO         1148    i.TIM_TI2_ConfigInputStage  stm32f4xx_hal_tim.o
    0x08004426   0x00000002   PAD
    0x08004428   0x0000000c   Code   RO          807    i.UART4_IRQHandler  stm32f4xx_it.o
    0x08004434   0x0000000e   Code   RO         4535    i.UART_DMAAbortOnError  stm32f4xx_hal_uart.o
    0x08004442   0x0000004e   Code   RO         4545    i.UART_EndRxTransfer  stm32f4xx_hal_uart.o
    0x08004490   0x000000c2   Code   RO         4547    i.UART_Receive_IT   stm32f4xx_hal_uart.o
    0x08004552   0x00000002   PAD
    0x08004554   0x0000010c   Code   RO         4548    i.UART_SetConfig    stm32f4xx_hal_uart.o
    0x08004660   0x00000036   Code   RO         4550    i.UART_Start_Receive_IT  stm32f4xx_hal_uart.o
    0x08004696   0x00000072   Code   RO         4551    i.UART_WaitOnFlagUntilTimeout  stm32f4xx_hal_uart.o
    0x08004708   0x0000000c   Code   RO          808    i.USART1_IRQHandler  stm32f4xx_it.o
    0x08004714   0x0000000c   Code   RO          809    i.USART2_IRQHandler  stm32f4xx_it.o
    0x08004720   0x0000000c   Code   RO          810    i.USART3_IRQHandler  stm32f4xx_it.o
    0x0800472c   0x0000000c   Code   RO          811    i.USART6_IRQHandler  stm32f4xx_it.o
    0x08004738   0x00000002   Code   RO          812    i.UsageFault_Handler  stm32f4xx_it.o
    0x0800473a   0x00000002   PAD
    0x0800473c   0x00000020   Code   RO         6816    i.__0printf$6       mc_w.l(printf6.o)
    0x0800475c   0x00000028   Code   RO         6817    i.__0snprintf$6     mc_w.l(printf6.o)
    0x08004784   0x00000020   Code   RO         2766    i.__NVIC_SetPriority  stm32f4xx_hal_cortex.o
    0x080047a4   0x0000000e   Code   RO         6962    i.__scatterload_copy  mc_w.l(handlers.o)
    0x080047b2   0x00000002   Code   RO         6963    i.__scatterload_null  mc_w.l(handlers.o)
    0x080047b4   0x0000000e   Code   RO         6964    i.__scatterload_zeroinit  mc_w.l(handlers.o)
    0x080047c2   0x00000002   PAD
    0x080047c4   0x000002f0   Code   RO         6823    i._printf_core      mc_w.l(printf6.o)
    0x08004ab4   0x00000024   Code   RO         6824    i._printf_post_padding  mc_w.l(printf6.o)
    0x08004ad8   0x0000002e   Code   RO         6825    i._printf_pre_padding  mc_w.l(printf6.o)
    0x08004b06   0x00000016   Code   RO         6826    i._snputc           mc_w.l(printf6.o)
    0x08004b1c   0x00000018   Code   RO          721    i.fputc             usart.o
    0x08004b34   0x00000068   Code   RO           16    i.main              main.o
    0x08004b9c   0x0000001a   Code   RO         6005    i.osDelay           cmsis_os2.o
    0x08004bb6   0x00000002   PAD
    0x08004bb8   0x00000024   Code   RO         6019    i.osKernelInitialize  cmsis_os2.o
    0x08004bdc   0x00000038   Code   RO         6022    i.osKernelStart     cmsis_os2.o
    0x08004c14   0x00000088   Code   RO         6064    i.osThreadNew       cmsis_os2.o
    0x08004c9c   0x0000005c   Code   RO         5464    i.prvAddCurrentTaskToDelayedList  tasks.o
    0x08004cf8   0x000000d0   Code   RO         5465    i.prvAddNewTaskToReadyList  tasks.o
    0x08004dc8   0x00000058   Code   RO         5829    i.prvCheckForValidListAndQueue  timers.o
    0x08004e20   0x00000026   Code   RO         5061    i.prvCopyDataFromQueue  queue.o
    0x08004e46   0x0000006c   Code   RO         5062    i.prvCopyDataToQueue  queue.o
    0x08004eb2   0x00000034   Code   RO         5466    i.prvDeleteTCB      tasks.o
    0x08004ee6   0x00000002   PAD
    0x08004ee8   0x0000004c   Code   RO         6516    i.prvHeapInit       heap_4.o
    0x08004f34   0x00000060   Code   RO         5467    i.prvIdleTask       tasks.o
    0x08004f94   0x00000022   Code   RO         5064    i.prvInitialiseNewQueue  queue.o
    0x08004fb6   0x00000002   PAD
    0x08004fb8   0x000000b0   Code   RO         5468    i.prvInitialiseNewTask  tasks.o
    0x08005068   0x0000004c   Code   RO         6517    i.prvInsertBlockIntoFreeList  heap_4.o
    0x080050b4   0x00000038   Code   RO         5831    i.prvInsertTimerInActiveList  timers.o
    0x080050ec   0x0000001c   Code   RO         5065    i.prvIsQueueEmpty   queue.o
    0x08005108   0x000000fc   Code   RO         5832    i.prvProcessReceivedCommands  timers.o
    0x08005204   0x000000c0   Code   RO         5833    i.prvProcessTimerOrBlockTask  timers.o
    0x080052c4   0x00000020   Code   RO         5470    i.prvResetNextTaskUnblockTime  tasks.o
    0x080052e4   0x00000028   Code   RO         5834    i.prvSampleTimeNow  timers.o
    0x0800530c   0x0000006c   Code   RO         5835    i.prvSwitchTimerLists  timers.o
    0x08005378   0x00000028   Code   RO         6572    i.prvTaskExitError  port.o
    0x080053a0   0x00000024   Code   RO         5836    i.prvTimerTask      timers.o
    0x080053c4   0x0000006a   Code   RO         5066    i.prvUnlockQueue    queue.o
    0x0800542e   0x00000002   PAD
    0x08005430   0x000000dc   Code   RO         6518    i.pvPortMalloc      heap_4.o
    0x0800550c   0x0000002c   Code   RO         6573    i.pxPortInitialiseStack  port.o
    0x08005538   0x00000026   Code   RO         5021    i.uxListRemove      list.o
    0x0800555e   0x00000002   PAD
    0x08005560   0x00000014   Code   RO         6076    i.vApplicationGetIdleTaskMemory  cmsis_os2.o
    0x08005574   0x00000018   Code   RO         6077    i.vApplicationGetTimerTaskMemory  cmsis_os2.o
    0x0800558c   0x00000016   Code   RO         5022    i.vListInitialise   list.o
    0x080055a2   0x00000006   Code   RO         5023    i.vListInitialiseItem  list.o
    0x080055a8   0x00000030   Code   RO         5024    i.vListInsert       list.o
    0x080055d8   0x00000018   Code   RO         5025    i.vListInsertEnd    list.o
    0x080055f0   0x00000040   Code   RO         6575    i.vPortEnterCritical  port.o
    0x08005630   0x00000028   Code   RO         6576    i.vPortExitCritical  port.o
    0x08005658   0x00000064   Code   RO         6519    i.vPortFree         heap_4.o
    0x080056bc   0x00000024   Code   RO         6577    i.vPortSetupTimerInterrupt  port.o
    0x080056e0   0x00000054   Code   RO         6578    i.vPortValidateInterruptPriority  port.o
    0x08005734   0x00000028   Code   RO         5072    i.vQueueAddToRegistry  queue.o
    0x0800575c   0x00000044   Code   RO         5076    i.vQueueWaitForMessageRestricted  queue.o
    0x080057a0   0x0000004c   Code   RO         5483    i.vTaskDelay        tasks.o
    0x080057ec   0x00000010   Code   RO         5488    i.vTaskInternalSetTimeOutState  tasks.o
    0x080057fc   0x0000000c   Code   RO         5489    i.vTaskMissedYield  tasks.o
    0x08005808   0x00000030   Code   RO         5491    i.vTaskPlaceOnEventList  tasks.o
    0x08005838   0x00000038   Code   RO         5492    i.vTaskPlaceOnEventListRestricted  tasks.o
    0x08005870   0x00000088   Code   RO         5500    i.vTaskStartScheduler  tasks.o
    0x080058f8   0x00000010   Code   RO         5502    i.vTaskSuspendAll   tasks.o
    0x08005908   0x00000064   Code   RO         5503    i.vTaskSwitchContext  tasks.o
    0x0800596c   0x000000f4   Code   RO         6579    i.xPortStartScheduler  port.o
    0x08005a60   0x0000002c   Code   RO         6580    i.xPortSysTickHandler  port.o
    0x08005a8c   0x00000066   Code   RO         5082    i.xQueueGenericCreateStatic  queue.o
    0x08005af2   0x00000002   PAD
    0x08005af4   0x00000088   Code   RO         5083    i.xQueueGenericReset  queue.o
    0x08005b7c   0x00000160   Code   RO         5084    i.xQueueGenericSend  queue.o
    0x08005cdc   0x000000be   Code   RO         5085    i.xQueueGenericSendFromISR  queue.o
    0x08005d9a   0x00000002   PAD
    0x08005d9c   0x00000138   Code   RO         5094    i.xQueueReceive     queue.o
    0x08005ed4   0x00000074   Code   RO         5505    i.xTaskCheckForTimeOut  tasks.o
    0x08005f48   0x0000005a   Code   RO         5506    i.xTaskCreate       tasks.o
    0x08005fa2   0x00000056   Code   RO         5507    i.xTaskCreateStatic  tasks.o
    0x08005ff8   0x0000001c   Code   RO         5511    i.xTaskGetSchedulerState  tasks.o
    0x08006014   0x0000000c   Code   RO         5512    i.xTaskGetTickCount  tasks.o
    0x08006020   0x000000c8   Code   RO         5514    i.xTaskIncrementTick  tasks.o
    0x080060e8   0x00000080   Code   RO         5517    i.xTaskPriorityDisinherit  tasks.o
    0x08006168   0x00000070   Code   RO         5519    i.xTaskRemoveFromEventList  tasks.o
    0x080061d8   0x000000c4   Code   RO         5520    i.xTaskResumeAll    tasks.o
    0x0800629c   0x00000060   Code   RO         5845    i.xTimerCreateTimerTask  timers.o
    0x080062fc   0x00000068   Code   RO         5846    i.xTimerGenericCommand  timers.o
    0x08006364   0x00000024   Data   RO          421    .constdata          freertos.o
    0x08006388   0x00000008   Data   RO         2480    .constdata          stm32f4xx_hal_dma.o
    0x08006390   0x00000010   Data   RO         4857    .constdata          system_stm32f4xx.o
    0x080063a0   0x00000008   Data   RO         4858    .constdata          system_stm32f4xx.o
    0x080063a8   0x0000000c   Data   RO          422    .conststring        freertos.o
    0x080063b4   0x00000020   Data   RO         6960    Region$$Table       anon$$obj.o


    Execution Region RW_IRAM1 (Base: 0x20000000, Size: 0x000055b8, Max: 0x0001c000, ABSOLUTE)

    Base Addr    Size         Type   Attr      Idx    E Section Name        Object

    0x20000000   0x00000001   Data   RW          258    .data               pwm_output.o
    0x20000001   0x00000003   PAD
    0x20000004   0x0000000c   Data   RW          304    .data               pwm_uart.o
    0x20000010   0x00000004   Data   RW          423    .data               freertos.o
    0x20000014   0x0000000c   Data   RW         2925    .data               stm32f4xx_hal.o
    0x20000020   0x00000004   Data   RW         4859    .data               system_stm32f4xx.o
    0x20000024   0x0000003c   Data   RW         5523    .data               tasks.o
    0x20000060   0x00000014   Data   RW         5854    .data               timers.o
    0x20000074   0x00000004   Data   RW         6079    .data               cmsis_os2.o
    0x20000078   0x00000020   Data   RW         6525    .data               heap_4.o
    0x20000098   0x0000000c   Data   RW         6581    .data               port.o
    0x200000a4   0x00000004   Data   RW         6936    .data               mc_w.l(stdout.o)
    0x200000a8   0x00000020   Zero   RW          303    .bss                pwm_uart.o
    0x200000c8   0x00000054   Zero   RW          489    .bss                i2c.o
    0x2000011c   0x00000084   Zero   RW          561    .bss                sdio.o
    0x200001a0   0x000000b0   Zero   RW          604    .bss                spi.o
    0x20000250   0x00000120   Zero   RW          655    .bss                tim.o
    0x20000370   0x00000528   Zero   RW          722    .bss                usart.o
    0x20000898   0x00000048   Zero   RW          997    .bss                stm32f4xx_hal_timebase_tim.o
    0x200008e0   0x00000040   Zero   RW         5098    .bss                queue.o
    0x20000920   0x000004c4   Zero   RW         5522    .bss                tasks.o
    0x20000de4   0x00000118   Zero   RW         5853    .bss                timers.o
    0x20000efc   0x000006b8   Zero   RW         6078    .bss                cmsis_os2.o
    0x200015b4   0x00003c00   Zero   RW         6524    .bss                heap_4.o
    0x200051b4   0x00000004   PAD
    0x200051b8   0x00000400   Zero   RW            1    STACK               startup_stm32f405xx.o


    Execution Region RW_IRAM2 (Base: 0x2001c000, Size: 0x00000000, Max: 0x00004000, ABSOLUTE)

    **** No section assigned to this execution region ****


==============================================================================

Image component sizes


      Code (inc. data)   RO Data    RW Data    ZI Data      Debug   Object Name

       324         22          0          4       1720      65419   cmsis_os2.o
       204          4          0          0          0        974   dma.o
         0          0          0          0          0      19540   event_groups.o
        44         14         48          4          0       1869   freertos.o
       344         22          0          0          0       1195   gpio.o
       472         24          0         32      15360       4963   heap_4.o
       200         26          0          0         84       1849   i2c.o
       138          0          0          0          0       3642   list.o
       284         32          0          0          0     694640   main.o
       786         82          0         12          0      11693   port.o
       192          4          0          0          0       1999   pwm_command.o
       304         30          0          1          0       3048   pwm_output.o
        64         10          0          0          0       1301   pwm_timer_config.o
        32          0          0          0          0       2053   pwm_timing_marker.o
       476        174          0         12         32       9541   pwm_uart.o
      1514         20          0          0         64      17644   queue.o
         0          0          0          0        132        222   sdio.o
       388         38          0          0        176       2638   spi.o
        36          8        392          0       1024        844   startup_stm32f405xx.o
        80         14          0         12          0       8182   stm32f4xx_hal.o
       158         14          0          0          0      33114   stm32f4xx_hal_cortex.o
       940         16          8          0          0       6330   stm32f4xx_hal_dma.o
       506         46          0          0          0       2240   stm32f4xx_hal_gpio.o
      3630         56          0          0          0      24005   stm32f4xx_hal_i2c.o
        56          4          0          0          0        934   stm32f4xx_hal_msp.o
      1408         82          0          0          0       6033   stm32f4xx_hal_rcc.o
       708          8          0          0          0       6892   stm32f4xx_hal_sd.o
       458          6          0          0          0       3532   stm32f4xx_hal_spi.o
      1748        108          0          0          0      15878   stm32f4xx_hal_tim.o
       232         28          0          0          0       3385   stm32f4xx_hal_tim_ex.o
       152         20          0          0         72       1559   stm32f4xx_hal_timebase_tim.o
      1656         14          0          0          0      11676   stm32f4xx_hal_uart.o
       264        126          0          0          0      13550   stm32f4xx_it.o
       444         16          0          0          0       6303   stm32f4xx_ll_sdmmc.o
         0          0          0          0          0        392   stream_buffer.o
        16          4         24          4          0       1215   system_stm32f4xx.o
      2084        168          0         60       1220      27316   tasks.o
      1016         82          0          0        288       5247   tim.o
       972         80          0         20        280      32399   timers.o
      1376        112          0          0       1320       6388   usart.o

    ----------------------------------------------------------------------
     23760       1514        504        164      21776    1061644   Object Totals
         0          0         32          0          0          0   (incl. Generated)
        54          0          0          3          4          0   (incl. Padding)

    ----------------------------------------------------------------------

      Code (inc. data)   RO Data    RW Data    ZI Data      Debug   Library Member Name

         0          0          0          0          0          0   entry.o
         0          0          0          0          0          0   entry10a.o
         0          0          0          0          0          0   entry11a.o
         8          4          0          0          0          0   entry2.o
         4          0          0          0          0          0   entry5.o
         0          0          0          0          0          0   entry7b.o
         0          0          0          0          0          0   entry8b.o
         8          4          0          0          0          0   entry9a.o
        30          0          0          0          0          0   handlers.o
        36          8          0          0          0         68   init.o
        30          0          0          0          0         68   llshl.o
        32          0          0          0          0         68   llushr.o
        36          0          0          0          0         68   memcpya.o
        36          0          0          0          0        108   memseta.o
       928         18          0          0          0        504   printf6.o
         0          0          0          4          0          0   stdout.o
        44          0          0          0          0         80   uidiv.o
        98          0          0          0          0         92   uldiv.o

    ----------------------------------------------------------------------
      1292         34          0          4          0       1056   Library Totals
         2          0          0          0          0          0   (incl. Padding)

    ----------------------------------------------------------------------

      Code (inc. data)   RO Data    RW Data    ZI Data      Debug   Library Name

      1290         34          0          4          0       1056   mc_w.l

    ----------------------------------------------------------------------
      1292         34          0          4          0       1056   Library Totals

    ----------------------------------------------------------------------

==============================================================================


      Code (inc. data)   RO Data    RW Data    ZI Data      Debug   

     25052       1548        504        168      21776    1038984   Grand Totals
     25052       1548        504        168      21776    1038984   ELF Image Totals
     25052       1548        504        168          0          0   ROM Totals

==============================================================================

    Total RO  Size (Code + RO Data)                25556 (  24.96kB)
    Total RW  Size (RW Data + ZI Data)             21944 (  21.43kB)
    Total ROM Size (Code + RO Data + RW Data)      25724 (  25.12kB)

==============================================================================

