<html>
<body>
<pre>
<h1>µVision Build Log</h1>
<h2>Tool Versions:</h2>
IDE-Version: ¦ÌVision V5.18a
Copyright (C) 2016 ARM Ltd and ARM Germany GmbH. All rights reserved.
License Information: TMAXTREE,  , LIC=CRMW3-AEEEE-ZEEH2-9KLN6-F48U3-47SMP
 
Tool Versions:
Toolchain:       MDK-ARM Professional  Version: 5.18a
Toolchain Path:  C:\Keil_v5\ARM\ARMCC\Bin
C Compiler:      Armcc.exe V5.06 update 1 (build 61)
Assembler:       Armasm.exe V5.06 update 1 (build 61)
Linker/Locator:  ArmLink.exe V5.06 update 1 (build 61)
Library Manager: ArmAr.exe V5.06 update 1 (build 61)
Hex Converter:   FromElf.exe V5.06 update 1 (build 61)
CPU DLL:         SARMCM3.DLL V5.18a
Dialog DLL:      DCM.DLL V1.13.6.0
Target DLL:      Segger\JL2CM3.dll V2.99.19.0
Dialog DLL:      TCM.DLL V1.14.8.0
 
<h2>Project:</h2>
E:\work\EVOL CELL\code\mini_evol_uart\MDK-ARM\mini_evol.uvprojx
Project File Date:  03/18/2026

<h2>Output:</h2>
*** Using Compiler 'V5.06 update 1 (build 61)', folder: 'C:\Keil_v5\ARM\ARMCC\Bin'
Rebuild target 'mini_evol'
assembling startup_stm32f405xx.s...
compiling crc.c...
compiling cJSON.c...
compiling tmc2209.c...
compiling dev_ph_ctrl.c...
compiling dev_bldc_ctrl.c...
compiling main.c...
compiling app_control.c...
compiling dev_od_ctrl.c...
compiling usart_comm.c...
compiling modbus_rtu.c...
compiling dev_temp_ctrl.c...
compiling cjson_pool.c...
compiling freertos.c...
..\Core\Src\app\freertos.c(161): warning:  #550-D: variable "first_enter" was set but never used
      uint8_t first_enter = 1;
..\Core\Src\app\freertos.c(162): warning:  #177-D: variable "step_cnt" was declared but never referenced
      uint16_t step_cnt = 0;
..\Core\Src\app\freertos.c(163): warning:  #177-D: variable "color_cnt" was declared but never referenced
      uint16_t color_cnt = 0;
..\Core\Src\app\freertos.c: 3 warnings, 0 errors
compiling spi.c...
compiling iwdg.c...
compiling stm32f4xx_hal_msp.c...
compiling dma.c...
compiling i2c.c...
compiling sdio.c...
compiling gpio.c...
compiling usart.c...
compiling stm32f4xx_it.c...
compiling stm32f4xx_hal_timebase_tim.c...
compiling tim.c...
compiling stm32f4xx_hal_rcc.c...
compiling stm32f4xx_hal_flash_ex.c...
compiling stm32f4xx_hal_rcc_ex.c...
compiling stm32f4xx_hal_gpio.c...
compiling stm32f4xx_hal_dma_ex.c...
compiling stm32f4xx_hal_tim.c...
compiling stm32f4xx_hal_tim_ex.c...
compiling stm32f4xx_hal_flash.c...
compiling stm32f4xx_hal_flash_ramfunc.c...
compiling stm32f4xx_hal_dma.c...
compiling stm32f4xx_hal_pwr.c...
compiling stm32f4xx_hal_i2c_ex.c...
compiling stm32f4xx_hal_iwdg.c...
compiling stm32f4xx_hal_mmc.c...
compiling stm32f4xx_hal_exti.c...
compiling croutine.c...
compiling event_groups.c...
compiling list.c...
compiling stm32f4xx_hal_cortex.c...
compiling stm32f4xx_hal_pwr_ex.c...
compiling stm32f4xx_ll_sdmmc.c...
compiling queue.c...
compiling stream_buffer.c...
compiling timers.c...
compiling heap_4.c...
compiling tasks.c...
compiling stm32f4xx_hal.c...
compiling port.c...
compiling stm32f4xx_hal_i2c.c...
compiling stm32f4xx_hal_sd.c...
compiling stm32f4xx_hal_spi.c...
compiling system_stm32f4xx.c...
compiling stm32f4xx_hal_uart.c...
compiling cmsis_os2.c...
linking...
Program Size: Code=45936 RO-data=1668 RW-data=272 ZI-data=27744  
FromELF: creating hex file...
"mini_evol\mini_evol.axf" - 0 Error(s), 3 Warning(s).

<h2>Software Packages used:</h2>

Package Vendor: ARM
                http://www.keil.com/pack/ARM.CMSIS.4.5.0.pack
                ARM::CMSIS:CORE:4.3.0
                CMSIS (Cortex Microcontroller Software Interface Standard)
   * Component: CORE Version: 4.3.0

<h2>Collection of Component include folders:</h2>
  E:\work\EVOL CELL\code\mini_evol_uart\MDK-ARM\RTE
  C:\Keil_v5\ARM\PACK\ARM\CMSIS\4.5.0\CMSIS\Include
  C:\Keil_v5\ARM\PACK\Keil\STM32F4xx_DFP\2.10.0\Drivers\CMSIS\Device\ST\STM32F4xx\Include

<h2>Collection of Component Files used:</h2>

   * Component: ARM::CMSIS:CORE:4.3.0
Build Time Elapsed:  00:00:29
</pre>
</body>
</html>
